Archive member included to satisfy reference by file (symbol)

c:/st/stm32cubeide_1.9.0/stm32cubeide/plugins/com.st.stm32cube.ide.mcu.externaltools.gnu-tools-for-stm32.10.3-2021.10.win32_1.0.100.202210260954/tools/bin/../lib/gcc/arm-none-eabi/10.3.1/../../../../arm-none-eabi/lib/thumb/v7e-m+fp/hard\libc_nano.a(lib_a-errno.o)
                              ./Core/Src/syscalls.o (__errno)
c:/st/stm32cubeide_1.9.0/stm32cubeide/plugins/com.st.stm32cube.ide.mcu.externaltools.gnu-tools-for-stm32.10.3-2021.10.win32_1.0.100.202210260954/tools/bin/../lib/gcc/arm-none-eabi/10.3.1/../../../../arm-none-eabi/lib/thumb/v7e-m+fp/hard\libc_nano.a(lib_a-exit.o)
                              c:/st/stm32cubeide_1.9.0/stm32cubeide/plugins/com.st.stm32cube.ide.mcu.externaltools.gnu-tools-for-stm32.10.3-2021.10.win32_1.0.100.202210260954/tools/bin/../lib/gcc/arm-none-eabi/10.3.1/../../../../arm-none-eabi/lib/thumb/v7e-m+fp/hard/crt0.o (exit)
c:/st/stm32cubeide_1.9.0/stm32cubeide/plugins/com.st.stm32cube.ide.mcu.externaltools.gnu-tools-for-stm32.10.3-2021.10.win32_1.0.100.202210260954/tools/bin/../lib/gcc/arm-none-eabi/10.3.1/../../../../arm-none-eabi/lib/thumb/v7e-m+fp/hard\libc_nano.a(lib_a-impure.o)
                              c:/st/stm32cubeide_1.9.0/stm32cubeide/plugins/com.st.stm32cube.ide.mcu.externaltools.gnu-tools-for-stm32.10.3-2021.10.win32_1.0.100.202210260954/tools/bin/../lib/gcc/arm-none-eabi/10.3.1/../../../../arm-none-eabi/lib/thumb/v7e-m+fp/hard\libc_nano.a(lib_a-exit.o) (_global_impure_ptr)
c:/st/stm32cubeide_1.9.0/stm32cubeide/plugins/com.st.stm32cube.ide.mcu.externaltools.gnu-tools-for-stm32.10.3-2021.10.win32_1.0.100.202210260954/tools/bin/../lib/gcc/arm-none-eabi/10.3.1/../../../../arm-none-eabi/lib/thumb/v7e-m+fp/hard\libc_nano.a(lib_a-init.o)
                              c:/st/stm32cubeide_1.9.0/stm32cubeide/plugins/com.st.stm32cube.ide.mcu.externaltools.gnu-tools-for-stm32.10.3-2021.10.win32_1.0.100.202210260954/tools/bin/../lib/gcc/arm-none-eabi/10.3.1/../../../../arm-none-eabi/lib/thumb/v7e-m+fp/hard/crt0.o (__libc_init_array)
c:/st/stm32cubeide_1.9.0/stm32cubeide/plugins/com.st.stm32cube.ide.mcu.externaltools.gnu-tools-for-stm32.10.3-2021.10.win32_1.0.100.202210260954/tools/bin/../lib/gcc/arm-none-eabi/10.3.1/../../../../arm-none-eabi/lib/thumb/v7e-m+fp/hard\libc_nano.a(lib_a-memcmp.o)
                              ./Middlewares/ST/STM32_WPAN/ble/core/template/osal.o (memcmp)
c:/st/stm32cubeide_1.9.0/stm32cubeide/plugins/com.st.stm32cube.ide.mcu.externaltools.gnu-tools-for-stm32.10.3-2021.10.win32_1.0.100.202210260954/tools/bin/../lib/gcc/arm-none-eabi/10.3.1/../../../../arm-none-eabi/lib/thumb/v7e-m+fp/hard\libc_nano.a(lib_a-memcpy-stub.o)
                              ./Middlewares/ST/STM32_WPAN/ble/core/template/osal.o (memcpy)
c:/st/stm32cubeide_1.9.0/stm32cubeide/plugins/com.st.stm32cube.ide.mcu.externaltools.gnu-tools-for-stm32.10.3-2021.10.win32_1.0.100.202210260954/tools/bin/../lib/gcc/arm-none-eabi/10.3.1/../../../../arm-none-eabi/lib/thumb/v7e-m+fp/hard\libc_nano.a(lib_a-memset.o)
                              c:/st/stm32cubeide_1.9.0/stm32cubeide/plugins/com.st.stm32cube.ide.mcu.externaltools.gnu-tools-for-stm32.10.3-2021.10.win32_1.0.100.202210260954/tools/bin/../lib/gcc/arm-none-eabi/10.3.1/../../../../arm-none-eabi/lib/thumb/v7e-m+fp/hard/crt0.o (memset)
c:/st/stm32cubeide_1.9.0/stm32cubeide/plugins/com.st.stm32cube.ide.mcu.externaltools.gnu-tools-for-stm32.10.3-2021.10.win32_1.0.100.202210260954/tools/bin/../lib/gcc/arm-none-eabi/10.3.1/../../../../arm-none-eabi/lib/thumb/v7e-m+fp/hard\libc_nano.a(lib_a-printf.o)
                              ./Middlewares/ST/STM32_WPAN/utilities/dbg_trace.o (printf)
c:/st/stm32cubeide_1.9.0/stm32cubeide/plugins/com.st.stm32cube.ide.mcu.externaltools.gnu-tools-for-stm32.10.3-2021.10.win32_1.0.100.202210260954/tools/bin/../lib/gcc/arm-none-eabi/10.3.1/../../../../arm-none-eabi/lib/thumb/v7e-m+fp/hard\libc_nano.a(lib_a-strlen.o)
                              ./STM32_WPAN/App/app_ble.o (strlen)
c:/st/stm32cubeide_1.9.0/stm32cubeide/plugins/com.st.stm32cube.ide.mcu.externaltools.gnu-tools-for-stm32.10.3-2021.10.win32_1.0.100.202210260954/tools/bin/../lib/gcc/arm-none-eabi/10.3.1/../../../../arm-none-eabi/lib/thumb/v7e-m+fp/hard\libc_nano.a(lib_a-strrchr.o)
                              ./Middlewares/ST/STM32_WPAN/utilities/dbg_trace.o (strrchr)
c:/st/stm32cubeide_1.9.0/stm32cubeide/plugins/com.st.stm32cube.ide.mcu.externaltools.gnu-tools-for-stm32.10.3-2021.10.win32_1.0.100.202210260954/tools/bin/../lib/gcc/arm-none-eabi/10.3.1/../../../../arm-none-eabi/lib/thumb/v7e-m+fp/hard\libc_nano.a(lib_a-vprintf.o)
                              ./Middlewares/ST/STM32_WPAN/utilities/dbg_trace.o (vprintf)
c:/st/stm32cubeide_1.9.0/stm32cubeide/plugins/com.st.stm32cube.ide.mcu.externaltools.gnu-tools-for-stm32.10.3-2021.10.win32_1.0.100.202210260954/tools/bin/../lib/gcc/arm-none-eabi/10.3.1/../../../../arm-none-eabi/lib/thumb/v7e-m+fp/hard\libc_nano.a(lib_a-findfp.o)
[...]
Memory Configuration

Name             Origin             Length             Attributes
FLASH            0x0000000008000000 0x0000000000080000 xr
RAM1             0x0000000020000008 0x000000000002fff8 xrw
RAM_SHARED       0x0000000020030000 0x0000000000002800 xrw
*default*        0x0000000000000000 0xffffffffffffffff

Linker script and memory map

LOAD c:/st/stm32cubeide_1.9.0/stm32cubeide/plugins/com.st.stm32cube.ide.mcu.externaltools.gnu-tools-for-stm32.10.3-2021.10.win32_1.0.100.202210260954/tools/bin/../lib/gcc/arm-none-eabi/10.3.1/thumb/v7e-m+fp/hard/crti.o
LOAD c:/st/stm32cubeide_1.9.0/stm32cubeide/plugins/com.st.stm32cube.ide.mcu.externaltools.gnu-tools-for-stm32.10.3-2021.10.win32_1.0.100.202210260954/tools/bin/../lib/gcc/arm-none-eabi/10.3.1/thumb/v7e-m+fp/hard/crtbegin.o
LOAD c:/st/stm32cubeide_1.9.0/stm32cubeide/plugins/com.st.stm32cube.ide.mcu.externaltools.gnu-tools-for-stm32.10.3-2021.10.win32_1.0.100.202210260954/tools/bin/../lib/gcc/arm-none-eabi/10.3.1/../../../../arm-none-eabi/lib/thumb/v7e-m+fp/hard/crt0.o
LOAD ./Core/Src/app_debug.o
LOAD ./Core/Src/app_entry.o
LOAD ./Core/Src/hw_timerserver.o
LOAD ./Core/Src/main.o
LOAD ./Core/Src/stm32_lpm_if.o
LOAD ./Core/Src/stm32wbxx_hal_msp.o
LOAD ./Core/Src/stm32wbxx_it.o
LOAD ./Core/Src/syscalls.o
LOAD ./Core/Src/sysmem.o
LOAD ./Core/Src/system_stm32wbxx.o
LOAD ./Core/Startup/startup_stm32wb55rgvx.o
LOAD ./Drivers/STM32WBxx_HAL_Driver/Src/stm32wbxx_hal.o
LOAD ./Drivers/STM32WBxx_HAL_Driver/Src/stm32wbxx_hal_cortex.o
LOAD ./Drivers/STM32WBxx_HAL_Driver/Src/stm32wbxx_hal_dma.o
LOAD ./Drivers/STM32WBxx_HAL_Driver/Src/stm32wbxx_hal_dma_ex.o
LOAD ./Drivers/STM32WBxx_HAL_Driver/Src/stm32wbxx_hal_exti.o
LOAD ./Drivers/STM32WBxx_HAL_Driver/Src/stm32wbxx_hal_flash.o
LOAD ./Drivers/STM32WBxx_HAL_Driver/Src/stm32wbxx_hal_flash_ex.o
LOAD ./Drivers/STM32WBxx_HAL_Driver/Src/stm32wbxx_hal_gpio.o
LOAD ./Drivers/STM32WBxx_HAL_Driver/Src/stm32wbxx_hal_hsem.o
LOAD ./Drivers/STM32WBxx_HAL_Driver/Src/stm32wbxx_hal_ipcc.o
LOAD ./Drivers/STM32WBxx_HAL_Driver/Src/stm32wbxx_hal_pwr.o
LOAD ./Drivers/STM32WBxx_HAL_Driver/Src/stm32wbxx_hal_pwr_ex.o
LOAD ./Drivers/STM32WBxx_HAL_Driver/Src/stm32wbxx_hal_rcc.o
LOAD ./Drivers/STM32WBxx_HAL_Driver/Src/stm32wbxx_hal_rcc_ex.o
LOAD ./Drivers/STM32WBxx_HAL_Driver/Src/stm32wbxx_hal_rtc.o
LOAD ./Drivers/STM32WBxx_HAL_Driver/Src/stm32wbxx_hal_rtc_ex.o
LOAD ./Drivers/STM32WBxx_HAL_Driver/Src/stm32wbxx_hal_tim.o
LOAD ./Drivers/STM32WBxx_HAL_Driver/Src/stm32wbxx_hal_tim_ex.o
LOAD ./Drivers/STM32WBxx_HAL_Driver/Src/stm32wbxx_ll_rcc.o
LOAD ./Middlewares/ST/STM32_WPAN/ble/core/auto/ble_events.o
LOAD ./Middlewares/ST/STM32_WPAN/ble/core/auto/ble_gap_aci.o
LOAD ./Middlewares/ST/STM32_WPAN/ble/core/auto/ble_gatt_aci.o
LOAD ./Middlewares/ST/STM32_WPAN/ble/core/auto/ble_hal_aci.o
LOAD ./Middlewares/ST/STM32_WPAN/ble/core/auto/ble_hci_le.o
LOAD ./Middlewares/ST/STM32_WPAN/ble/core/auto/ble_l2cap_aci.o
LOAD ./Middlewares/ST/STM32_WPAN/ble/core/template/osal.o
LOAD ./Middlewares/ST/STM32_WPAN/ble/svc/Src/svc_ctl.o
LOAD ./Middlewares/ST/STM32_WPAN/interface/patterns/ble_thread/shci/shci.o
LOAD ./Middlewares/ST/STM32_WPAN/interface/patterns/ble_thread/tl/hci_tl.o
LOAD ./Middlewares/ST/STM32_WPAN/interface/patterns/ble_thread/tl/hci_tl_if.o
LOAD ./Middlewares/ST/STM32_WPAN/interface/patterns/ble_thread/tl/shci_tl.o
LOAD ./Middlewares/ST/STM32_WPAN/interface/patterns/ble_thread/tl/shci_tl_if.o
LOAD ./Middlewares/ST/STM32_WPAN/interface/patterns/ble_thread/tl/tl_mbox.o
LOAD ./Middlewares/ST/STM32_WPAN/utilities/dbg_trace.o
LOAD ./Middlewares/ST/STM32_WPAN/utilities/otp.o
LOAD ./Middlewares/ST/STM32_WPAN/utilities/stm_list.o
LOAD ./Middlewares/ST/STM32_WPAN/utilities/stm_queue.o
LOAD ./STM32_WPAN/App/app_ble.o
LOAD ./STM32_WPAN/App/custom_app.o
LOAD ./STM32_WPAN/App/custom_stm.o
LOAD ./STM32_WPAN/Target/hw_ipcc.o
LOAD ./Utilities/lpm/tiny_lpm/stm32_lpm.o
LOAD ./Utilities/sequencer/stm32_seq.o
START GROUP
LOAD c:/st/stm32cubeide_1.9.0/stm32cubeide/plugins/com.st.stm32cube.ide.mcu.externaltools.gnu-tools-for-stm32.10.3-2021.10.win32_1.0.100.202210260954/tools/bin/../lib/gcc/arm-none-eabi/10.3.1/../../../../arm-none-eabi/lib/thumb/v7e-m+fp/hard\libc_nano.a
LOAD c:/st/stm32cubeide_1.9.0/stm32cubeide/plugins/com.st.stm32cube.ide.mcu.externaltools.gnu-tools-for-stm32.10.3-2021.10.win32_1.0.100.202210260954/tools/bin/../lib/gcc/arm-none-eabi/10.3.1/../../../../arm-none-eabi/lib/thumb/v7e-m+fp/hard\libm.a
END GROUP
START GROUP
LOAD c:/st/stm32cubeide_1.9.0/stm32cubeide/plugins/com.st.stm32cube.ide.mcu.externaltools.gnu-tools-for-stm32.10.3-2021.10.win32_1.0.100.202210260954/tools/bin/../lib/gcc/arm-none-eabi/10.3.1/thumb/v7e-m+fp/hard\libgcc.a
LOAD c:/st/stm32cubeide_1.9.0/stm32cubeide/plugins/com.st.stm32cube.ide.mcu.externaltools.gnu-tools-for-stm32.10.3-2021.10.win32_1.0.100.202210260954/tools/bin/../lib/gcc/arm-none-eabi/10.3.1/../../../../arm-none-eabi/lib/thumb/v7e-m+fp/hard\libc_nano.a
END GROUP
START GROUP
LOAD c:/st/stm32cubeide_1.9.0/stm32cubeide/plugins/com.st.stm32cube.ide.mcu.externaltools.gnu-tools-for-stm32.10.3-2021.10.win32_1.0.100.202210260954/tools/bin/../lib/gcc/arm-none-eabi/10.3.1/thumb/v7e-m+fp/hard\libgcc.a
LOAD c:/st/stm32cubeide_1.9.0/stm32cubeide/plugins/com.st.stm32cube.ide.mcu.externaltools.gnu-tools-for-stm32.10.3-2021.10.win32_1.0.100.202210260954/tools/bin/../lib/gcc/arm-none-eabi/10.3.1/../../../../arm-none-eabi/lib/thumb/v7e-m+fp/hard\libc_nano.a
LOAD c:/st/stm32cubeide_1.9.0/stm32cubeide/plugins/com.st.stm32cube.ide.mcu.externaltools.gnu-tools-for-stm32.10.3-2021.10.win32_1.0.100.202210260954/tools/bin/../lib/gcc/arm-none-eabi/10.3.1/../../../../arm-none-eabi/lib/thumb/v7e-m+fp/hard\libnosys.a
END GROUP
START GROUP
LOAD c:/st/stm32cubeide_1.9.0/stm32cubeide/plugins/com.st.stm32cube.ide.mcu.externaltools.gnu-tools-for-stm32.10.3-2021.10.win32_1.0.100.202210260954/tools/bin/../lib/gcc/arm-none-eabi/10.3.1/thumb/v7e-m+fp/hard\libgcc.a
LOAD c:/st/stm32cubeide_1.9.0/stm32cubeide/plugins/com.st.stm32cube.ide.mcu.externaltools.gnu-tools-for-stm32.10.3-2021.10.win32_1.0.100.202210260954/tools/bin/../lib/gcc/arm-none-eabi/10.3.1/../../../../arm-none-eabi/lib/thumb/v7e-m+fp/hard\libc_nano.a
LOAD c:/st/stm32cubeide_1.9.0/stm32cubeide/plugins/com.st.stm32cube.ide.mcu.externaltools.gnu-tools-for-stm32.10.3-2021.10.win32_1.0.100.202210260954/tools/bin/../lib/gcc/arm-none-eabi/10.3.1/../../../../arm-none-eabi/lib/thumb/v7e-m+fp/hard\libnosys.a
END GROUP
LOAD c:/st/stm32cubeide_1.9.0/stm32cubeide/plugins/com.st.stm32cube.ide.mcu.externaltools.gnu-tools-for-stm32.10.3-2021.10.win32_1.0.100.202210260954/tools/bin/../lib/gcc/arm-none-eabi/10.3.1/thumb/v7e-m+fp/hard/crtend.o
LOAD c:/st/stm32cubeide_1.9.0/stm32cubeide/plugins/com.st.stm32cube.ide.mcu.externaltools.gnu-tools-for-stm32.10.3-2021.10.win32_1.0.100.202210260954/tools/bin/../lib/gcc/arm-none-eabi/10.3.1/thumb/v7e-m+fp/hard/crtn.o
                0x0000000020030000                _estack = (ORIGIN (RAM1) + LENGTH (RAM1))
                0x0000000000000200                _Min_Heap_Size = 0x200
                0x0000000000000400                _Min_Stack_Size = 0x400

.isr_vector     0x0000000008000000      0x13c
                0x0000000008000000                . = ALIGN (0x4)
 *(.isr_vector)
 .isr_vector    0x0000000008000000      0x13c ./Core/Startup/startup_stm32wb55rgvx.o
                0x0000000008000000                g_pfnVectors
                0x000000000800013c                . = ALIGN (0x4)

.text           0x000000000800013c     0x73e4
                0x000000000800013c                . = ALIGN (0x4)
 *(.text)
 .text          0x000000000800013c       0x40 c:/st/stm32cubeide_1.9.0/stm32cubeide/plugins/com.st.stm32cube.ide.mcu.externaltools.gnu-tools-for-stm32.10.3-2021.10.win32_1.0.100.202210260954/tools/bin/../lib/gcc/arm-none-eabi/10.3.1/thumb/v7e-m+fp/hard/crtbegin.o
 .text          0x000000000800017c       0x10 c:/st/stm32cubeide_1.9.0/stm32cubeide/plugins/com.st.stm32cube.ide.mcu.externaltools.gnu-tools-for-stm32.10.3-2021.10.win32_1.0.100.202210260954/tools/bin/../lib/gcc/arm-none-eabi/10.3.1/../../../../arm-none-eabi/lib/thumb/v7e-m+fp/hard\libc_nano.a(lib_a-strlen.o)
                0x000000000800017c                strlen
 *(.text*)
 .text.APPD_EnableCPU2
                0x000000000800018c       0x38 ./Core/Src/app_debug.o
                0x000000000800018c                APPD_EnableCPU2
 .text.LL_C2_PWR_SetPowerMode
                0x00000000080001c4       0x2c ./Core/Src/app_entry.o
 .text.LL_EXTI_EnableIT_32_63
                0x00000000080001f0       0x28 ./Core/Src/app_entry.o
 .text.LL_RCC_HSE_SetCapacitorTuning
                0x0000000008000218       0x3c ./Core/Src/app_entry.o
 .text.LL_RCC_SetClkAfterWakeFromStop
                0x0000000008000254       0x28 ./Core/Src/app_entry.o
 .text.LL_RCC_ForceBackupDomainReset
                0x000000000800027c       0x22 ./Core/Src/app_entry.o
 .text.LL_RCC_ReleaseBackupDomainReset
                0x000000000800029e       0x22 ./Core/Src/app_entry.o
 .text.LL_RCC_IsActiveFlag_PINRST
                0x00000000080002c0       0x26 ./Core/Src/app_entry.o
 .text.LL_RCC_IsActiveFlag_SFTRST
                0x00000000080002e6       0x26 ./Core/Src/app_entry.o
 .text.LL_AHB3_GRP1_EnableClock
                0x000000000800030c       0x32 ./Core/Src/app_entry.o
 *fill*         0x000000000800033e        0x2 
 .text.LL_DBGMCU_GetDeviceID
                0x0000000008000340       0x1c ./Core/Src/app_entry.o
 .text.LL_DBGMCU_GetRevisionID
                0x000000000800035c       0x1c ./Core/Src/app_entry.o
 .text.LL_C1_IPCC_DisableTransmitChannel
                0x0000000008000378       0x24 ./Core/Src/app_entry.o
 .text.LL_C1_IPCC_DisableReceiveChannel
                0x000000000800039c       0x22 ./Core/Src/app_entry.o
 .text.LL_C2_IPCC_DisableTransmitChannel
                0x00000000080003be       0x24 ./Core/Src/app_entry.o
 .text.LL_C2_IPCC_DisableReceiveChannel
                0x00000000080003e2       0x22 ./Core/Src/app_entry.o
 .text.LL_C1_IPCC_ClearFlag_CHx
                0x0000000008000404       0x1c ./Core/Src/app_entry.o
 .text.LL_C2_IPCC_ClearFlag_CHx
                0x0000000008000420       0x1c ./Core/Src/app_entry.o
 .text.LL_RTC_EnableWriteProtection
                0x000000000800043c       0x1a ./Core/Src/app_entry.o
 .text.LL_RTC_DisableWriteProtection
                0x0000000008000456       0x20 ./Core/Src/app_entry.o
 .text.LL_RTC_WAKEUP_SetClock
                0x0000000008000476       0x26 ./Core/Src/app_entry.o
 .text.MX_APPE_Config
                0x000000000800049c       0x1c ./Core/Src/app_entry.o
                0x000000000800049c                MX_APPE_Config
 .text.MX_APPE_Init
                0x00000000080004b8       0x20 ./Core/Src/app_entry.o
                0x00000000080004b8                MX_APPE_Init
 .text.Init_Smps
                0x00000000080004d8        0xe ./Core/Src/app_entry.o
                0x00000000080004d8                Init_Smps
 .text.Init_Exti
                0x00000000080004e6        0xe ./Core/Src/app_entry.o
                0x00000000080004e6                Init_Exti
 .text.Reset_Device
                0x00000000080004f4       0x10 ./Core/Src/app_entry.o
 .text.Reset_BackupDomain
                0x0000000008000504       0x2e ./Core/Src/app_entry.o
 *fill*         0x0000000008000532        0x2 
 .text.Reset_IPCC
                0x0000000008000534       0x44 ./Core/Src/app_entry.o
 .text.Config_HSE
                0x0000000008000578       0x28 ./Core/Src/app_entry.o
 .text.System_Init
                0x00000000080005a0       0x14 ./Core/Src/app_entry.o
 .text.Init_Rtc
                0x00000000080005b4       0x20 ./Core/Src/app_entry.o
 .text.SystemPower_Config
                0x00000000080005d4       0x1a ./Core/Src/app_entry.o
 *fill*         0x00000000080005ee        0x2 
 .text.appe_Tl_Init
                0x00000000080005f0       0x6c ./Core/Src/app_entry.o
 .text.APPE_SysStatusNot
                0x000000000800065c       0x16 ./Core/Src/app_entry.o
 *fill*         0x0000000008000672        0x2 
 .text.APPE_SysUserEvtRx
                0x0000000008000674       0x68 ./Core/Src/app_entry.o
 .text.APPE_SysEvtError
                0x00000000080006dc       0x22 ./Core/Src/app_entry.o
 .text.APPE_SysEvtReadyProcessing
                0x00000000080006fe       0x88 ./Core/Src/app_entry.o
 .text.MX_APPE_Process
                0x0000000008000786       0x10 ./Core/Src/app_entry.o
                0x0000000008000786                MX_APPE_Process
 .text.UTIL_SEQ_Idle
                0x0000000008000796        0xe ./Core/Src/app_entry.o
                0x0000000008000796                UTIL_SEQ_Idle
 .text.UTIL_SEQ_EvtIdle
                0x00000000080007a4       0x1a ./Core/Src/app_entry.o
                0x00000000080007a4                UTIL_SEQ_EvtIdle
 .text.shci_notify_asynch_evt
                0x00000000080007be       0x18 ./Core/Src/app_entry.o
                0x00000000080007be                shci_notify_asynch_evt
 .text.shci_cmd_resp_release
                0x00000000080007d6       0x16 ./Core/Src/app_entry.o
                0x00000000080007d6                shci_cmd_resp_release
 .text.shci_cmd_resp_wait
                0x00000000080007ec       0x16 ./Core/Src/app_entry.o
                0x00000000080007ec                shci_cmd_resp_wait
 *fill*         0x0000000008000802        0x2 
 .text.LL_EXTI_EnableIT_0_31
                0x0000000008000804       0x28 ./Core/Src/hw_timerserver.o
 .text.LL_EXTI_EnableRisingTrig_0_31
                0x000000000800082c       0x24 ./Core/Src/hw_timerserver.o
 .text.ReadRtcSsrValue
                0x0000000008000850       0x40 ./Core/Src/hw_timerserver.o
 .text.LinkTimerAfter
                0x0000000008000890       0x8c ./Core/Src/hw_timerserver.o
 .text.LinkTimerBefore
                0x000000000800091c       0xc0 ./Core/Src/hw_timerserver.o
 .text.linkTimer
                0x00000000080009dc      0x154 ./Core/Src/hw_timerserver.o
 .text.UnlinkTimer
                0x0000000008000b30      0x108 ./Core/Src/hw_timerserver.o
 .text.ReturnTimeElapsed
                0x0000000008000c38       0x80 ./Core/Src/hw_timerserver.o
 .text.RestartWakeupCounter
                0x0000000008000cb8       0xb0 ./Core/Src/hw_timerserver.o
 .text.RescheduleTimerList
                0x0000000008000d68      0x134 ./Core/Src/hw_timerserver.o
 .text.HW_TS_RTC_Wakeup_Handler
                0x0000000008000e9c      0x190 ./Core/Src/hw_timerserver.o
                0x0000000008000e9c                HW_TS_RTC_Wakeup_Handler
 .text.HW_TS_Init
                0x000000000800102c      0x1b4 ./Core/Src/hw_timerserver.o
                0x000000000800102c                HW_TS_Init
 .text.HW_TS_Stop
                0x00000000080011e0      0x108 ./Core/Src/hw_timerserver.o
                0x00000000080011e0                HW_TS_Stop
 .text.HW_TS_Start
                0x00000000080012e8      0x10c ./Core/Src/hw_timerserver.o
                0x00000000080012e8                HW_TS_Start
 .text.HW_TS_RTC_Int_AppNot
                0x00000000080013f4       0x1a ./Core/Src/hw_timerserver.o
                0x00000000080013f4                HW_TS_RTC_Int_AppNot
 .text.LL_RCC_LSE_SetDriveCapability
                0x000000000800140e       0x2c ./Core/Src/main.o
 .text.LL_AHB2_GRP1_EnableClock
                0x000000000800143a       0x32 ./Core/Src/main.o
 .text.main     0x000000000800146c       0x2e ./Core/Src/main.o
                0x000000000800146c                main
 *fill*         0x000000000800149a        0x2 
 .text.SystemClock_Config
                0x000000000800149c       0xc4 ./Core/Src/main.o
                0x000000000800149c                SystemClock_Config
 .text.PeriphCommonClock_Config
                0x0000000008001560       0x40 ./Core/Src/main.o
                0x0000000008001560                PeriphCommonClock_Config
 .text.MX_IPCC_Init
                0x00000000080015a0       0x28 ./Core/Src/main.o
 .text.MX_RF_Init
                0x00000000080015c8        0xe ./Core/Src/main.o
 *fill*         0x00000000080015d6        0x2 
 .text.MX_RTC_Init
                0x00000000080015d8       0x68 ./Core/Src/main.o
 .text.MX_GPIO_Init
                0x0000000008001640       0xd0 ./Core/Src/main.o
 .text.Error_Handler
                0x0000000008001710        0xa ./Core/Src/main.o
                0x0000000008001710                Error_Handler
 .text.LL_RCC_EnableRTC
                0x000000000800171a       0x22 ./Core/Src/stm32wbxx_hal_msp.o
 .text.LL_AHB3_GRP1_EnableClock
                0x000000000800173c       0x32 ./Core/Src/stm32wbxx_hal_msp.o
 .text.LL_APB1_GRP1_EnableClock
                0x000000000800176e       0x32 ./Core/Src/stm32wbxx_hal_msp.o
 .text.HAL_MspInit
                0x00000000080017a0       0x20 ./Core/Src/stm32wbxx_hal_msp.o
                0x00000000080017a0                HAL_MspInit
 .text.HAL_IPCC_MspInit
                0x00000000080017c0       0x48 ./Core/Src/stm32wbxx_hal_msp.o
                0x00000000080017c0                HAL_IPCC_MspInit
 .text.HAL_RTC_MspInit
                0x0000000008001808       0x68 ./Core/Src/stm32wbxx_hal_msp.o
                0x0000000008001808                HAL_RTC_MspInit
 .text.NMI_Handler
                0x0000000008001870        0x6 ./Core/Src/stm32wbxx_it.o
                0x0000000008001870                NMI_Handler
 .text.HardFault_Handler
                0x0000000008001876        0x6 ./Core/Src/stm32wbxx_it.o
                0x0000000008001876                HardFault_Handler
 .text.MemManage_Handler
                0x000000000800187c        0x6 ./Core/Src/stm32wbxx_it.o
                0x000000000800187c                MemManage_Handler
 .text.BusFault_Handler
                0x0000000008001882        0x6 ./Core/Src/stm32wbxx_it.o
                0x0000000008001882                BusFault_Handler
 .text.UsageFault_Handler
                0x0000000008001888        0x6 ./Core/Src/stm32wbxx_it.o
                0x0000000008001888                UsageFault_Handler
 .text.SVC_Handler
                0x000000000800188e        0xe ./Core/Src/stm32wbxx_it.o
                0x000000000800188e                SVC_Handler
 .text.DebugMon_Handler
                0x000000000800189c        0xe ./Core/Src/stm32wbxx_it.o
                0x000000000800189c                DebugMon_Handler
 .text.PendSV_Handler
                0x00000000080018aa        0xe ./Core/Src/stm32wbxx_it.o
                0x00000000080018aa                PendSV_Handler
 .text.SysTick_Handler
                0x00000000080018b8        0xc ./Core/Src/stm32wbxx_it.o
                0x00000000080018b8                SysTick_Handler
 .text.RTC_WKUP_IRQHandler
                0x00000000080018c4        0xc ./Core/Src/stm32wbxx_it.o
                0x00000000080018c4                RTC_WKUP_IRQHandler
 .text.IPCC_C1_RX_IRQHandler
                0x00000000080018d0        0xc ./Core/Src/stm32wbxx_it.o
                0x00000000080018d0                IPCC_C1_RX_IRQHandler
 .text.IPCC_C1_TX_IRQHandler
                0x00000000080018dc        0xc ./Core/Src/stm32wbxx_it.o
                0x00000000080018dc                IPCC_C1_TX_IRQHandler
 .text.HSEM_IRQHandler
                0x00000000080018e8        0xc ./Core/Src/stm32wbxx_it.o
                0x00000000080018e8                HSEM_IRQHandler
 .text.SystemInit
                0x00000000080018f4       0xa4 ./Core/Src/system_stm32wbxx.o
                0x00000000080018f4                SystemInit
 .text.data_initializers
                0x0000000008001998       0x18 ./Core/Startup/startup_stm32wb55rgvx.o
 .text.Reset_Handler
                0x00000000080019b0       0x58 ./Core/Startup/startup_stm32wb55rgvx.o
                0x00000000080019b0                Reset_Handler
 .text.Default_Handler
                0x0000000008001a08        0x2 ./Core/Startup/startup_stm32wb55rgvx.o
                0x0000000008001a08                RTC_Alarm_IRQHandler
                0x0000000008001a08                EXTI2_IRQHandler
                0x0000000008001a08                TIM1_CC_IRQHandler
                0x0000000008001a08                TSC_IRQHandler
                0x0000000008001a08                USB_HP_IRQHandler
                0x0000000008001a08                EXTI3_IRQHandler
                0x0000000008001a08                LPTIM2_IRQHandler
                0x0000000008001a08                I2C3_ER_IRQHandler
                0x0000000008001a08                EXTI0_IRQHandler
                0x0000000008001a08                FPU_IRQHandler
                0x0000000008001a08                TIM1_UP_TIM16_IRQHandler
                0x0000000008001a08                AES1_IRQHandler
                0x0000000008001a08                SPI1_IRQHandler
                0x0000000008001a08                PWR_SOTF_BLEACT_802ACT_RFPHASE_IRQHandler
                0x0000000008001a08                DMA2_Channel2_IRQHandler
                0x0000000008001a08                DMA1_Channel4_IRQHandler
                0x0000000008001a08                ADC1_IRQHandler
                0x0000000008001a08                PKA_IRQHandler
                0x0000000008001a08                DMA1_Channel7_IRQHandler
                0x0000000008001a08                LCD_IRQHandler
                0x0000000008001a08                DMA2_Channel1_IRQHandler
                0x0000000008001a08                QUADSPI_IRQHandler
                0x0000000008001a08                I2C1_EV_IRQHandler
                0x0000000008001a08                DMAMUX1_OVR_IRQHandler
                0x0000000008001a08                DMA1_Channel6_IRQHandler
                0x0000000008001a08                DMA2_Channel4_IRQHandler
                0x0000000008001a08                RCC_IRQHandler
                0x0000000008001a08                DMA1_Channel1_IRQHandler
                0x0000000008001a08                Default_Handler
                0x0000000008001a08                DMA2_Channel7_IRQHandler
                0x0000000008001a08                EXTI15_10_IRQHandler
                0x0000000008001a08                C2SEV_PWR_C2H_IRQHandler
                0x0000000008001a08                AES2_IRQHandler
                0x0000000008001a08                I2C3_EV_IRQHandler
                0x0000000008001a08                EXTI9_5_IRQHandler
                0x0000000008001a08                PVD_PVM_IRQHandler
                0x0000000008001a08                SPI2_IRQHandler
                0x0000000008001a08                DMA2_Channel5_IRQHandler
                0x0000000008001a08                CRS_IRQHandler
                0x0000000008001a08                DMA1_Channel5_IRQHandler
                0x0000000008001a08                USB_LP_IRQHandler
                0x0000000008001a08                EXTI4_IRQHandler
                0x0000000008001a08                RNG_IRQHandler
                0x0000000008001a08                TIM1_TRG_COM_TIM17_IRQHandler
                0x0000000008001a08                TAMP_STAMP_LSECSS_IRQHandler
                0x0000000008001a08                DMA1_Channel3_IRQHandler
                0x0000000008001a08                COMP_IRQHandler
                0x0000000008001a08                WWDG_IRQHandler
                0x0000000008001a08                LPUART1_IRQHandler
                0x0000000008001a08                DMA2_Channel6_IRQHandler
                0x0000000008001a08                TIM2_IRQHandler
                0x0000000008001a08                TIM1_BRK_IRQHandler
                0x0000000008001a08                EXTI1_IRQHandler
                0x0000000008001a08                DMA1_Channel2_IRQHandler
                0x0000000008001a08                FLASH_IRQHandler
                0x0000000008001a08                USART1_IRQHandler
                0x0000000008001a08                I2C1_ER_IRQHandler
                0x0000000008001a08                LPTIM1_IRQHandler
                0x0000000008001a08                SAI1_IRQHandler
                0x0000000008001a08                DMA2_Channel3_IRQHandler
 *fill*         0x0000000008001a0a        0x2 
 .text.HAL_Init
                0x0000000008001a0c       0x40 ./Drivers/STM32WBxx_HAL_Driver/Src/stm32wbxx_hal.o
                0x0000000008001a0c                HAL_Init
 .text.HAL_InitTick
                0x0000000008001a4c       0x74 ./Drivers/STM32WBxx_HAL_Driver/Src/stm32wbxx_hal.o
                0x0000000008001a4c                HAL_InitTick
 .text.HAL_IncTick
                0x0000000008001ac0       0x28 ./Drivers/STM32WBxx_HAL_Driver/Src/stm32wbxx_hal.o
                0x0000000008001ac0                HAL_IncTick
 .text.HAL_GetTick
                0x0000000008001ae8       0x18 ./Drivers/STM32WBxx_HAL_Driver/Src/stm32wbxx_hal.o
                0x0000000008001ae8                HAL_GetTick
 .text.HAL_GetTickPrio
                0x0000000008001b00       0x18 ./Drivers/STM32WBxx_HAL_Driver/Src/stm32wbxx_hal.o
                0x0000000008001b00                HAL_GetTickPrio
 .text.__NVIC_SetPriorityGrouping
                0x0000000008001b18       0x48 ./Drivers/STM32WBxx_HAL_Driver/Src/stm32wbxx_hal_cortex.o
 .text.__NVIC_GetPriorityGrouping
                0x0000000008001b60       0x1c ./Drivers/STM32WBxx_HAL_Driver/Src/stm32wbxx_hal_cortex.o
 .text.__NVIC_EnableIRQ
                0x0000000008001b7c       0x3c ./Drivers/STM32WBxx_HAL_Driver/Src/stm32wbxx_hal_cortex.o
 .text.__NVIC_DisableIRQ
                0x0000000008001bb8       0x48 ./Drivers/STM32WBxx_HAL_Driver/Src/stm32wbxx_hal_cortex.o
 .text.__NVIC_SetPendingIRQ
                0x0000000008001c00       0x3c ./Drivers/STM32WBxx_HAL_Driver/Src/stm32wbxx_hal_cortex.o
 .text.__NVIC_ClearPendingIRQ
                0x0000000008001c3c       0x3c ./Drivers/STM32WBxx_HAL_Driver/Src/stm32wbxx_hal_cortex.o
 .text.__NVIC_SetPriority
                0x0000000008001c78       0x54 ./Drivers/STM32WBxx_HAL_Driver/Src/stm32wbxx_hal_cortex.o
 .text.NVIC_EncodePriority
                0x0000000008001ccc       0x66 ./Drivers/STM32WBxx_HAL_Driver/Src/stm32wbxx_hal_cortex.o
 *fill*         0x0000000008001d32        0x2 
 .text.SysTick_Config
                0x0000000008001d34       0x44 ./Drivers/STM32WBxx_HAL_Driver/Src/stm32wbxx_hal_cortex.o
 .text.HAL_NVIC_SetPriorityGrouping
                0x0000000008001d78       0x16 ./Drivers/STM32WBxx_HAL_Driver/Src/stm32wbxx_hal_cortex.o
                0x0000000008001d78                HAL_NVIC_SetPriorityGrouping
 .text.HAL_NVIC_SetPriority
                0x0000000008001d8e       0x34 ./Drivers/STM32WBxx_HAL_Driver/Src/stm32wbxx_hal_cortex.o
                0x0000000008001d8e                HAL_NVIC_SetPriority
 .text.HAL_NVIC_EnableIRQ
                0x0000000008001dc2       0x1c ./Drivers/STM32WBxx_HAL_Driver/Src/stm32wbxx_hal_cortex.o
                0x0000000008001dc2                HAL_NVIC_EnableIRQ
 .text.HAL_NVIC_DisableIRQ
                0x0000000008001dde       0x1c ./Drivers/STM32WBxx_HAL_Driver/Src/stm32wbxx_hal_cortex.o
                0x0000000008001dde                HAL_NVIC_DisableIRQ
 .text.HAL_SYSTICK_Config
                0x0000000008001dfa       0x18 ./Drivers/STM32WBxx_HAL_Driver/Src/stm32wbxx_hal_cortex.o
                0x0000000008001dfa                HAL_SYSTICK_Config
 .text.HAL_NVIC_SetPendingIRQ
                0x0000000008001e12       0x1c ./Drivers/STM32WBxx_HAL_Driver/Src/stm32wbxx_hal_cortex.o
                0x0000000008001e12                HAL_NVIC_SetPendingIRQ
 .text.HAL_NVIC_ClearPendingIRQ
                0x0000000008001e2e       0x1c ./Drivers/STM32WBxx_HAL_Driver/Src/stm32wbxx_hal_cortex.o
                0x0000000008001e2e                HAL_NVIC_ClearPendingIRQ
 *fill*         0x0000000008001e4a        0x2 
 .text.HAL_GPIO_Init
                0x0000000008001e4c      0x2e0 ./Drivers/STM32WBxx_HAL_Driver/Src/stm32wbxx_hal_gpio.o
                0x0000000008001e4c                HAL_GPIO_Init
 .text.HAL_GPIO_WritePin
                0x000000000800212c       0x30 ./Drivers/STM32WBxx_HAL_Driver/Src/stm32wbxx_hal_gpio.o
                0x000000000800212c                HAL_GPIO_WritePin
 .text.HAL_GPIO_TogglePin
                0x000000000800215c       0x34 ./Drivers/STM32WBxx_HAL_Driver/Src/stm32wbxx_hal_gpio.o
                0x000000000800215c                HAL_GPIO_TogglePin
 .text.HAL_HSEM_IRQHandler
                0x0000000008002190       0x34 ./Drivers/STM32WBxx_HAL_Driver/Src/stm32wbxx_hal_hsem.o
                0x0000000008002190                HAL_HSEM_IRQHandler
 .text.HAL_HSEM_FreeCallback
                0x00000000080021c4       0x14 ./Drivers/STM32WBxx_HAL_Driver/Src/stm32wbxx_hal_hsem.o
                0x00000000080021c4                HAL_HSEM_FreeCallback
 .text.HAL_IPCC_Init
                0x00000000080021d8       0x64 ./Drivers/STM32WBxx_HAL_Driver/Src/stm32wbxx_hal_ipcc.o
                0x00000000080021d8                HAL_IPCC_Init
 .text.HAL_IPCC_RxCallback
                0x000000000800223c       0x1a ./Drivers/STM32WBxx_HAL_Driver/Src/stm32wbxx_hal_ipcc.o
                0x000000000800223c                HAL_IPCC_RxCallback
 .text.HAL_IPCC_TxCallback
                0x0000000008002256       0x1a ./Drivers/STM32WBxx_HAL_Driver/Src/stm32wbxx_hal_ipcc.o
                0x0000000008002256                HAL_IPCC_TxCallback
 .text.IPCC_SetDefaultCallbacks
                0x0000000008002270       0x4c ./Drivers/STM32WBxx_HAL_Driver/Src/stm32wbxx_hal_ipcc.o
                0x0000000008002270                IPCC_SetDefaultCallbacks
 .text.IPCC_Reset_Register
                0x00000000080022bc       0x28 ./Drivers/STM32WBxx_HAL_Driver/Src/stm32wbxx_hal_ipcc.o
                0x00000000080022bc                IPCC_Reset_Register
 .text.HAL_PWR_EnableBkUpAccess
                0x00000000080022e4       0x20 ./Drivers/STM32WBxx_HAL_Driver/Src/stm32wbxx_hal_pwr.o
                0x00000000080022e4                HAL_PWR_EnableBkUpAccess
 .text.HAL_PWREx_GetVoltageRange
                0x0000000008002304       0x1c ./Drivers/STM32WBxx_HAL_Driver/Src/stm32wbxx_hal_pwr_ex.o
                0x0000000008002304                HAL_PWREx_GetVoltageRange
 .text.LL_RCC_HSE_IsEnabledDiv2
                0x0000000008002320       0x24 ./Drivers/STM32WBxx_HAL_Driver/Src/stm32wbxx_hal_rcc.o
 .text.LL_RCC_HSE_Enable
                0x0000000008002344       0x1e ./Drivers/STM32WBxx_HAL_Driver/Src/stm32wbxx_hal_rcc.o
 .text.LL_RCC_HSE_Disable
                0x0000000008002362       0x1e ./Drivers/STM32WBxx_HAL_Driver/Src/stm32wbxx_hal_rcc.o
 .text.LL_RCC_HSE_IsReady
                0x0000000008002380       0x24 ./Drivers/STM32WBxx_HAL_Driver/Src/stm32wbxx_hal_rcc.o
 .text.LL_RCC_HSI_Enable
                0x00000000080023a4       0x1e ./Drivers/STM32WBxx_HAL_Driver/Src/stm32wbxx_hal_rcc.o
 .text.LL_RCC_HSI_Disable
                0x00000000080023c2       0x1e ./Drivers/STM32WBxx_HAL_Driver/Src/stm32wbxx_hal_rcc.o
 .text.LL_RCC_HSI_IsReady
                0x00000000080023e0       0x24 ./Drivers/STM32WBxx_HAL_Driver/Src/stm32wbxx_hal_rcc.o
 .text.LL_RCC_HSI_SetCalibTrimming
                0x0000000008002404       0x2a ./Drivers/STM32WBxx_HAL_Driver/Src/stm32wbxx_hal_rcc.o
 .text.LL_RCC_HSI48_Enable
                0x000000000800242e       0x22 ./Drivers/STM32WBxx_HAL_Driver/Src/stm32wbxx_hal_rcc.o
 .text.LL_RCC_HSI48_Disable
                0x0000000008002450       0x22 ./Drivers/STM32WBxx_HAL_Driver/Src/stm32wbxx_hal_rcc.o
 .text.LL_RCC_HSI48_IsReady
                0x0000000008002472       0x24 ./Drivers/STM32WBxx_HAL_Driver/Src/stm32wbxx_hal_rcc.o
 .text.LL_RCC_LSE_Enable
                0x0000000008002496       0x22 ./Drivers/STM32WBxx_HAL_Driver/Src/stm32wbxx_hal_rcc.o
 .text.LL_RCC_LSE_Disable
                0x00000000080024b8       0x22 ./Drivers/STM32WBxx_HAL_Driver/Src/stm32wbxx_hal_rcc.o
 .text.LL_RCC_LSE_EnableBypass
                0x00000000080024da       0x22 ./Drivers/STM32WBxx_HAL_Driver/Src/stm32wbxx_hal_rcc.o
 .text.LL_RCC_LSE_DisableBypass
                0x00000000080024fc       0x22 ./Drivers/STM32WBxx_HAL_Driver/Src/stm32wbxx_hal_rcc.o
 .text.LL_RCC_LSE_IsReady
                0x000000000800251e       0x24 ./Drivers/STM32WBxx_HAL_Driver/Src/stm32wbxx_hal_rcc.o
 .text.LL_RCC_LSI1_Enable
                0x0000000008002542       0x22 ./Drivers/STM32WBxx_HAL_Driver/Src/stm32wbxx_hal_rcc.o
 .text.LL_RCC_LSI1_Disable
                0x0000000008002564       0x22 ./Drivers/STM32WBxx_HAL_Driver/Src/stm32wbxx_hal_rcc.o
 .text.LL_RCC_LSI1_IsReady
                0x0000000008002586       0x24 ./Drivers/STM32WBxx_HAL_Driver/Src/stm32wbxx_hal_rcc.o
 .text.LL_RCC_LSI2_Enable
                0x00000000080025aa       0x22 ./Drivers/STM32WBxx_HAL_Driver/Src/stm32wbxx_hal_rcc.o
 .text.LL_RCC_LSI2_Disable
                0x00000000080025cc       0x22 ./Drivers/STM32WBxx_HAL_Driver/Src/stm32wbxx_hal_rcc.o
 .text.LL_RCC_LSI2_IsReady
                0x00000000080025ee       0x24 ./Drivers/STM32WBxx_HAL_Driver/Src/stm32wbxx_hal_rcc.o
 .text.LL_RCC_LSI2_SetTrimming
                0x0000000008002612       0x2e ./Drivers/STM32WBxx_HAL_Driver/Src/stm32wbxx_hal_rcc.o
 .text.LL_RCC_MSI_Enable
                0x0000000008002640       0x1e ./Drivers/STM32WBxx_HAL_Driver/Src/stm32wbxx_hal_rcc.o
 .text.LL_RCC_MSI_Disable
                0x000000000800265e       0x1e ./Drivers/STM32WBxx_HAL_Driver/Src/stm32wbxx_hal_rcc.o
 .text.LL_RCC_MSI_IsReady
                0x000000000800267c       0x22 ./Drivers/STM32WBxx_HAL_Driver/Src/stm32wbxx_hal_rcc.o
 .text.LL_RCC_MSI_SetRange
                0x000000000800269e       0x28 ./Drivers/STM32WBxx_HAL_Driver/Src/stm32wbxx_hal_rcc.o
 .text.LL_RCC_MSI_GetRange
                0x00000000080026c6       0x2a ./Drivers/STM32WBxx_HAL_Driver/Src/stm32wbxx_hal_rcc.o
 .text.LL_RCC_MSI_SetCalibTrimming
                0x00000000080026f0       0x2a ./Drivers/STM32WBxx_HAL_Driver/Src/stm32wbxx_hal_rcc.o
 .text.LL_RCC_SetSysClkSource
                0x000000000800271a       0x28 ./Drivers/STM32WBxx_HAL_Driver/Src/stm32wbxx_hal_rcc.o
 .text.LL_RCC_GetSysClkSource
                0x0000000008002742       0x18 ./Drivers/STM32WBxx_HAL_Driver/Src/stm32wbxx_hal_rcc.o
 .text.LL_RCC_SetAHBPrescaler
                0x000000000800275a       0x28 ./Drivers/STM32WBxx_HAL_Driver/Src/stm32wbxx_hal_rcc.o
 .text.LL_C2_RCC_SetAHBPrescaler
                0x0000000008002782       0x2c ./Drivers/STM32WBxx_HAL_Driver/Src/stm32wbxx_hal_rcc.o
 .text.LL_RCC_SetAHB4Prescaler
                0x00000000080027ae       0x2e ./Drivers/STM32WBxx_HAL_Driver/Src/stm32wbxx_hal_rcc.o
 .text.LL_RCC_SetAPB1Prescaler
                0x00000000080027dc       0x28 ./Drivers/STM32WBxx_HAL_Driver/Src/stm32wbxx_hal_rcc.o
 .text.LL_RCC_SetAPB2Prescaler
                0x0000000008002804       0x28 ./Drivers/STM32WBxx_HAL_Driver/Src/stm32wbxx_hal_rcc.o
 .text.LL_RCC_GetAHBPrescaler
                0x000000000800282c       0x18 ./Drivers/STM32WBxx_HAL_Driver/Src/stm32wbxx_hal_rcc.o
 .text.LL_RCC_GetAHB4Prescaler
                0x0000000008002844       0x1c ./Drivers/STM32WBxx_HAL_Driver/Src/stm32wbxx_hal_rcc.o
 .text.LL_RCC_PLL_Enable
                0x0000000008002860       0x1e ./Drivers/STM32WBxx_HAL_Driver/Src/stm32wbxx_hal_rcc.o
 .text.LL_RCC_PLL_Disable
                0x000000000800287e       0x1e ./Drivers/STM32WBxx_HAL_Driver/Src/stm32wbxx_hal_rcc.o
 .text.LL_RCC_PLL_IsReady
                0x000000000800289c       0x24 ./Drivers/STM32WBxx_HAL_Driver/Src/stm32wbxx_hal_rcc.o
 .text.LL_RCC_PLL_GetN
                0x00000000080028c0       0x1a ./Drivers/STM32WBxx_HAL_Driver/Src/stm32wbxx_hal_rcc.o
 .text.LL_RCC_PLL_GetR
                0x00000000080028da       0x18 ./Drivers/STM32WBxx_HAL_Driver/Src/stm32wbxx_hal_rcc.o
 .text.LL_RCC_PLL_GetDivider
                0x00000000080028f2       0x18 ./Drivers/STM32WBxx_HAL_Driver/Src/stm32wbxx_hal_rcc.o
 .text.LL_RCC_PLL_GetMainSource
                0x000000000800290a       0x18 ./Drivers/STM32WBxx_HAL_Driver/Src/stm32wbxx_hal_rcc.o
 .text.LL_RCC_IsActiveFlag_HPRE
                0x0000000008002922       0x24 ./Drivers/STM32WBxx_HAL_Driver/Src/stm32wbxx_hal_rcc.o
 .text.LL_RCC_IsActiveFlag_C2HPRE
                0x0000000008002946       0x26 ./Drivers/STM32WBxx_HAL_Driver/Src/stm32wbxx_hal_rcc.o
 .text.LL_RCC_IsActiveFlag_SHDHPRE
                0x000000000800296c       0x26 ./Drivers/STM32WBxx_HAL_Driver/Src/stm32wbxx_hal_rcc.o
 .text.LL_RCC_IsActiveFlag_PPRE1
                0x0000000008002992       0x24 ./Drivers/STM32WBxx_HAL_Driver/Src/stm32wbxx_hal_rcc.o
 .text.LL_RCC_IsActiveFlag_PPRE2
                0x00000000080029b6       0x24 ./Drivers/STM32WBxx_HAL_Driver/Src/stm32wbxx_hal_rcc.o
 *fill*         0x00000000080029da        0x2 
 .text.HAL_RCC_OscConfig
                0x00000000080029dc      0x6e8 ./Drivers/STM32WBxx_HAL_Driver/Src/stm32wbxx_hal_rcc.o
                0x00000000080029dc                HAL_RCC_OscConfig
 .text.HAL_RCC_ClockConfig
                0x00000000080030c4      0x280 ./Drivers/STM32WBxx_HAL_Driver/Src/stm32wbxx_hal_rcc.o
                0x00000000080030c4                HAL_RCC_ClockConfig
 .text.HAL_RCC_GetSysClockFreq
                0x0000000008003344       0xd8 ./Drivers/STM32WBxx_HAL_Driver/Src/stm32wbxx_hal_rcc.o
                0x0000000008003344                HAL_RCC_GetSysClockFreq
 .text.HAL_RCC_GetHCLKFreq
                0x000000000800341c       0x28 ./Drivers/STM32WBxx_HAL_Driver/Src/stm32wbxx_hal_rcc.o
                0x000000000800341c                HAL_RCC_GetHCLKFreq
 .text.RCC_SetFlashLatencyFromMSIRange
                0x0000000008003444       0x70 ./Drivers/STM32WBxx_HAL_Driver/Src/stm32wbxx_hal_rcc.o
 .text.RCC_SetFlashLatency
                0x00000000080034b4       0xf8 ./Drivers/STM32WBxx_HAL_Driver/Src/stm32wbxx_hal_rcc.o
 .text.LL_RCC_LSE_IsEnabled
                0x00000000080035ac       0x24 ./Drivers/STM32WBxx_HAL_Driver/Src/stm32wbxx_hal_rcc_ex.o
 .text.LL_RCC_LSE_IsReady
                0x00000000080035d0       0x24 ./Drivers/STM32WBxx_HAL_Driver/Src/stm32wbxx_hal_rcc_ex.o
 .text.LL_RCC_SetRFWKPClockSource
                0x00000000080035f4       0x2c ./Drivers/STM32WBxx_HAL_Driver/Src/stm32wbxx_hal_rcc_ex.o
 .text.LL_RCC_SetSMPSClockSource
                0x0000000008003620       0x28 ./Drivers/STM32WBxx_HAL_Driver/Src/stm32wbxx_hal_rcc_ex.o
 .text.LL_RCC_SetSMPSPrescaler
                0x0000000008003648       0x28 ./Drivers/STM32WBxx_HAL_Driver/Src/stm32wbxx_hal_rcc_ex.o
 .text.LL_RCC_SetUSARTClockSource
                0x0000000008003670       0x2c ./Drivers/STM32WBxx_HAL_Driver/Src/stm32wbxx_hal_rcc_ex.o
 .text.LL_RCC_SetLPUARTClockSource
                0x000000000800369c       0x2c ./Drivers/STM32WBxx_HAL_Driver/Src/stm32wbxx_hal_rcc_ex.o
 .text.LL_RCC_SetI2CClockSource
                0x00000000080036c8       0x3a ./Drivers/STM32WBxx_HAL_Driver/Src/stm32wbxx_hal_rcc_ex.o
 .text.LL_RCC_SetLPTIMClockSource
                0x0000000008003702       0x34 ./Drivers/STM32WBxx_HAL_Driver/Src/stm32wbxx_hal_rcc_ex.o
 .text.LL_RCC_SetSAIClockSource
                0x0000000008003736       0x2c ./Drivers/STM32WBxx_HAL_Driver/Src/stm32wbxx_hal_rcc_ex.o
 .text.LL_RCC_SetRNGClockSource
                0x0000000008003762       0x2c ./Drivers/STM32WBxx_HAL_Driver/Src/stm32wbxx_hal_rcc_ex.o
 .text.LL_RCC_SetCLK48ClockSource
                0x000000000800378e       0x2c ./Drivers/STM32WBxx_HAL_Driver/Src/stm32wbxx_hal_rcc_ex.o
 .text.LL_RCC_SetUSBClockSource
                0x00000000080037ba       0x16 ./Drivers/STM32WBxx_HAL_Driver/Src/stm32wbxx_hal_rcc_ex.o
 .text.LL_RCC_SetADCClockSource
                0x00000000080037d0       0x2c ./Drivers/STM32WBxx_HAL_Driver/Src/stm32wbxx_hal_rcc_ex.o
 .text.LL_RCC_SetRTCClockSource
                0x00000000080037fc       0x2c ./Drivers/STM32WBxx_HAL_Driver/Src/stm32wbxx_hal_rcc_ex.o
 .text.LL_RCC_GetRTCClockSource
                0x0000000008003828       0x1a ./Drivers/STM32WBxx_HAL_Driver/Src/stm32wbxx_hal_rcc_ex.o
 .text.LL_RCC_ForceBackupDomainReset
                0x0000000008003842       0x22 ./Drivers/STM32WBxx_HAL_Driver/Src/stm32wbxx_hal_rcc_ex.o
 .text.LL_RCC_ReleaseBackupDomainReset
                0x0000000008003864       0x22 ./Drivers/STM32WBxx_HAL_Driver/Src/stm32wbxx_hal_rcc_ex.o
 .text.LL_RCC_PLLSAI1_Enable
                0x0000000008003886       0x1e ./Drivers/STM32WBxx_HAL_Driver/Src/stm32wbxx_hal_rcc_ex.o
 .text.LL_RCC_PLLSAI1_Disable
                0x00000000080038a4       0x1e ./Drivers/STM32WBxx_HAL_Driver/Src/stm32wbxx_hal_rcc_ex.o
 .text.LL_RCC_PLLSAI1_IsReady
                0x00000000080038c2       0x24 ./Drivers/STM32WBxx_HAL_Driver/Src/stm32wbxx_hal_rcc_ex.o
 .text.HAL_RCCEx_PeriphCLKConfig
                0x00000000080038e6      0x2ec ./Drivers/STM32WBxx_HAL_Driver/Src/stm32wbxx_hal_rcc_ex.o
                0x00000000080038e6                HAL_RCCEx_PeriphCLKConfig
 .text.RCCEx_PLLSAI1_ConfigNP
                0x0000000008003bd2       0xb6 ./Drivers/STM32WBxx_HAL_Driver/Src/stm32wbxx_hal_rcc_ex.o
 .text.RCCEx_PLLSAI1_ConfigNQ
                0x0000000008003c88       0xb6 ./Drivers/STM32WBxx_HAL_Driver/Src/stm32wbxx_hal_rcc_ex.o
 .text.RCCEx_PLLSAI1_ConfigNR
                0x0000000008003d3e       0xb6 ./Drivers/STM32WBxx_HAL_Driver/Src/stm32wbxx_hal_rcc_ex.o
 .text.HAL_RTC_Init
                0x0000000008003df4      0x160 ./Drivers/STM32WBxx_HAL_Driver/Src/stm32wbxx_hal_rtc.o
                0x0000000008003df4                HAL_RTC_Init
 .text.HAL_RTC_WaitForSynchro
                0x0000000008003f54       0x4c ./Drivers/STM32WBxx_HAL_Driver/Src/stm32wbxx_hal_rtc.o
                0x0000000008003f54                HAL_RTC_WaitForSynchro
 .text.RTC_EnterInitMode
                0x0000000008003fa0       0x54 ./Drivers/STM32WBxx_HAL_Driver/Src/stm32wbxx_hal_rtc.o
                0x0000000008003fa0                RTC_EnterInitMode
 .text.HAL_RTCEx_SetWakeUpTimer_IT
                0x0000000008003ff4      0x178 ./Drivers/STM32WBxx_HAL_Driver/Src/stm32wbxx_hal_rtc_ex.o
                0x0000000008003ff4                HAL_RTCEx_SetWakeUpTimer_IT
 .text.aci_gap_set_non_discoverable
                0x000000000800416c       0x48 ./Middlewares/ST/STM32_WPAN/ble/core/auto/ble_gap_aci.o
                0x000000000800416c                aci_gap_set_non_discoverable
 .text.aci_gap_set_discoverable
                0x00000000080041b4      0x1f4 ./Middlewares/ST/STM32_WPAN/ble/core/auto/ble_gap_aci.o
                0x00000000080041b4                aci_gap_set_discoverable
 .text.aci_gap_set_io_capability
                0x00000000080043a8       0xa8 ./Middlewares/ST/STM32_WPAN/ble/core/auto/ble_gap_aci.o
                0x00000000080043a8                aci_gap_set_io_capability
 .text.aci_gap_set_authentication_requirement
                0x0000000008004450      0x188 ./Middlewares/ST/STM32_WPAN/ble/core/auto/ble_gap_aci.o
                0x0000000008004450                aci_gap_set_authentication_requirement
 .text.aci_gap_pass_key_resp
                0x00000000080045d8       0xce ./Middlewares/ST/STM32_WPAN/ble/core/auto/ble_gap_aci.o
                0x00000000080045d8                aci_gap_pass_key_resp
 .text.aci_gap_init
                0x00000000080046a6      0x15a ./Middlewares/ST/STM32_WPAN/ble/core/auto/ble_gap_aci.o
                0x00000000080046a6                aci_gap_init
 .text.aci_gap_update_adv_data
                0x0000000008004800       0xe4 ./Middlewares/ST/STM32_WPAN/ble/core/auto/ble_gap_aci.o
                0x0000000008004800                aci_gap_update_adv_data
 .text.aci_gap_configure_whitelist
                0x00000000080048e4       0x48 ./Middlewares/ST/STM32_WPAN/ble/core/auto/ble_gap_aci.o
                0x00000000080048e4                aci_gap_configure_whitelist
 .text.aci_gap_numeric_comparison_value_confirm_yesno
                0x000000000800492c       0xce ./Middlewares/ST/STM32_WPAN/ble/core/auto/ble_gap_aci.o
                0x000000000800492c                aci_gap_numeric_comparison_value_confirm_yesno
 .text.aci_gatt_init
                0x00000000080049fa       0x4a ./Middlewares/ST/STM32_WPAN/ble/core/auto/ble_gatt_aci.o
                0x00000000080049fa                aci_gatt_init
 .text.aci_gatt_add_service
                0x0000000008004a44      0x1ac ./Middlewares/ST/STM32_WPAN/ble/core/auto/ble_gatt_aci.o
                0x0000000008004a44                aci_gatt_add_service
 .text.aci_gatt_add_char
                0x0000000008004bf0      0x210 ./Middlewares/ST/STM32_WPAN/ble/core/auto/ble_gatt_aci.o
                0x0000000008004bf0                aci_gatt_add_char
 .text.aci_gatt_update_char_value
                0x0000000008004e00      0x152 ./Middlewares/ST/STM32_WPAN/ble/core/auto/ble_gatt_aci.o
                0x0000000008004e00                aci_gatt_update_char_value
 .text.aci_hal_write_config_data
                0x0000000008004f52      0x10a ./Middlewares/ST/STM32_WPAN/ble/core/auto/ble_hal_aci.o
                0x0000000008004f52                aci_hal_write_config_data
 .text.aci_hal_set_tx_power_level
                0x000000000800505c       0xce ./Middlewares/ST/STM32_WPAN/ble/core/auto/ble_hal_aci.o
                0x000000000800505c                aci_hal_set_tx_power_level
 .text.aci_hal_set_radio_activity_mask
                0x000000000800512a       0xa8 ./Middlewares/ST/STM32_WPAN/ble/core/auto/ble_hal_aci.o
                0x000000000800512a                aci_hal_set_radio_activity_mask
 .text.hci_reset
                0x00000000080051d2       0x48 ./Middlewares/ST/STM32_WPAN/ble/core/auto/ble_hci_le.o
                0x00000000080051d2                hci_reset
 .text.hci_le_set_default_phy
                0x000000000800521a       0xfa ./Middlewares/ST/STM32_WPAN/ble/core/auto/ble_hci_le.o
                0x000000000800521a                hci_le_set_default_phy
 .text.Osal_MemCpy
                0x0000000008005314       0x20 ./Middlewares/ST/STM32_WPAN/ble/core/template/osal.o
                0x0000000008005314                Osal_MemCpy
 .text.Osal_MemSet
                0x0000000008005334       0x20 ./Middlewares/ST/STM32_WPAN/ble/core/template/osal.o
                0x0000000008005334                Osal_MemSet
 .text.BAS_Init
                0x0000000008005354        0xe ./Middlewares/ST/STM32_WPAN/ble/svc/Src/svc_ctl.o
                0x0000000008005354                BAS_Init
 .text.BLS_Init
                0x0000000008005362        0xe ./Middlewares/ST/STM32_WPAN/ble/svc/Src/svc_ctl.o
                0x0000000008005362                BLS_Init
 .text.CRS_STM_Init
                0x0000000008005370        0xe ./Middlewares/ST/STM32_WPAN/ble/svc/Src/svc_ctl.o
                0x0000000008005370                CRS_STM_Init
 .text.DIS_Init
                0x000000000800537e        0xe ./Middlewares/ST/STM32_WPAN/ble/svc/Src/svc_ctl.o
                0x000000000800537e                DIS_Init
 .text.EDS_STM_Init
                0x000000000800538c        0xe ./Middlewares/ST/STM32_WPAN/ble/svc/Src/svc_ctl.o
                0x000000000800538c                EDS_STM_Init
 .text.HIDS_Init
                0x000000000800539a        0xe ./Middlewares/ST/STM32_WPAN/ble/svc/Src/svc_ctl.o
                0x000000000800539a                HIDS_Init
 .text.HRS_Init
                0x00000000080053a8        0xe ./Middlewares/ST/STM32_WPAN/ble/svc/Src/svc_ctl.o
                0x00000000080053a8                HRS_Init
 .text.HTS_Init
                0x00000000080053b6        0xe ./Middlewares/ST/STM32_WPAN/ble/svc/Src/svc_ctl.o
                0x00000000080053b6                HTS_Init
 .text.IAS_Init
                0x00000000080053c4        0xe ./Middlewares/ST/STM32_WPAN/ble/svc/Src/svc_ctl.o
                0x00000000080053c4                IAS_Init
 .text.LLS_Init
                0x00000000080053d2        0xe ./Middlewares/ST/STM32_WPAN/ble/svc/Src/svc_ctl.o
                0x00000000080053d2                LLS_Init
 .text.TPS_Init
                0x00000000080053e0        0xe ./Middlewares/ST/STM32_WPAN/ble/svc/Src/svc_ctl.o
                0x00000000080053e0                TPS_Init
 .text.MOTENV_STM_Init
                0x00000000080053ee        0xe ./Middlewares/ST/STM32_WPAN/ble/svc/Src/svc_ctl.o
                0x00000000080053ee                MOTENV_STM_Init
 .text.P2PS_STM_Init
                0x00000000080053fc        0xe ./Middlewares/ST/STM32_WPAN/ble/svc/Src/svc_ctl.o
                0x00000000080053fc                P2PS_STM_Init
 .text.ZDD_STM_Init
                0x000000000800540a        0xe ./Middlewares/ST/STM32_WPAN/ble/svc/Src/svc_ctl.o
                0x000000000800540a                ZDD_STM_Init
 .text.OTAS_STM_Init
                0x0000000008005418        0xe ./Middlewares/ST/STM32_WPAN/ble/svc/Src/svc_ctl.o
                0x0000000008005418                OTAS_STM_Init
 .text.MESH_Init
                0x0000000008005426        0xe ./Middlewares/ST/STM32_WPAN/ble/svc/Src/svc_ctl.o
                0x0000000008005426                MESH_Init
 .text.BVOPUS_STM_Init
                0x0000000008005434        0xe ./Middlewares/ST/STM32_WPAN/ble/svc/Src/svc_ctl.o
                0x0000000008005434                BVOPUS_STM_Init
 *fill*         0x0000000008005442        0x2 
 .text.SVCCTL_Init
                0x0000000008005444       0x20 ./Middlewares/ST/STM32_WPAN/ble/svc/Src/svc_ctl.o
                0x0000000008005444                SVCCTL_Init
 .text.SVCCTL_SvcInit
                0x0000000008005464       0x50 ./Middlewares/ST/STM32_WPAN/ble/svc/Src/svc_ctl.o
                0x0000000008005464                SVCCTL_SvcInit
 .text.SVCCTL_RegisterSvcHandler
                0x00000000080054b4       0x34 ./Middlewares/ST/STM32_WPAN/ble/svc/Src/svc_ctl.o
                0x00000000080054b4                SVCCTL_RegisterSvcHandler
 .text.SVCCTL_UserEvtRx
                0x00000000080054e8       0xa8 ./Middlewares/ST/STM32_WPAN/ble/svc/Src/svc_ctl.o
                0x00000000080054e8                SVCCTL_UserEvtRx
 .text.SHCI_C2_BLE_Init
                0x0000000008005590       0x2e ./Middlewares/ST/STM32_WPAN/interface/patterns/ble_thread/shci/shci.o
                0x0000000008005590                SHCI_C2_BLE_Init
 .text.SHCI_C2_DEBUG_Init
                0x00000000080055be       0x2e ./Middlewares/ST/STM32_WPAN/interface/patterns/ble_thread/shci/shci.o
                0x00000000080055be                SHCI_C2_DEBUG_Init
 .text.SHCI_C2_Config
                0x00000000080055ec       0x2a ./Middlewares/ST/STM32_WPAN/interface/patterns/ble_thread/shci/shci.o
                0x00000000080055ec                SHCI_C2_Config
 *fill*         0x0000000008005616        0x2 
 .text.SHCI_GetWirelessFwInfo
                0x0000000008005618      0x15c ./Middlewares/ST/STM32_WPAN/interface/patterns/ble_thread/shci/shci.o
                0x0000000008005618                SHCI_GetWirelessFwInfo
 .text.hci_init
                0x0000000008005774       0x38 ./Middlewares/ST/STM32_WPAN/interface/patterns/ble_thread/tl/hci_tl.o
                0x0000000008005774                hci_init
 .text.hci_user_evt_proc
                0x00000000080057ac       0x9c ./Middlewares/ST/STM32_WPAN/interface/patterns/ble_thread/tl/hci_tl.o
                0x00000000080057ac                hci_user_evt_proc
 .text.hci_send_req
                0x0000000008005848       0xfc ./Middlewares/ST/STM32_WPAN/interface/patterns/ble_thread/tl/hci_tl.o
                0x0000000008005848                hci_send_req
 .text.TlInit   0x0000000008005944       0x60 ./Middlewares/ST/STM32_WPAN/interface/patterns/ble_thread/tl/hci_tl.o
 .text.SendCmd  0x00000000080059a4       0x4c ./Middlewares/ST/STM32_WPAN/interface/patterns/ble_thread/tl/hci_tl.o
 .text.NotifyCmdStatus
                0x00000000080059f0       0x40 ./Middlewares/ST/STM32_WPAN/interface/patterns/ble_thread/tl/hci_tl.o
 .text.TlEvtReceived
                0x0000000008005a30       0x48 ./Middlewares/ST/STM32_WPAN/interface/patterns/ble_thread/tl/hci_tl.o
 .text.hci_register_io_bus
                0x0000000008005a78       0x28 ./Middlewares/ST/STM32_WPAN/interface/patterns/ble_thread/tl/hci_tl_if.o
                0x0000000008005a78                hci_register_io_bus
 .text.shci_init
                0x0000000008005aa0       0x38 ./Middlewares/ST/STM32_WPAN/interface/patterns/ble_thread/tl/shci_tl.o
                0x0000000008005aa0                shci_init
 .text.shci_user_evt_proc
                0x0000000008005ad8       0x9c ./Middlewares/ST/STM32_WPAN/interface/patterns/ble_thread/tl/shci_tl.o
                0x0000000008005ad8                shci_user_evt_proc
 .text.shci_send
                0x0000000008005b74       0x7c ./Middlewares/ST/STM32_WPAN/interface/patterns/ble_thread/tl/shci_tl.o
                0x0000000008005b74                shci_send
 .text.TlInit   0x0000000008005bf0       0x64 ./Middlewares/ST/STM32_WPAN/interface/patterns/ble_thread/tl/shci_tl.o
 .text.Cmd_SetStatus
                0x0000000008005c54       0x50 ./Middlewares/ST/STM32_WPAN/interface/patterns/ble_thread/tl/shci_tl.o
 .text.TlCmdEvtReceived
                0x0000000008005ca4       0x16 ./Middlewares/ST/STM32_WPAN/interface/patterns/ble_thread/tl/shci_tl.o
 *fill*         0x0000000008005cba        0x2 
 .text.TlUserEvtReceived
                0x0000000008005cbc       0x24 ./Middlewares/ST/STM32_WPAN/interface/patterns/ble_thread/tl/shci_tl.o
 .text.shci_register_io_bus
                0x0000000008005ce0       0x28 ./Middlewares/ST/STM32_WPAN/interface/patterns/ble_thread/tl/shci_tl_if.o
                0x0000000008005ce0                shci_register_io_bus
 .text.TL_Enable
                0x0000000008005d08        0xc ./Middlewares/ST/STM32_WPAN/interface/patterns/ble_thread/tl/tl_mbox.o
                0x0000000008005d08                TL_Enable
 .text.TL_Init  0x0000000008005d14       0x74 ./Middlewares/ST/STM32_WPAN/interface/patterns/ble_thread/tl/tl_mbox.o
                0x0000000008005d14                TL_Init
 .text.TL_BLE_Init
                0x0000000008005d88       0x68 ./Middlewares/ST/STM32_WPAN/interface/patterns/ble_thread/tl/tl_mbox.o
                0x0000000008005d88                TL_BLE_Init
 .text.TL_BLE_SendCmd
                0x0000000008005df0       0x38 ./Middlewares/ST/STM32_WPAN/interface/patterns/ble_thread/tl/tl_mbox.o
                0x0000000008005df0                TL_BLE_SendCmd
 .text.HW_IPCC_BLE_RxEvtNot
                0x0000000008005e28       0x60 ./Middlewares/ST/STM32_WPAN/interface/patterns/ble_thread/tl/tl_mbox.o
                0x0000000008005e28                HW_IPCC_BLE_RxEvtNot
 .text.HW_IPCC_BLE_AclDataAckNot
                0x0000000008005e88       0x14 ./Middlewares/ST/STM32_WPAN/interface/patterns/ble_thread/tl/tl_mbox.o
                0x0000000008005e88                HW_IPCC_BLE_AclDataAckNot
 .text.TL_SYS_Init
                0x0000000008005e9c       0x54 ./Middlewares/ST/STM32_WPAN/interface/patterns/ble_thread/tl/tl_mbox.o
                0x0000000008005e9c                TL_SYS_Init
 .text.TL_SYS_SendCmd
                0x0000000008005ef0       0x38 ./Middlewares/ST/STM32_WPAN/interface/patterns/ble_thread/tl/tl_mbox.o
                0x0000000008005ef0                TL_SYS_SendCmd
 .text.HW_IPCC_SYS_CmdEvtNot
                0x0000000008005f28       0x2c ./Middlewares/ST/STM32_WPAN/interface/patterns/ble_thread/tl/tl_mbox.o
                0x0000000008005f28                HW_IPCC_SYS_CmdEvtNot
 .text.HW_IPCC_SYS_EvtNot
                0x0000000008005f54       0x44 ./Middlewares/ST/STM32_WPAN/interface/patterns/ble_thread/tl/tl_mbox.o
                0x0000000008005f54                HW_IPCC_SYS_EvtNot
 .text.TL_MM_Init
                0x0000000008005f98       0x78 ./Middlewares/ST/STM32_WPAN/interface/patterns/ble_thread/tl/tl_mbox.o
                0x0000000008005f98                TL_MM_Init
 .text.TL_MM_EvtDone
                0x0000000008006010       0x30 ./Middlewares/ST/STM32_WPAN/interface/patterns/ble_thread/tl/tl_mbox.o
                0x0000000008006010                TL_MM_EvtDone
 .text.SendFreeBuf
                0x0000000008006040       0x40 ./Middlewares/ST/STM32_WPAN/interface/patterns/ble_thread/tl/tl_mbox.o
 .text.TL_TRACES_Init
                0x0000000008006080       0x24 ./Middlewares/ST/STM32_WPAN/interface/patterns/ble_thread/tl/tl_mbox.o
                0x0000000008006080                TL_TRACES_Init
 .text.HW_IPCC_TRACES_EvtNot
                0x00000000080060a4       0x34 ./Middlewares/ST/STM32_WPAN/interface/patterns/ble_thread/tl/tl_mbox.o
                0x00000000080060a4                HW_IPCC_TRACES_EvtNot
 .text.TL_TRACES_EvtReceived
                0x00000000080060d8       0x14 ./Middlewares/ST/STM32_WPAN/interface/patterns/ble_thread/tl/tl_mbox.o
                0x00000000080060d8                TL_TRACES_EvtReceived
 .text.OutputDbgTrace
                0x00000000080060ec       0xac ./Middlewares/ST/STM32_WPAN/interface/patterns/ble_thread/tl/tl_mbox.o
 .text.OTP_Read
                0x0000000008006198       0x50 ./Middlewares/ST/STM32_WPAN/utilities/otp.o
                0x0000000008006198                OTP_Read
 .text.LST_init_head
                0x00000000080061e8       0x20 ./Middlewares/ST/STM32_WPAN/utilities/stm_list.o
                0x00000000080061e8                LST_init_head
 .text.LST_is_empty
                0x0000000008006208       0x44 ./Middlewares/ST/STM32_WPAN/utilities/stm_list.o
                0x0000000008006208                LST_is_empty
 .text.LST_insert_head
                0x000000000800624c       0x4c ./Middlewares/ST/STM32_WPAN/utilities/stm_list.o
                0x000000000800624c                LST_insert_head
 .text.LST_insert_tail
                0x0000000008006298       0x4c ./Middlewares/ST/STM32_WPAN/utilities/stm_list.o
                0x0000000008006298                LST_insert_tail
 .text.LST_remove_node
                0x00000000080062e4       0x42 ./Middlewares/ST/STM32_WPAN/utilities/stm_list.o
                0x00000000080062e4                LST_remove_node
 .text.LST_remove_head
                0x0000000008006326       0x3e ./Middlewares/ST/STM32_WPAN/utilities/stm_list.o
                0x0000000008006326                LST_remove_head
 .text.LL_FLASH_GetUDN
                0x0000000008006364       0x18 ./STM32_WPAN/App/app_ble.o
 .text.LL_FLASH_GetDeviceID
                0x000000000800637c       0x18 ./STM32_WPAN/App/app_ble.o
 .text.LL_FLASH_GetSTCompanyID
                0x0000000008006394       0x18 ./STM32_WPAN/App/app_ble.o
 .text.APP_BLE_Init
                0x00000000080063ac       0xb4 ./STM32_WPAN/App/app_ble.o
                0x00000000080063ac                APP_BLE_Init
 .text.SVCCTL_App_Notification
                0x0000000008006460      0x180 ./STM32_WPAN/App/app_ble.o
                0x0000000008006460                SVCCTL_App_Notification
 .text.Ble_Tl_Init
                0x00000000080065e0       0x2c ./STM32_WPAN/App/app_ble.o
 .text.Ble_Hci_Gap_Gatt_Init
                0x000000000800660c      0x168 ./STM32_WPAN/App/app_ble.o
 .text.Adv_Request
                0x0000000008006774       0x60 ./STM32_WPAN/App/app_ble.o
 .text.BleGetBdAddress
                0x00000000080067d4       0x88 ./STM32_WPAN/App/app_ble.o
 .text.Adv_Cancel
                0x000000000800685c       0x34 ./STM32_WPAN/App/app_ble.o
 .text.hci_notify_asynch_evt
                0x0000000008006890       0x18 ./STM32_WPAN/App/app_ble.o
                0x0000000008006890                hci_notify_asynch_evt
 .text.hci_cmd_resp_release
                0x00000000080068a8       0x16 ./STM32_WPAN/App/app_ble.o
                0x00000000080068a8                hci_cmd_resp_release
 .text.hci_cmd_resp_wait
                0x00000000080068be       0x16 ./STM32_WPAN/App/app_ble.o
                0x00000000080068be                hci_cmd_resp_wait
 .text.BLE_UserEvtRx
                0x00000000080068d4       0x38 ./STM32_WPAN/App/app_ble.o
 .text.BLE_StatusNot
                0x000000000800690c       0x36 ./STM32_WPAN/App/app_ble.o
 .text.Custom_APP_Notification
                0x0000000008006942       0x28 ./STM32_WPAN/App/custom_app.o
                0x0000000008006942                Custom_APP_Notification
 .text.Custom_APP_Init
                0x000000000800696a        0xe ./STM32_WPAN/App/custom_app.o
                0x000000000800696a                Custom_APP_Init
 .text.Custom_STM_Event_Handler
                0x0000000008006978       0x94 ./STM32_WPAN/App/custom_stm.o
 .text.SVCCTL_InitCustomSvc
                0x0000000008006a0c       0xec ./STM32_WPAN/App/custom_stm.o
                0x0000000008006a0c                SVCCTL_InitCustomSvc
 .text.LL_PWR_EnableBootC2
                0x0000000008006af8       0x20 ./STM32_WPAN/Target/hw_ipcc.o
 .text.LL_C2_EXTI_EnableEvent_32_63
                0x0000000008006b18       0x28 ./STM32_WPAN/Target/hw_ipcc.o
 .text.LL_EXTI_EnableRisingTrig_32_63
                0x0000000008006b40       0x24 ./STM32_WPAN/Target/hw_ipcc.o
 .text.LL_AHB3_GRP1_EnableClock
                0x0000000008006b64       0x32 ./STM32_WPAN/Target/hw_ipcc.o
 .text.LL_C2_AHB3_GRP1_EnableClock
                0x0000000008006b96       0x38 ./STM32_WPAN/Target/hw_ipcc.o
 .text.LL_C1_IPCC_EnableIT_TXF
                0x0000000008006bce       0x20 ./STM32_WPAN/Target/hw_ipcc.o
 .text.LL_C1_IPCC_EnableIT_RXO
                0x0000000008006bee       0x20 ./STM32_WPAN/Target/hw_ipcc.o
 .text.LL_C1_IPCC_EnableTransmitChannel
                0x0000000008006c0e       0x26 ./STM32_WPAN/Target/hw_ipcc.o
 .text.LL_C1_IPCC_DisableTransmitChannel
                0x0000000008006c34       0x24 ./STM32_WPAN/Target/hw_ipcc.o
 .text.LL_C1_IPCC_EnableReceiveChannel
                0x0000000008006c58       0x24 ./STM32_WPAN/Target/hw_ipcc.o
 .text.LL_C1_IPCC_ClearFlag_CHx
                0x0000000008006c7c       0x1c ./STM32_WPAN/Target/hw_ipcc.o
 .text.LL_C1_IPCC_SetFlag_CHx
                0x0000000008006c98       0x1e ./STM32_WPAN/Target/hw_ipcc.o
 .text.LL_C1_IPCC_IsActiveFlag_CHx
                0x0000000008006cb6       0x2a ./STM32_WPAN/Target/hw_ipcc.o
 .text.LL_C2_IPCC_IsActiveFlag_CHx
                0x0000000008006ce0       0x2a ./STM32_WPAN/Target/hw_ipcc.o
 *fill*         0x0000000008006d0a        0x2 
 .text.HW_IPCC_Rx_Handler
                0x0000000008006d0c       0x70 ./STM32_WPAN/Target/hw_ipcc.o
                0x0000000008006d0c                HW_IPCC_Rx_Handler
 .text.HW_IPCC_Tx_Handler
                0x0000000008006d7c       0x74 ./STM32_WPAN/Target/hw_ipcc.o
                0x0000000008006d7c                HW_IPCC_Tx_Handler
 .text.HW_IPCC_Enable
                0x0000000008006df0       0x28 ./STM32_WPAN/Target/hw_ipcc.o
                0x0000000008006df0                HW_IPCC_Enable
 .text.HW_IPCC_Init
                0x0000000008006e18       0x2c ./STM32_WPAN/Target/hw_ipcc.o
                0x0000000008006e18                HW_IPCC_Init
 .text.HW_IPCC_BLE_Init
                0x0000000008006e44       0x14 ./STM32_WPAN/Target/hw_ipcc.o
                0x0000000008006e44                HW_IPCC_BLE_Init
 .text.HW_IPCC_BLE_SendCmd
                0x0000000008006e58       0x14 ./STM32_WPAN/Target/hw_ipcc.o
                0x0000000008006e58                HW_IPCC_BLE_SendCmd
 .text.HW_IPCC_BLE_EvtHandler
                0x0000000008006e6c       0x18 ./STM32_WPAN/Target/hw_ipcc.o
 .text.HW_IPCC_BLE_AclDataEvtHandler
                0x0000000008006e84       0x18 ./STM32_WPAN/Target/hw_ipcc.o
 .text.HW_IPCC_SYS_Init
                0x0000000008006e9c       0x14 ./STM32_WPAN/Target/hw_ipcc.o
                0x0000000008006e9c                HW_IPCC_SYS_Init
 .text.HW_IPCC_SYS_SendCmd
                0x0000000008006eb0       0x1c ./STM32_WPAN/Target/hw_ipcc.o
                0x0000000008006eb0                HW_IPCC_SYS_SendCmd
 .text.HW_IPCC_SYS_CmdEvtHandler
                0x0000000008006ecc       0x18 ./STM32_WPAN/Target/hw_ipcc.o
 .text.HW_IPCC_SYS_EvtHandler
                0x0000000008006ee4       0x18 ./STM32_WPAN/Target/hw_ipcc.o
 .text.HW_IPCC_MM_SendFreeBuf
                0x0000000008006efc       0x44 ./STM32_WPAN/Target/hw_ipcc.o
                0x0000000008006efc                HW_IPCC_MM_SendFreeBuf
 .text.HW_IPCC_MM_FreeBufHandler
                0x0000000008006f40       0x28 ./STM32_WPAN/Target/hw_ipcc.o
 .text.HW_IPCC_TRACES_Init
                0x0000000008006f68       0x14 ./STM32_WPAN/Target/hw_ipcc.o
                0x0000000008006f68                HW_IPCC_TRACES_Init
 .text.HW_IPCC_TRACES_EvtHandler
                0x0000000008006f7c       0x18 ./STM32_WPAN/Target/hw_ipcc.o
 .text.UTIL_LPM_Init
                0x0000000008006f94       0x24 ./Utilities/lpm/tiny_lpm/stm32_lpm.o
                0x0000000008006f94                UTIL_LPM_Init
 .text.UTIL_LPM_SetOffMode
                0x0000000008006fb8       0x60 ./Utilities/lpm/tiny_lpm/stm32_lpm.o
                0x0000000008006fb8                UTIL_LPM_SetOffMode
 .text.UTIL_SEQ_Run
                0x0000000008007018      0x1f8 ./Utilities/sequencer/stm32_seq.o
                0x0000000008007018                UTIL_SEQ_Run
 .text.UTIL_SEQ_RegTask
                0x0000000008007210       0x44 ./Utilities/sequencer/stm32_seq.o
                0x0000000008007210                UTIL_SEQ_RegTask
 .text.UTIL_SEQ_SetTask
                0x0000000008007254       0x58 ./Utilities/sequencer/stm32_seq.o
                0x0000000008007254                UTIL_SEQ_SetTask
 .text.UTIL_SEQ_PauseTask
                0x00000000080072ac       0x40 ./Utilities/sequencer/stm32_seq.o
                0x00000000080072ac                UTIL_SEQ_PauseTask
 .text.UTIL_SEQ_ResumeTask
                0x00000000080072ec       0x40 ./Utilities/sequencer/stm32_seq.o
                0x00000000080072ec                UTIL_SEQ_ResumeTask
 .text.UTIL_SEQ_SetEvt
                0x000000000800732c       0x40 ./Utilities/sequencer/stm32_seq.o
                0x000000000800732c                UTIL_SEQ_SetEvt
 .text.UTIL_SEQ_WaitEvt
                0x000000000800736c       0x94 ./Utilities/sequencer/stm32_seq.o
                0x000000000800736c                UTIL_SEQ_WaitEvt
 .text.UTIL_SEQ_PreIdle
                0x0000000008007400        0xe ./Utilities/sequencer/stm32_seq.o
                0x0000000008007400                UTIL_SEQ_PreIdle
 .text.UTIL_SEQ_PostIdle
                0x000000000800740e        0xe ./Utilities/sequencer/stm32_seq.o
                0x000000000800740e                UTIL_SEQ_PostIdle
 .text.SEQ_BitPosition
                0x000000000800741c       0x78 ./Utilities/sequencer/stm32_seq.o
                0x000000000800741c                SEQ_BitPosition
 .text.__libc_init_array
                0x0000000008007494       0x48 c:/st/stm32cubeide_1.9.0/stm32cubeide/plugins/com.st.stm32cube.ide.mcu.externaltools.gnu-tools-for-stm32.10.3-2021.10.win32_1.0.100.202210260954/tools/bin/../lib/gcc/arm-none-eabi/10.3.1/../../../../arm-none-eabi/lib/thumb/v7e-m+fp/hard\libc_nano.a(lib_a-init.o)
                0x0000000008007494                __libc_init_array
 .text.memcpy   0x00000000080074dc       0x1c c:/st/stm32cubeide_1.9.0/stm32cubeide/plugins/com.st.stm32cube.ide.mcu.externaltools.gnu-tools-for-stm32.10.3-2021.10.win32_1.0.100.202210260954/tools/bin/../lib/gcc/arm-none-eabi/10.3.1/../../../../arm-none-eabi/lib/thumb/v7e-m+fp/hard\libc_nano.a(lib_a-memcpy-stub.o)
                0x00000000080074dc                memcpy
 .text.memset   0x00000000080074f8       0x10 c:/st/stm32cubeide_1.9.0/stm32cubeide/plugins/com.st.stm32cube.ide.mcu.externaltools.gnu-tools-for-stm32.10.3-2021.10.win32_1.0.100.202210260954/tools/bin/../lib/gcc/arm-none-eabi/10.3.1/../../../../arm-none-eabi/lib/thumb/v7e-m+fp/hard\libc_nano.a(lib_a-memset.o)
                0x00000000080074f8                memset
 *(.glue_7)
 .glue_7        0x0000000008007508        0x0 linker stubs
 *(.glue_7t)
 .glue_7t       0x0000000008007508        0x0 linker stubs
 *(.eh_frame)
 .eh_frame      0x0000000008007508        0x0 c:/st/stm32cubeide_1.9.0/stm32cubeide/plugins/com.st.stm32cube.ide.mcu.externaltools.gnu-tools-for-stm32.10.3-2021.10.win32_1.0.100.202210260954/tools/bin/../lib/gcc/arm-none-eabi/10.3.1/thumb/v7e-m+fp/hard/crtbegin.o
 *(.init)
 .init          0x0000000008007508        0x4 c:/st/stm32cubeide_1.9.0/stm32cubeide/plugins/com.st.stm32cube.ide.mcu.externaltools.gnu-tools-for-stm32.10.3-2021.10.win32_1.0.100.202210260954/tools/bin/../lib/gcc/arm-none-eabi/10.3.1/thumb/v7e-m+fp/hard/crti.o
                0x0000000008007508                _init
 .init          0x000000000800750c        0x8 c:/st/stm32cubeide_1.9.0/stm32cubeide/plugins/com.st.stm32cube.ide.mcu.externaltools.gnu-tools-for-stm32.10.3-2021.10.win32_1.0.100.202210260954/tools/bin/../lib/gcc/arm-none-eabi/10.3.1/thumb/v7e-m+fp/hard/crtn.o
 *(.fini)
 .fini          0x0000000008007514        0x4 c:/st/stm32cubeide_1.9.0/stm32cubeide/plugins/com.st.stm32cube.ide.mcu.externaltools.gnu-tools-for-stm32.10.3-2021.10.win32_1.0.100.202210260954/tools/bin/../lib/gcc/arm-none-eabi/10.3.1/thumb/v7e-m+fp/hard/crti.o
                0x0000000008007514                _fini
 .fini          0x0000000008007518        0x8 c:/st/stm32cubeide_1.9.0/stm32cubeide/plugins/com.st.stm32cube.ide.mcu.externaltools.gnu-tools-for-stm32.10.3-2021.10.win32_1.0.100.202210260954/tools/bin/../lib/gcc/arm-none-eabi/10.3.1/thumb/v7e-m+fp/hard/crtn.o
                0x0000000008007520                . = ALIGN (0x4)
                0x0000000008007520                _etext = .

.vfp11_veneer   0x0000000008007520        0x0
 .vfp11_veneer  0x0000000008007520        0x0 linker stubs

.v4_bx          0x0000000008007520        0x0
 .v4_bx         0x0000000008007520        0x0 linker stubs

.iplt           0x0000000008007520        0x0
 .iplt          0x0000000008007520        0x0 c:/st/stm32cubeide_1.9.0/stm32cubeide/plugins/com.st.stm32cube.ide.mcu.externaltools.gnu-tools-for-stm32.10.3-2021.10.win32_1.0.100.202210260954/tools/bin/../lib/gcc/arm-none-eabi/10.3.1/thumb/v7e-m+fp/hard/crtbegin.o

.rodata         0x0000000008007520      0x278
                0x0000000008007520                . = ALIGN (0x4)
 *(.rodata)
 .rodata        0x0000000008007520       0x1b ./Core/Src/app_debug.o
 *fill*         0x000000000800753b        0x1 
 .rodata        0x000000000800753c       0x2c ./Drivers/STM32WBxx_HAL_Driver/Src/stm32wbxx_hal_rcc.o
 .rodata        0x0000000008007568       0x45 ./STM32_WPAN/App/app_ble.o
 *(.rodata*)
 *fill*         0x00000000080075ad        0x3 
 .rodata.aGpioConfigList
                0x00000000080075b0      0x130 ./Core/Src/app_debug.o
 .rodata.AHBPrescTable
                0x00000000080076e0       0x40 ./Core/Src/system_stm32wbxx.o
                0x00000000080076e0                AHBPrescTable
 .rodata.MSIRangeTable
                0x0000000008007720       0x40 ./Core/Src/system_stm32wbxx.o
                0x0000000008007720                MSIRangeTable
 .rodata.a_MBdAddr
                0x0000000008007760        0x6 ./STM32_WPAN/App/app_ble.o
 *fill*         0x0000000008007766        0x2 
 .rodata.a_BLE_CfgIrValue
                0x0000000008007768       0x10 ./STM32_WPAN/App/app_ble.o
 .rodata.a_BLE_CfgErValue
                0x0000000008007778       0x10 ./STM32_WPAN/App/app_ble.o
 .rodata.SEQ_clz_table_4bit
                0x0000000008007788       0x10 ./Utilities/sequencer/stm32_seq.o
                0x0000000008007788                SEQ_clz_table_4bit
                0x0000000008007798                . = ALIGN (0x4)

.rel.dyn        0x0000000008007798        0x0
 .rel.iplt      0x0000000008007798        0x0 c:/st/stm32cubeide_1.9.0/stm32cubeide/plugins/com.st.stm32cube.ide.mcu.externaltools.gnu-tools-for-stm32.10.3-2021.10.win32_1.0.100.202210260954/tools/bin/../lib/gcc/arm-none-eabi/10.3.1/thumb/v7e-m+fp/hard/crtbegin.o

.ARM.extab
 *(.ARM.extab* .gnu.linkonce.armextab.*)

.ARM            0x0000000008007798        0x0
                0x0000000008007798                __exidx_start = .
 *(.ARM.exidx*)
                0x0000000008007798                __exidx_end = .

.preinit_array  0x0000000008007798        0x0
                0x0000000008007798                PROVIDE (__preinit_array_start = .)
 *(.preinit_array*)
                0x0000000008007798                PROVIDE (__preinit_array_end = .)

.init_array     0x0000000008007798        0x4
                0x0000000008007798                PROVIDE (__init_array_start = .)
 *(SORT_BY_NAME(.init_array.*))
 *(.init_array*)
 .init_array    0x0000000008007798        0x4 c:/st/stm32cubeide_1.9.0/stm32cubeide/plugins/com.st.stm32cube.ide.mcu.externaltools.gnu-tools-for-stm32.10.3-2021.10.win32_1.0.100.202210260954/tools/bin/../lib/gcc/arm-none-eabi/10.3.1/thumb/v7e-m+fp/hard/crtbegin.o
                0x000000000800779c                PROVIDE (__init_array_end = .)

.fini_array     0x000000000800779c        0x4
                [!provide]                        PROVIDE (__fini_array_start = .)
 *(SORT_BY_NAME(.fini_array.*))
 *(.fini_array*)
 .fini_array    0x000000000800779c        0x4 c:/st/stm32cubeide_1.9.0/stm32cubeide/plugins/com.st.stm32cube.ide.mcu.externaltools.gnu-tools-for-stm32.10.3-2021.10.win32_1.0.100.202210260954/tools/bin/../lib/gcc/arm-none-eabi/10.3.1/thumb/v7e-m+fp/hard/crtbegin.o
                [!provide]                        PROVIDE (__fini_array_end = .)
                0x00000000080077a0                _sidata = LOADADDR (.data)

.data           0x0000000020000008       0x20 load address 0x00000000080077a0
                0x0000000020000008                . = ALIGN (0x4)
                0x0000000020000008                _sdata = .
 *(.data)
 *(.data*)
 .data.SystemCoreClock
                0x0000000020000008        0x4 ./Core/Src/system_stm32wbxx.o
                0x0000000020000008                SystemCoreClock
 .data.uwTickPrio
                0x000000002000000c        0x4 ./Drivers/STM32WBxx_HAL_Driver/Src/stm32wbxx_hal.o
                0x000000002000000c                uwTickPrio
 .data.uwTickFreq
                0x0000000020000010        0x1 ./Drivers/STM32WBxx_HAL_Driver/Src/stm32wbxx_hal.o
                0x0000000020000010                uwTickFreq
 *fill*         0x0000000020000011        0x3 
 .data.a_AdvData
                0x0000000020000014        0x9 ./STM32_WPAN/App/app_ble.o
                0x0000000020000014                a_AdvData
 .data.SizeMycharwrite
                0x000000002000001d        0x1 ./STM32_WPAN/App/custom_stm.o
                0x000000002000001d                SizeMycharwrite
 *fill*         0x000000002000001e        0x2 
 .data.TaskMask
                0x0000000020000020        0x4 ./Utilities/sequencer/stm32_seq.o
 .data.SuperMask
                0x0000000020000024        0x4 ./Utilities/sequencer/stm32_seq.o
 *(.RamFunc)
 *(.RamFunc*)
                0x0000000020000028                . = ALIGN (0x4)
                0x0000000020000028                _edata = .

.igot.plt       0x0000000020000028        0x0 load address 0x00000000080077c0
 .igot.plt      0x0000000020000028        0x0 c:/st/stm32cubeide_1.9.0/stm32cubeide/plugins/com.st.stm32cube.ide.mcu.externaltools.gnu-tools-for-stm32.10.3-2021.10.win32_1.0.100.202210260954/tools/bin/../lib/gcc/arm-none-eabi/10.3.1/thumb/v7e-m+fp/hard/crtbegin.o

MB_MEM2         0x0000000020000028      0x883 load address 0x00000000080077c0
 MB_MEM2        0x0000000020000028       0x12 ./Core/Src/app_debug.o
 *fill*         0x000000002000003a        0x2 
 MB_MEM2        0x000000002000003c      0x85e ./Core/Src/app_entry.o
 *fill*         0x000000002000089a        0x2 
 MB_MEM2        0x000000002000089c        0xf ./Middlewares/ST/STM32_WPAN/interface/patterns/ble_thread/tl/tl_mbox.o

BLE_DRIVER_CONTEXT
                0x00000000200008ac       0x35 load address 0x0000000008008043
 BLE_DRIVER_CONTEXT
                0x00000000200008ac       0x21 ./Middlewares/ST/STM32_WPAN/ble/svc/Src/svc_ctl.o
                0x00000000200008ac                SVCCTL_EvtHandler
                0x00000000200008cc                SVCCTL_CltHandler
 *fill*         0x00000000200008cd        0x3 
 BLE_DRIVER_CONTEXT
                0x00000000200008d0       0x11 ./Middlewares/ST/STM32_WPAN/interface/patterns/ble_thread/tl/hci_tl.o
                0x00000000200008e0                UserEventFlow

SYSTEM_DRIVER_CONTEXT
                0x00000000200008e4       0x11 load address 0x0000000008008078
 SYSTEM_DRIVER_CONTEXT
                0x00000000200008e4       0x11 ./Middlewares/ST/STM32_WPAN/interface/patterns/ble_thread/tl/shci_tl.o
                0x00000000200008f4                SHCI_TL_UserEventFlow
                0x00000000200008f8                . = ALIGN (0x4)

.bss            0x00000000200008f8      0x2cc load address 0x0000000008008089
                0x00000000200008f8                _sbss = .
                0x00000000200008f8                __bss_start__ = _sbss
 *(.bss)
 .bss           0x00000000200008f8       0x1c c:/st/stm32cubeide_1.9.0/stm32cubeide/plugins/com.st.stm32cube.ide.mcu.externaltools.gnu-tools-for-stm32.10.3-2021.10.win32_1.0.100.202210260954/tools/bin/../lib/gcc/arm-none-eabi/10.3.1/thumb/v7e-m+fp/hard/crtbegin.o
 *(.bss*)
 .bss.aTimerContext
                0x0000000020000914       0x90 ./Core/Src/hw_timerserver.o
 .bss.CurrentRunningTimerID
                0x00000000200009a4        0x1 ./Core/Src/hw_timerserver.o
 .bss.PreviousRunningTimerID
                0x00000000200009a5        0x1 ./Core/Src/hw_timerserver.o
 *fill*         0x00000000200009a6        0x2 
 .bss.SSRValueOnLastSetup
                0x00000000200009a8        0x4 ./Core/Src/hw_timerserver.o
 .bss.WakeupTimerLimitation
                0x00000000200009ac        0x1 ./Core/Src/hw_timerserver.o
 .bss.WakeupTimerDivider
                0x00000000200009ad        0x1 ./Core/Src/hw_timerserver.o
 .bss.AsynchPrescalerUserConfig
                0x00000000200009ae        0x1 ./Core/Src/hw_timerserver.o
 *fill*         0x00000000200009af        0x1 
 .bss.SynchPrescalerUserConfig
                0x00000000200009b0        0x2 ./Core/Src/hw_timerserver.o
 .bss.MaxWakeupTimerSetup
                0x00000000200009b2        0x2 ./Core/Src/hw_timerserver.o
 .bss.hipcc     0x00000000200009b4       0x3c ./Core/Src/main.o
                0x00000000200009b4                hipcc
 .bss.hrtc      0x00000000200009f0       0x24 ./Core/Src/main.o
                0x00000000200009f0                hrtc
 .bss.uwTick    0x0000000020000a14        0x4 ./Drivers/STM32WBxx_HAL_Driver/Src/stm32wbxx_hal.o
                0x0000000020000a14                uwTick
 .bss.hciContext
                0x0000000020000a18       0x20 ./Middlewares/ST/STM32_WPAN/interface/patterns/ble_thread/tl/hci_tl.o
 .bss.HciCmdEventQueue
                0x0000000020000a38        0x8 ./Middlewares/ST/STM32_WPAN/interface/patterns/ble_thread/tl/hci_tl.o
 .bss.StatusNotCallBackFunction
                0x0000000020000a40        0x4 ./Middlewares/ST/STM32_WPAN/interface/patterns/ble_thread/tl/hci_tl.o
 .bss.shciContext
                0x0000000020000a44       0x20 ./Middlewares/ST/STM32_WPAN/interface/patterns/ble_thread/tl/shci_tl.o
 .bss.StatusNotCallBackFunction
                0x0000000020000a64        0x4 ./Middlewares/ST/STM32_WPAN/interface/patterns/ble_thread/tl/shci_tl.o
 .bss.LocalFreeBufQueue
                0x0000000020000a68        0x8 ./Middlewares/ST/STM32_WPAN/interface/patterns/ble_thread/tl/tl_mbox.o
 .bss.BLE_IoBusEvtCallBackFunction
                0x0000000020000a70        0x4 ./Middlewares/ST/STM32_WPAN/interface/patterns/ble_thread/tl/tl_mbox.o
 .bss.BLE_IoBusAclDataTxAck
                0x0000000020000a74        0x4 ./Middlewares/ST/STM32_WPAN/interface/patterns/ble_thread/tl/tl_mbox.o
 .bss.SYS_CMD_IoBusCallBackFunction
                0x0000000020000a78        0x4 ./Middlewares/ST/STM32_WPAN/interface/patterns/ble_thread/tl/tl_mbox.o
 .bss.SYS_EVT_IoBusCallBackFunction
                0x0000000020000a7c        0x4 ./Middlewares/ST/STM32_WPAN/interface/patterns/ble_thread/tl/tl_mbox.o
 .bss.p_mem_manager_table.0
                0x0000000020000a80        0x4 ./Middlewares/ST/STM32_WPAN/interface/patterns/ble_thread/tl/tl_mbox.o
 .bss.a_BdAddrUdn
                0x0000000020000a84        0x6 ./STM32_WPAN/App/app_ble.o
 *fill*         0x0000000020000a8a        0x2 
 .bss.BleApplicationContext
                0x0000000020000a8c       0x84 ./STM32_WPAN/App/app_ble.o
 .bss.HandleNotification
                0x0000000020000b10        0x4 ./STM32_WPAN/App/app_ble.o
                0x0000000020000b10                HandleNotification
 .bss.CustomContext
                0x0000000020000b14        0x4 ./STM32_WPAN/App/custom_stm.o
 .bss.FreeBufCb
                0x0000000020000b18        0x4 ./STM32_WPAN/Target/hw_ipcc.o
 .bss.StopModeDisable
                0x0000000020000b1c        0x4 ./Utilities/lpm/tiny_lpm/stm32_lpm.o
 .bss.OffModeDisable
                0x0000000020000b20        0x4 ./Utilities/lpm/tiny_lpm/stm32_lpm.o
 .bss.TaskSet   0x0000000020000b24        0x4 ./Utilities/sequencer/stm32_seq.o
 .bss.EvtSet    0x0000000020000b28        0x4 ./Utilities/sequencer/stm32_seq.o
 .bss.EvtWaited
                0x0000000020000b2c        0x4 ./Utilities/sequencer/stm32_seq.o
 .bss.CurrentTaskIdx
                0x0000000020000b30        0x4 ./Utilities/sequencer/stm32_seq.o
 .bss.TaskCb    0x0000000020000b34       0x80 ./Utilities/sequencer/stm32_seq.o
 .bss.TaskPrio  0x0000000020000bb4       0x10 ./Utilities/sequencer/stm32_seq.o
 *(COMMON)
                0x0000000020000bc4                . = ALIGN (0x4)
                0x0000000020000bc4                _ebss = .
                0x0000000020000bc4                __bss_end__ = _ebss

._user_heap_stack
                0x0000000020000bc4      0x604 load address 0x0000000008008089
                0x0000000020000bc8                . = ALIGN (0x8)
 *fill*         0x0000000020000bc4        0x4 
                [!provide]                        PROVIDE (end = .)
                0x0000000020000bc8                PROVIDE (_end = .)
                0x0000000020000dc8                . = (. + _Min_Heap_Size)
 *fill*         0x0000000020000bc8      0x200 
                0x00000000200011c8                . = (. + _Min_Stack_Size)
 *fill*         0x0000000020000dc8      0x400 
                0x00000000200011c8                . = ALIGN (0x8)

/DISCARD/
 libc.a(*)
 libm.a(*)
 libgcc.a(*)

.ARM.attributes
                0x0000000000000000       0x30
 *(.ARM.attributes)
 .ARM.attributes
                0x0000000000000000       0x1e c:/st/stm32cubeide_1.9.0/stm32cubeide/plugins/com.st.stm32cube.ide.mcu.externaltools.gnu-tools-for-stm32.10.3-2021.10.win32_1.0.100.202210260954/tools/bin/../lib/gcc/arm-none-eabi/10.3.1/thumb/v7e-m+fp/hard/crti.o
 .ARM.attributes
                0x000000000000001e       0x34 c:/st/stm32cubeide_1.9.0/stm32cubeide/plugins/com.st.stm32cube.ide.mcu.externaltools.gnu-tools-for-stm32.10.3-2021.10.win32_1.0.100.202210260954/tools/bin/../lib/gcc/arm-none-eabi/10.3.1/thumb/v7e-m+fp/hard/crtbegin.o
 .ARM.attributes
                0x0000000000000052       0x34 ./Core/Src/app_debug.o
 .ARM.attributes
                0x0000000000000086       0x34 ./Core/Src/app_entry.o
 .ARM.attributes
                0x00000000000000ba       0x34 ./Core/Src/hw_timerserver.o
 .ARM.attributes
                0x00000000000000ee       0x34 ./Core/Src/main.o
 .ARM.attributes
                0x0000000000000122       0x34 ./Core/Src/stm32wbxx_hal_msp.o
 .ARM.attributes
                0x0000000000000156       0x34 ./Core/Src/stm32wbxx_it.o
 .ARM.attributes
                0x000000000000018a       0x34 ./Core/Src/system_stm32wbxx.o
 .ARM.attributes
                0x00000000000001be       0x21 ./Core/Startup/startup_stm32wb55rgvx.o
 .ARM.attributes
                0x00000000000001df       0x34 ./Drivers/STM32WBxx_HAL_Driver/Src/stm32wbxx_hal.o
 .ARM.attributes
                0x0000000000000213       0x34 ./Drivers/STM32WBxx_HAL_Driver/Src/stm32wbxx_hal_cortex.o
 .ARM.attributes
                0x0000000000000247       0x34 ./Drivers/STM32WBxx_HAL_Driver/Src/stm32wbxx_hal_gpio.o
 .ARM.attributes
                0x000000000000027b       0x34 ./Drivers/STM32WBxx_HAL_Driver/Src/stm32wbxx_hal_hsem.o
 .ARM.attributes
                0x00000000000002af       0x34 ./Drivers/STM32WBxx_HAL_Driver/Src/stm32wbxx_hal_ipcc.o
 .ARM.attributes
                0x00000000000002e3       0x34 ./Drivers/STM32WBxx_HAL_Driver/Src/stm32wbxx_hal_pwr.o
 .ARM.attributes
                0x0000000000000317       0x34 ./Drivers/STM32WBxx_HAL_Driver/Src/stm32wbxx_hal_pwr_ex.o
 .ARM.attributes
                0x000000000000034b       0x34 ./Drivers/STM32WBxx_HAL_Driver/Src/stm32wbxx_hal_rcc.o
 .ARM.attributes
                0x000000000000037f       0x34 ./Drivers/STM32WBxx_HAL_Driver/Src/stm32wbxx_hal_rcc_ex.o
 .ARM.attributes
                0x00000000000003b3       0x34 ./Drivers/STM32WBxx_HAL_Driver/Src/stm32wbxx_hal_rtc.o
 .ARM.attributes
                0x00000000000003e7       0x34 ./Drivers/STM32WBxx_HAL_Driver/Src/stm32wbxx_hal_rtc_ex.o
 .ARM.attributes
                0x000000000000041b       0x34 ./Middlewares/ST/STM32_WPAN/ble/core/auto/ble_gap_aci.o
 .ARM.attributes
                0x000000000000044f       0x34 ./Middlewares/ST/STM32_WPAN/ble/core/auto/ble_gatt_aci.o
 .ARM.attributes
                0x0000000000000483       0x34 ./Middlewares/ST/STM32_WPAN/ble/core/auto/ble_hal_aci.o
 .ARM.attributes
                0x00000000000004b7       0x34 ./Middlewares/ST/STM32_WPAN/ble/core/auto/ble_hci_le.o
 .ARM.attributes
                0x00000000000004eb       0x34 ./Middlewares/ST/STM32_WPAN/ble/core/template/osal.o
 .ARM.attributes
                0x000000000000051f       0x34 ./Middlewares/ST/STM32_WPAN/ble/svc/Src/svc_ctl.o
 .ARM.attributes
                0x0000000000000553       0x34 ./Middlewares/ST/STM32_WPAN/interface/patterns/ble_thread/shci/shci.o
 .ARM.attributes
                0x0000000000000587       0x34 ./Middlewares/ST/STM32_WPAN/interface/patterns/ble_thread/tl/hci_tl.o
 .ARM.attributes
                0x00000000000005bb       0x34 ./Middlewares/ST/STM32_WPAN/interface/patterns/ble_thread/tl/hci_tl_if.o
 .ARM.attributes
                0x00000000000005ef       0x34 ./Middlewares/ST/STM32_WPAN/interface/patterns/ble_thread/tl/shci_tl.o
 .ARM.attributes
                0x0000000000000623       0x34 ./Middlewares/ST/STM32_WPAN/interface/patterns/ble_thread/tl/shci_tl_if.o
 .ARM.attributes
                0x0000000000000657       0x34 ./Middlewares/ST/STM32_WPAN/interface/patterns/ble_thread/tl/tl_mbox.o
 .ARM.attributes
                0x000000000000068b       0x34 ./Middlewares/ST/STM32_WPAN/utilities/otp.o
 .ARM.attributes
                0x00000000000006bf       0x34 ./Middlewares/ST/STM32_WPAN/utilities/stm_list.o
 .ARM.attributes
                0x00000000000006f3       0x34 ./STM32_WPAN/App/app_ble.o
 .ARM.attributes
                0x0000000000000727       0x34 ./STM32_WPAN/App/custom_app.o
 .ARM.attributes
                0x000000000000075b       0x34 ./STM32_WPAN/App/custom_stm.o
 .ARM.attributes
                0x000000000000078f       0x34 ./STM32_WPAN/Target/hw_ipcc.o
 .ARM.attributes
                0x00000000000007c3       0x34 ./Utilities/lpm/tiny_lpm/stm32_lpm.o
 .ARM.attributes
                0x00000000000007f7       0x34 ./Utilities/sequencer/stm32_seq.o
 .ARM.attributes
                0x000000000000082b       0x34 c:/st/stm32cubeide_1.9.0/stm32cubeide/plugins/com.st.stm32cube.ide.mcu.externaltools.gnu-tools-for-stm32.10.3-2021.10.win32_1.0.100.202210260954/tools/bin/../lib/gcc/arm-none-eabi/10.3.1/../../../../arm-none-eabi/lib/thumb/v7e-m+fp/hard\libc_nano.a(lib_a-init.o)
 .ARM.attributes
                0x000000000000085f       0x34 c:/st/stm32cubeide_1.9.0/stm32cubeide/plugins/com.st.stm32cube.ide.mcu.externaltools.gnu-tools-for-stm32.10.3-2021.10.win32_1.0.100.202210260954/tools/bin/../lib/gcc/arm-none-eabi/10.3.1/../../../../arm-none-eabi/lib/thumb/v7e-m+fp/hard\libc_nano.a(lib_a-memcpy-stub.o)
 .ARM.attributes
                0x0000000000000893       0x34 c:/st/stm32cubeide_1.9.0/stm32cubeide/plugins/com.st.stm32cube.ide.mcu.externaltools.gnu-tools-for-stm32.10.3-2021.10.win32_1.0.100.202210260954/tools/bin/../lib/gcc/arm-none-eabi/10.3.1/../../../../arm-none-eabi/lib/thumb/v7e-m+fp/hard\libc_nano.a(lib_a-memset.o)
 .ARM.attributes
                0x00000000000008c7       0x17 c:/st/stm32cubeide_1.9.0/stm32cubeide/plugins/com.st.stm32cube.ide.mcu.externaltools.gnu-tools-for-stm32.10.3-2021.10.win32_1.0.100.202210260954/tools/bin/../lib/gcc/arm-none-eabi/10.3.1/../../../../arm-none-eabi/lib/thumb/v7e-m+fp/hard\libc_nano.a(lib_a-strlen.o)
 .ARM.attributes
                0x00000000000008de       0x1e c:/st/stm32cubeide_1.9.0/stm32cubeide/plugins/com.st.stm32cube.ide.mcu.externaltools.gnu-tools-for-stm32.10.3-2021.10.win32_1.0.100.202210260954/tools/bin/../lib/gcc/arm-none-eabi/10.3.1/thumb/v7e-m+fp/hard/crtn.o

MAPPING_TABLE   0x0000000020030000       0x28
 *(MAPPING_TABLE)
 MAPPING_TABLE  0x0000000020030000       0x28 ./Middlewares/ST/STM32_WPAN/interface/patterns/ble_thread/tl/tl_mbox.o

MB_MEM1         0x0000000020030028      0x1bb
 *(MB_MEM1)
 MB_MEM1        0x0000000020030028       0xb0 ./Middlewares/ST/STM32_WPAN/interface/patterns/ble_thread/tl/tl_mbox.o
 MB_MEM1        0x00000000200300d8      0x10b ./STM32_WPAN/App/app_ble.o
                0x0000000008008089                _siMB_MEM2 = LOADADDR (.MB_MEM2)

.MB_MEM2        0x00000000200301e3        0x0 load address 0x0000000008008089
                0x00000000200301e3                _sMB_MEM2 = .
 *(.MB_MEM2)
                0x00000000200301e3                _eMB_MEM2 = .
OUTPUT(myProj_WB.elf elf32-littlearm)
LOAD linker stubs
LOAD c:/st/stm32cubeide_1.9.0/stm32cubeide/plugins/com.st.stm32cube.ide.mcu.externaltools.gnu-tools-for-stm32.10.3-2021.10.win32_1.0.100.202210260954/tools/bin/../lib/gcc/arm-none-eabi/10.3.1/../../../../arm-none-eabi/lib/thumb/v7e-m+fp/hard\libc.a
LOAD c:/st/stm32cubeide_1.9.0/stm32cubeide/plugins/com.st.stm32cube.ide.mcu.externaltools.gnu-tools-for-stm32.10.3-2021.10.win32_1.0.100.202210260954/tools/bin/../lib/gcc/arm-none-eabi/10.3.1/../../../../arm-none-eabi/lib/thumb/v7e-m+fp/hard\libm.a
LOAD c:/st/stm32cubeide_1.9.0/stm32cubeide/plugins/com.st.stm32cube.ide.mcu.externaltools.gnu-tools-for-stm32.10.3-2021.10.win32_1.0.100.202210260954/tools/bin/../lib/gcc/arm-none-eabi/10.3.1/thumb/v7e-m+fp/hard\libgcc.a

.debug_info     0x0000000000000000    0x24a78
 .debug_info    0x0000000000000000      0xba6 ./Core/Src/app_debug.o
 .debug_info    0x0000000000000ba6     0x1f0c ./Core/Src/app_entry.o
 .debug_info    0x0000000000002ab2     0x12b5 ./Core/Src/hw_timerserver.o
 .debug_info    0x0000000000003d67     0x121d ./Core/Src/main.o
 .debug_info    0x0000000000004f84      0xe65 ./Core/Src/stm32wbxx_hal_msp.o
 .debug_info    0x0000000000005de9      0x191 ./Core/Src/stm32wbxx_it.o
 .debug_info    0x0000000000005f7a      0x741 ./Core/Src/system_stm32wbxx.o
 .debug_info    0x00000000000066bb       0x22 ./Core/Startup/startup_stm32wb55rgvx.o
 .debug_info    0x00000000000066dd     0x1379 ./Drivers/STM32WBxx_HAL_Driver/Src/stm32wbxx_hal.o
 .debug_info    0x0000000000007a56      0xd41 ./Drivers/STM32WBxx_HAL_Driver/Src/stm32wbxx_hal_cortex.o
 .debug_info    0x0000000000008797      0x747 ./Drivers/STM32WBxx_HAL_Driver/Src/stm32wbxx_hal_gpio.o
 .debug_info    0x0000000000008ede      0x3e5 ./Drivers/STM32WBxx_HAL_Driver/Src/stm32wbxx_hal_hsem.o
 .debug_info    0x00000000000092c3      0x82b ./Drivers/STM32WBxx_HAL_Driver/Src/stm32wbxx_hal_ipcc.o
 .debug_info    0x0000000000009aee      0x939 ./Drivers/STM32WBxx_HAL_Driver/Src/stm32wbxx_hal_pwr.o
 .debug_info    0x000000000000a427     0x10e2 ./Drivers/STM32WBxx_HAL_Driver/Src/stm32wbxx_hal_pwr_ex.o
 .debug_info    0x000000000000b509     0x15a4 ./Drivers/STM32WBxx_HAL_Driver/Src/stm32wbxx_hal_rcc.o
 .debug_info    0x000000000000caad     0x1d3c ./Drivers/STM32WBxx_HAL_Driver/Src/stm32wbxx_hal_rcc_ex.o
 .debug_info    0x000000000000e7e9      0xde0 ./Drivers/STM32WBxx_HAL_Driver/Src/stm32wbxx_hal_rtc.o
 .debug_info    0x000000000000f5c9     0x1100 ./Drivers/STM32WBxx_HAL_Driver/Src/stm32wbxx_hal_rtc_ex.o
 .debug_info    0x00000000000106c9     0x3826 ./Middlewares/ST/STM32_WPAN/ble/core/auto/ble_gap_aci.o
 .debug_info    0x0000000000013eef     0x34b8 ./Middlewares/ST/STM32_WPAN/ble/core/auto/ble_gatt_aci.o
 .debug_info    0x00000000000173a7      0xe65 ./Middlewares/ST/STM32_WPAN/ble/core/auto/ble_hal_aci.o
 .debug_info    0x000000000001820c     0x42a6 ./Middlewares/ST/STM32_WPAN/ble/core/auto/ble_hci_le.o
 .debug_info    0x000000000001c4b2      0x1c5 ./Middlewares/ST/STM32_WPAN/ble/core/template/osal.o
 .debug_info    0x000000000001c677      0x4d2 ./Middlewares/ST/STM32_WPAN/ble/svc/Src/svc_ctl.o
 .debug_info    0x000000000001cb49     0x1a47 ./Middlewares/ST/STM32_WPAN/interface/patterns/ble_thread/shci/shci.o
 .debug_info    0x000000000001e590      0x9c2 ./Middlewares/ST/STM32_WPAN/interface/patterns/ble_thread/tl/hci_tl.o
 .debug_info    0x000000000001ef52      0x1f7 ./Middlewares/ST/STM32_WPAN/interface/patterns/ble_thread/tl/hci_tl_if.o
 .debug_info    0x000000000001f149      0x820 ./Middlewares/ST/STM32_WPAN/interface/patterns/ble_thread/tl/shci_tl.o
 .debug_info    0x000000000001f969      0x1f8 ./Middlewares/ST/STM32_WPAN/interface/patterns/ble_thread/tl/shci_tl_if.o
 .debug_info    0x000000000001fb61      0xe0c ./Middlewares/ST/STM32_WPAN/interface/patterns/ble_thread/tl/tl_mbox.o
 .debug_info    0x000000000002096d       0xd4 ./Middlewares/ST/STM32_WPAN/utilities/otp.o
 .debug_info    0x0000000000020a41      0x755 ./Middlewares/ST/STM32_WPAN/utilities/stm_list.o
 .debug_info    0x0000000000021196     0x1330 ./STM32_WPAN/App/app_ble.o
 .debug_info    0x00000000000224c6      0x2a1 ./STM32_WPAN/App/custom_app.o
 .debug_info    0x0000000000022767      0x6ba ./STM32_WPAN/App/custom_stm.o
 .debug_info    0x0000000000022e21      0xe77 ./STM32_WPAN/Target/hw_ipcc.o
 .debug_info    0x0000000000023c98      0x3f6 ./Utilities/lpm/tiny_lpm/stm32_lpm.o
 .debug_info    0x000000000002408e      0x9ea ./Utilities/sequencer/stm32_seq.o

.debug_abbrev   0x0000000000000000     0x4ed5
 .debug_abbrev  0x0000000000000000      0x24c ./Core/Src/app_debug.o
 .debug_abbrev  0x000000000000024c      0x39d ./Core/Src/app_entry.o
 .debug_abbrev  0x00000000000005e9      0x324 ./Core/Src/hw_timerserver.o
 .debug_abbrev  0x000000000000090d      0x2e6 ./Core/Src/main.o
 .debug_abbrev  0x0000000000000bf3      0x20f ./Core/Src/stm32wbxx_hal_msp.o
 .debug_abbrev  0x0000000000000e02       0x87 ./Core/Src/stm32wbxx_it.o
 .debug_abbrev  0x0000000000000e89      0x136 ./Core/Src/system_stm32wbxx.o
 .debug_abbrev  0x0000000000000fbf       0x12 ./Core/Startup/startup_stm32wb55rgvx.o
 .debug_abbrev  0x0000000000000fd1      0x356 ./Drivers/STM32WBxx_HAL_Driver/Src/stm32wbxx_hal.o
 .debug_abbrev  0x0000000000001327      0x30d ./Drivers/STM32WBxx_HAL_Driver/Src/stm32wbxx_hal_cortex.o