../STM32_WPAN/App/app_ble.c:1089:13:Adv_Cancel	8	static
../STM32_WPAN/App/app_ble.c:1199:13:BLE_UserEvtRx	8	static
../STM32_WPAN/App/app_ble.c:1219:13:BLE_StatusNot	0	static
../STM32_WPAN/App/app_ble.c:992:13:Adv_Request.constprop	40	static
../STM32_WPAN/App/app_ble.c:262:6:APP_BLE_Init	120	static
../STM32_WPAN/App/app_ble.c:407:28:SVCCTL_App_Notification	8	static
../STM32_WPAN/App/app_ble.c:671:22:APP_BLE_Get_Server_Connection_Status	0	static
../STM32_WPAN/App/app_ble.c:1178:6:hci_notify_asynch_evt	0	static
../STM32_WPAN/App/app_ble.c:1185:6:hci_cmd_resp_release	0	static
../STM32_WPAN/App/app_ble.c:1192:6:hci_cmd_resp_wait	0	static
../STM32_WPAN/App/app_ble.c:1258:6:SVCCTL_ResumeUserEventFlow	0	static
