Archive member included to satisfy reference by file (symbol)

c:/st/stm32cubeide_1.9.0/stm32cubeide/plugins/com.st.stm32cube.ide.mcu.externaltools.gnu-tools-for-stm32.10.3-2021.10.win32_1.0.100.202210260954/tools/bin/../lib/gcc/arm-none-eabi/10.3.1/../../../../arm-none-eabi/lib/thumb/v7e-m+fp/hard\libc_nano.a(lib_a-errno.o)
                              ./Core/Src/syscalls.o (__errno)
c:/st/stm32cubeide_1.9.0/stm32cubeide/plugins/com.st.stm32cube.ide.mcu.externaltools.gnu-tools-for-stm32.10.3-2021.10.win32_1.0.100.202210260954/tools/bin/../lib/gcc/arm-none-eabi/10.3.1/../../../../arm-none-eabi/lib/thumb/v7e-m+fp/hard\libc_nano.a(lib_a-exit.o)
                              c:/st/stm32cubeide_1.9.0/stm32cubeide/plugins/com.st.stm32cube.ide.mcu.externaltools.gnu-tools-for-stm32.10.3-2021.10.win32_1.0.100.202210260954/tools/bin/../lib/gcc/arm-none-eabi/10.3.1/../../../../arm-none-eabi/lib/thumb/v7e-m+fp/hard/crt0.o (exit)
c:/st/stm32cubeide_1.9.0/stm32cubeide/plugins/com.st.stm32cube.ide.mcu.externaltools.gnu-tools-for-stm32.10.3-2021.10.win32_1.0.100.202210260954/tools/bin/../lib/gcc/arm-none-eabi/10.3.1/../../../../arm-none-eabi/lib/thumb/v7e-m+fp/hard\libc_nano.a(lib_a-impure.o)
                              c:/st/stm32cubeide_1.9.0/stm32cubeide/plugins/com.st.stm32cube.ide.mcu.externaltools.gnu-tools-for-stm32.10.3-2021.10.win32_1.0.100.202210260954/tools/bin/../lib/gcc/arm-none-eabi/10.3.1/../../../../arm-none-eabi/lib/thumb/v7e-m+fp/hard\libc_nano.a(lib_a-exit.o) (_global_impure_ptr)
c:/st/stm32cubeide_1.9.0/stm32cubeide/plugins/com.st.stm32cube.ide.mcu.externaltools.gnu-tools-for-stm32.10.3-2021.10.win32_1.0.100.202210260954/tools/bin/../lib/gcc/arm-none-eabi/10.3.1/../../../../arm-none-eabi/lib/thumb/v7e-m+fp/hard\libc_nano.a(lib_a-init.o)
                              c:/st/stm32cubeide_1.9.0/stm32cubeide/plugins/com.st.stm32cube.ide.mcu.externaltools.gnu-tools-for-stm32.10.3-2021.10.win32_1.0.100.202210260954/tools/bin/../lib/gcc/arm-none-eabi/10.3.1/../../../../arm-none-eabi/lib/thumb/v7e-m+fp/hard/crt0.o (__libc_init_array)
c:/st/stm32cubeide_1.9.0/stm32cubeide/plugins/com.st.stm32cube.ide.mcu.externaltools.gnu-tools-for-stm32.10.3-2021.10.win32_1.0.100.202210260954/tools/bin/../lib/gcc/arm-none-eabi/10.3.1/../../../../arm-none-eabi/lib/thumb/v7e-m+fp/hard\libc_nano.a(lib_a-memcmp.o)
                              ./Middlewares/ST/STM32_WPAN/ble/core/template/osal.o (memcmp)
c:/st/stm32cubeide_1.9.0/stm32cubeide/plugins/com.st.stm32cube.ide.mcu.externaltools.gnu-tools-for-stm32.10.3-2021.10.win32_1.0.100.202210260954/tools/bin/../lib/gcc/arm-none-eabi/10.3.1/../../../../arm-none-eabi/lib/thumb/v7e-m+fp/hard\libc_nano.a(lib_a-memcpy-stub.o)
                              ./Middlewares/ST/STM32_WPAN/ble/core/template/osal.o (memcpy)
c:/st/stm32cubeide_1.9.0/stm32cubeide/plugins/com.st.stm32cube.ide.mcu.externaltools.gnu-tools-for-stm32.10.3-2021.10.win32_1.0.100.202210260954/tools/bin/../lib/gcc/arm-none-eabi/10.3.1/../../../../arm-none-eabi/lib/thumb/v7e-m+fp/hard\libc_nano.a(lib_a-memset.o)
                              c:/st/stm32cubeide_1.9.0/stm32cubeide/plugins/com.st.stm32cube.ide.mcu.externaltools.gnu-tools-for-stm32.10.3-2021.10.win32_1.0.100.202210260954/tools/bin/../lib/gcc/arm-none-eabi/10.3.1/../../../../arm-none-eabi/lib/thumb/v7e-m+fp/hard/crt0.o (memset)
c:/st/stm32cubeide_1.9.0/stm32cubeide/plugins/com.st.stm32cube.ide.mcu.externaltools.gnu-tools-for-stm32.10.3-2021.10.win32_1.0.100.202210260954/tools/bin/../lib/gcc/arm-none-eabi/10.3.1/../../../../arm-none-eabi/lib/thumb/v7e-m+fp/hard\libc_nano.a(lib_a-printf.o)
                              ./Middlewares/ST/STM32_WPAN/utilities/dbg_trace.o (printf)
c:/st/stm32cubeide_1.9.0/stm32cubeide/plugins/com.st.stm32cube.ide.mcu.externaltools.gnu-tools-for-stm32.10.3-2021.10.win32_1.0.100.202210260954/tools/bin/../lib/gcc/arm-none-eabi/10.3.1/../../../../arm-none-eabi/lib/thumb/v7e-m+fp/hard\libc_nano.a(lib_a-strrchr.o)
                              ./Middlewares/ST/STM32_WPAN/utilities/dbg_trace.o (strrchr)
c:/st/stm32cubeide_1.9.0/stm32cubeide/plugins/com.st.stm32cube.ide.mcu.externaltools.gnu-tools-for-stm32.10.3-2021.10.win32_1.0.100.202210260954/tools/bin/../lib/gcc/arm-none-eabi/10.3.1/../../../../arm-none-eabi/lib/thumb/v7e-m+fp/hard\libc_nano.a(lib_a-vprintf.o)
                              ./Middlewares/ST/STM32_WPAN/utilities/dbg_trace.o (vprintf)
c:/st/stm32cubeide_1.9.0/stm32cubeide/plugins/com.st.stm32cube.ide.mcu.externaltools.gnu-tools-for-stm32.10.3-2021.10.win32_1.0.100.202210260954/tools/bin/../lib/gcc/arm-none-eabi/10.3.1/../../../../arm-none-eabi/lib/thumb/v7e-m+fp/hard\libc_nano.a(lib_a-findfp.o)
                              c:/st/stm32cubeide_1.9.0/stm32cubeide/plugins/com.st.stm32cube.ide.mcu.externaltools.gnu-tools-for-stm32.10.3-2021.10.win32_1.0.100.202210260954/tools/bin/../lib/gcc/arm-none-eabi/10.3.1/../../../../arm-none-eabi/lib/thumb/v7e-m+fp/hard\libc_nano.a(lib_a-printf.o) (__sinit)
[...]
Memory Configuration

Name             Origin             Length             Attributes
FLASH            0x0000000008000000 0x0000000000080000 xr
RAM1             0x0000000020000008 0x000000000002fff8 xrw
RAM_SHARED       0x0000000020030000 0x0000000000002800 xrw
*default*        0x0000000000000000 0xffffffffffffffff

Linker script and memory map

LOAD c:/st/stm32cubeide_1.9.0/stm32cubeide/plugins/com.st.stm32cube.ide.mcu.externaltools.gnu-tools-for-stm32.10.3-2021.10.win32_1.0.100.202210260954/tools/bin/../lib/gcc/arm-none-eabi/10.3.1/thumb/v7e-m+fp/hard/crti.o
LOAD c:/st/stm32cubeide_1.9.0/stm32cubeide/plugins/com.st.stm32cube.ide.mcu.externaltools.gnu-tools-for-stm32.10.3-2021.10.win32_1.0.100.202210260954/tools/bin/../lib/gcc/arm-none-eabi/10.3.1/thumb/v7e-m+fp/hard/crtbegin.o
LOAD c:/st/stm32cubeide_1.9.0/stm32cubeide/plugins/com.st.stm32cube.ide.mcu.externaltools.gnu-tools-for-stm32.10.3-2021.10.win32_1.0.100.202210260954/tools/bin/../lib/gcc/arm-none-eabi/10.3.1/../../../../arm-none-eabi/lib/thumb/v7e-m+fp/hard/crt0.o
LOAD ./Core/Src/app_debug.o
LOAD ./Core/Src/app_entry.o
LOAD ./Core/Src/hw_timerserver.o
LOAD ./Core/Src/main.o
LOAD ./Core/Src/stm32_lpm_if.o
LOAD ./Core/Src/stm32wbxx_hal_msp.o
LOAD ./Core/Src/stm32wbxx_it.o
LOAD ./Core/Src/syscalls.o
LOAD ./Core/Src/sysmem.o
LOAD ./Core/Src/system_stm32wbxx.o
LOAD ./Core/Startup/startup_stm32wb55rgvx.o
LOAD ./Drivers/STM32WBxx_HAL_Driver/Src/stm32wbxx_hal.o
LOAD ./Drivers/STM32WBxx_HAL_Driver/Src/stm32wbxx_hal_cortex.o
LOAD ./Drivers/STM32WBxx_HAL_Driver/Src/stm32wbxx_hal_dma.o
LOAD ./Drivers/STM32WBxx_HAL_Driver/Src/stm32wbxx_hal_dma_ex.o
LOAD ./Drivers/STM32WBxx_HAL_Driver/Src/stm32wbxx_hal_exti.o
LOAD ./Drivers/STM32WBxx_HAL_Driver/Src/stm32wbxx_hal_flash.o
LOAD ./Drivers/STM32WBxx_HAL_Driver/Src/stm32wbxx_hal_flash_ex.o
LOAD ./Drivers/STM32WBxx_HAL_Driver/Src/stm32wbxx_hal_gpio.o
LOAD ./Drivers/STM32WBxx_HAL_Driver/Src/stm32wbxx_hal_hsem.o
LOAD ./Drivers/STM32WBxx_HAL_Driver/Src/stm32wbxx_hal_ipcc.o
LOAD ./Drivers/STM32WBxx_HAL_Driver/Src/stm32wbxx_hal_pwr.o
LOAD ./Drivers/STM32WBxx_HAL_Driver/Src/stm32wbxx_hal_pwr_ex.o
LOAD ./Drivers/STM32WBxx_HAL_Driver/Src/stm32wbxx_hal_rcc.o
LOAD ./Drivers/STM32WBxx_HAL_Driver/Src/stm32wbxx_hal_rcc_ex.o
LOAD ./Drivers/STM32WBxx_HAL_Driver/Src/stm32wbxx_hal_rtc.o
LOAD ./Drivers/STM32WBxx_HAL_Driver/Src/stm32wbxx_hal_rtc_ex.o
LOAD ./Drivers/STM32WBxx_HAL_Driver/Src/stm32wbxx_hal_tim.o
LOAD ./Drivers/STM32WBxx_HAL_Driver/Src/stm32wbxx_hal_tim_ex.o
LOAD ./Drivers/STM32WBxx_HAL_Driver/Src/stm32wbxx_ll_rcc.o
LOAD ./Middlewares/ST/STM32_WPAN/ble/core/auto/ble_events.o
LOAD ./Middlewares/ST/STM32_WPAN/ble/core/auto/ble_gap_aci.o
LOAD ./Middlewares/ST/STM32_WPAN/ble/core/auto/ble_gatt_aci.o
LOAD ./Middlewares/ST/STM32_WPAN/ble/core/auto/ble_hal_aci.o
LOAD ./Middlewares/ST/STM32_WPAN/ble/core/auto/ble_hci_le.o
LOAD ./Middlewares/ST/STM32_WPAN/ble/core/auto/ble_l2cap_aci.o
LOAD ./Middlewares/ST/STM32_WPAN/ble/core/template/osal.o
LOAD ./Middlewares/ST/STM32_WPAN/ble/svc/Src/svc_ctl.o
LOAD ./Middlewares/ST/STM32_WPAN/interface/patterns/ble_thread/shci/shci.o
LOAD ./Middlewares/ST/STM32_WPAN/interface/patterns/ble_thread/tl/hci_tl.o
LOAD ./Middlewares/ST/STM32_WPAN/interface/patterns/ble_thread/tl/hci_tl_if.o
LOAD ./Middlewares/ST/STM32_WPAN/interface/patterns/ble_thread/tl/shci_tl.o
LOAD ./Middlewares/ST/STM32_WPAN/interface/patterns/ble_thread/tl/shci_tl_if.o
LOAD ./Middlewares/ST/STM32_WPAN/interface/patterns/ble_thread/tl/tl_mbox.o
LOAD ./Middlewares/ST/STM32_WPAN/utilities/dbg_trace.o
LOAD ./Middlewares/ST/STM32_WPAN/utilities/otp.o
LOAD ./Middlewares/ST/STM32_WPAN/utilities/stm_list.o
LOAD ./Middlewares/ST/STM32_WPAN/utilities/stm_queue.o
LOAD ./STM32_WPAN/App/app_ble.o
LOAD ./STM32_WPAN/App/custom_app.o
LOAD ./STM32_WPAN/App/custom_stm.o
LOAD ./STM32_WPAN/Target/hw_ipcc.o
LOAD ./Utilities/lpm/tiny_lpm/stm32_lpm.o
LOAD ./Utilities/sequencer/stm32_seq.o
START GROUP
LOAD c:/st/stm32cubeide_1.9.0/stm32cubeide/plugins/com.st.stm32cube.ide.mcu.externaltools.gnu-tools-for-stm32.10.3-2021.10.win32_1.0.100.202210260954/tools/bin/../lib/gcc/arm-none-eabi/10.3.1/../../../../arm-none-eabi/lib/thumb/v7e-m+fp/hard\libc_nano.a
LOAD c:/st/stm32cubeide_1.9.0/stm32cubeide/plugins/com.st.stm32cube.ide.mcu.externaltools.gnu-tools-for-stm32.10.3-2021.10.win32_1.0.100.202210260954/tools/bin/../lib/gcc/arm-none-eabi/10.3.1/../../../../arm-none-eabi/lib/thumb/v7e-m+fp/hard\libm.a
END GROUP
START GROUP
LOAD c:/st/stm32cubeide_1.9.0/stm32cubeide/plugins/com.st.stm32cube.ide.mcu.externaltools.gnu-tools-for-stm32.10.3-2021.10.win32_1.0.100.202210260954/tools/bin/../lib/gcc/arm-none-eabi/10.3.1/thumb/v7e-m+fp/hard\libgcc.a
LOAD c:/st/stm32cubeide_1.9.0/stm32cubeide/plugins/com.st.stm32cube.ide.mcu.externaltools.gnu-tools-for-stm32.10.3-2021.10.win32_1.0.100.202210260954/tools/bin/../lib/gcc/arm-none-eabi/10.3.1/../../../../arm-none-eabi/lib/thumb/v7e-m+fp/hard\libc_nano.a
END GROUP
START GROUP
LOAD c:/st/stm32cubeide_1.9.0/stm32cubeide/plugins/com.st.stm32cube.ide.mcu.externaltools.gnu-tools-for-stm32.10.3-2021.10.win32_1.0.100.202210260954/tools/bin/../lib/gcc/arm-none-eabi/10.3.1/thumb/v7e-m+fp/hard\libgcc.a
LOAD c:/st/stm32cubeide_1.9.0/stm32cubeide/plugins/com.st.stm32cube.ide.mcu.externaltools.gnu-tools-for-stm32.10.3-2021.10.win32_1.0.100.202210260954/tools/bin/../lib/gcc/arm-none-eabi/10.3.1/../../../../arm-none-eabi/lib/thumb/v7e-m+fp/hard\libc_nano.a
LOAD c:/st/stm32cubeide_1.9.0/stm32cubeide/plugins/com.st.stm32cube.ide.mcu.externaltools.gnu-tools-for-stm32.10.3-2021.10.win32_1.0.100.202210260954/tools/bin/../lib/gcc/arm-none-eabi/10.3.1/../../../../arm-none-eabi/lib/thumb/v7e-m+fp/hard\libnosys.a
END GROUP
START GROUP
LOAD c:/st/stm32cubeide_1.9.0/stm32cubeide/plugins/com.st.stm32cube.ide.mcu.externaltools.gnu-tools-for-stm32.10.3-2021.10.win32_1.0.100.202210260954/tools/bin/../lib/gcc/arm-none-eabi/10.3.1/thumb/v7e-m+fp/hard\libgcc.a
LOAD c:/st/stm32cubeide_1.9.0/stm32cubeide/plugins/com.st.stm32cube.ide.mcu.externaltools.gnu-tools-for-stm32.10.3-2021.10.win32_1.0.100.202210260954/tools/bin/../lib/gcc/arm-none-eabi/10.3.1/../../../../arm-none-eabi/lib/thumb/v7e-m+fp/hard\libc_nano.a
LOAD c:/st/stm32cubeide_1.9.0/stm32cubeide/plugins/com.st.stm32cube.ide.mcu.externaltools.gnu-tools-for-stm32.10.3-2021.10.win32_1.0.100.202210260954/tools/bin/../lib/gcc/arm-none-eabi/10.3.1/../../../../arm-none-eabi/lib/thumb/v7e-m+fp/hard\libnosys.a
END GROUP
LOAD c:/st/stm32cubeide_1.9.0/stm32cubeide/plugins/com.st.stm32cube.ide.mcu.externaltools.gnu-tools-for-stm32.10.3-2021.10.win32_1.0.100.202210260954/tools/bin/../lib/gcc/arm-none-eabi/10.3.1/thumb/v7e-m+fp/hard/crtend.o
LOAD c:/st/stm32cubeide_1.9.0/stm32cubeide/plugins/com.st.stm32cube.ide.mcu.externaltools.gnu-tools-for-stm32.10.3-2021.10.win32_1.0.100.202210260954/tools/bin/../lib/gcc/arm-none-eabi/10.3.1/thumb/v7e-m+fp/hard/crtn.o
                0x0000000020030000                _estack = (ORIGIN (RAM1) + LENGTH (RAM1))
                0x0000000000000200                _Min_Heap_Size = 0x200
                0x0000000000000400                _Min_Stack_Size = 0x400

.isr_vector     0x0000000008000000      0x13c
                0x0000000008000000                . = ALIGN (0x4)
 *(.isr_vector)
 .isr_vector    0x0000000008000000      0x13c ./Core/Startup/startup_stm32wb55rgvx.o
                0x0000000008000000                g_pfnVectors
                0x000000000800013c                . = ALIGN (0x4)

.text           0x000000000800013c     0x3798
                0x000000000800013c                . = ALIGN (0x4)
 *(.text)
 .text          0x000000000800013c       0x40 c:/st/stm32cubeide_1.9.0/stm32cubeide/plugins/com.st.stm32cube.ide.mcu.externaltools.gnu-tools-for-stm32.10.3-2021.10.win32_1.0.100.202210260954/tools/bin/../lib/gcc/arm-none-eabi/10.3.1/thumb/v7e-m+fp/hard/crtbegin.o
 *(.text*)
 .text.APPD_EnableCPU2
                0x000000000800017c       0x38 ./Core/Src/app_debug.o
                0x000000000800017c                APPD_EnableCPU2
 .text.APPE_SysStatusNot
                0x00000000080001b4        0x2 ./Core/Src/app_entry.o
 *fill*         0x00000000080001b6        0x2 
 .text.APPE_SysUserEvtRx
                0x00000000080001b8       0x74 ./Core/Src/app_entry.o
 .text.MX_APPE_Config
                0x000000000800022c       0xac ./Core/Src/app_entry.o
                0x000000000800022c                MX_APPE_Config
 .text.Init_Exti
                0x00000000080002d8       0x14 ./Core/Src/app_entry.o
                0x00000000080002d8                Init_Exti
 .text.MX_APPE_Init
                0x00000000080002ec       0xa8 ./Core/Src/app_entry.o
                0x00000000080002ec                MX_APPE_Init
 .text.MX_APPE_Process
                0x0000000008000394        0x8 ./Core/Src/app_entry.o
                0x0000000008000394                MX_APPE_Process
 .text.UTIL_SEQ_Idle
                0x000000000800039c        0x2 ./Core/Src/app_entry.o
                0x000000000800039c                UTIL_SEQ_Idle
 .text.UTIL_SEQ_EvtIdle
                0x000000000800039e        0x8 ./Core/Src/app_entry.o
                0x000000000800039e                UTIL_SEQ_EvtIdle
 .text.shci_notify_asynch_evt
                0x00000000080003a6        0x8 ./Core/Src/app_entry.o
                0x00000000080003a6                shci_notify_asynch_evt
 .text.shci_cmd_resp_release
                0x00000000080003ae        0x6 ./Core/Src/app_entry.o
                0x00000000080003ae                shci_cmd_resp_release
 .text.shci_cmd_resp_wait
                0x00000000080003b4        0x6 ./Core/Src/app_entry.o
                0x00000000080003b4                shci_cmd_resp_wait
 *fill*         0x00000000080003ba        0x2 
 .text.ReadRtcSsrValue
                0x00000000080003bc       0x1c ./Core/Src/hw_timerserver.o
 .text.UnlinkTimer
                0x00000000080003d8       0x80 ./Core/Src/hw_timerserver.o
 .text.ReturnTimeElapsed
                0x0000000008000458       0x48 ./Core/Src/hw_timerserver.o
 .text.RescheduleTimerList
                0x00000000080004a0      0x114 ./Core/Src/hw_timerserver.o
 .text.HW_TS_Init
                0x00000000080005b4      0x130 ./Core/Src/hw_timerserver.o
                0x00000000080005b4                HW_TS_Init
 .text.HW_TS_Stop
                0x00000000080006e4       0xb0 ./Core/Src/hw_timerserver.o
                0x00000000080006e4                HW_TS_Stop
 .text.HW_TS_Start
                0x0000000008000794      0x158 ./Core/Src/hw_timerserver.o
                0x0000000008000794                HW_TS_Start
 .text.HW_TS_RTC_Int_AppNot
                0x00000000080008ec        0x2 ./Core/Src/hw_timerserver.o
                0x00000000080008ec                HW_TS_RTC_Int_AppNot
 *fill*         0x00000000080008ee        0x2 
 .text.HW_TS_RTC_Wakeup_Handler
                0x00000000080008f0       0xc4 ./Core/Src/hw_timerserver.o
                0x00000000080008f0                HW_TS_RTC_Wakeup_Handler
 .text.LL_AHB2_GRP1_EnableClock
                0x00000000080009b4       0x18 ./Core/Src/main.o
 .text.SystemClock_Config
                0x00000000080009cc       0x9e ./Core/Src/main.o
                0x00000000080009cc                SystemClock_Config
 .text.PeriphCommonClock_Config
                0x0000000008000a6a       0x2c ./Core/Src/main.o
                0x0000000008000a6a                PeriphCommonClock_Config
 *fill*         0x0000000008000a96        0x2 
 .text.startup.main
                0x0000000008000a98      0x114 ./Core/Src/main.o
                0x0000000008000a98                main
 .text.Error_Handler
                0x0000000008000bac        0x4 ./Core/Src/main.o
                0x0000000008000bac                Error_Handler
 .text.HAL_MspInit
                0x0000000008000bb0       0x2e ./Core/Src/stm32wbxx_hal_msp.o
                0x0000000008000bb0                HAL_MspInit
 *fill*         0x0000000008000bde        0x2 
 .text.HAL_IPCC_MspInit
                0x0000000008000be0       0x50 ./Core/Src/stm32wbxx_hal_msp.o
                0x0000000008000be0                HAL_IPCC_MspInit
 .text.HAL_RTC_MspInit
                0x0000000008000c30       0x6c ./Core/Src/stm32wbxx_hal_msp.o
                0x0000000008000c30                HAL_RTC_MspInit
 .text.NMI_Handler
                0x0000000008000c9c        0x2 ./Core/Src/stm32wbxx_it.o
                0x0000000008000c9c                NMI_Handler
 .text.HardFault_Handler
                0x0000000008000c9e        0x2 ./Core/Src/stm32wbxx_it.o
                0x0000000008000c9e                HardFault_Handler
 .text.MemManage_Handler
                0x0000000008000ca0        0x2 ./Core/Src/stm32wbxx_it.o
                0x0000000008000ca0                MemManage_Handler
 .text.BusFault_Handler
                0x0000000008000ca2        0x2 ./Core/Src/stm32wbxx_it.o
                0x0000000008000ca2                BusFault_Handler
 .text.UsageFault_Handler
                0x0000000008000ca4        0x2 ./Core/Src/stm32wbxx_it.o
                0x0000000008000ca4                UsageFault_Handler
 .text.SVC_Handler
                0x0000000008000ca6        0x2 ./Core/Src/stm32wbxx_it.o
                0x0000000008000ca6                SVC_Handler
 .text.DebugMon_Handler
                0x0000000008000ca8        0x2 ./Core/Src/stm32wbxx_it.o
                0x0000000008000ca8                DebugMon_Handler
 .text.PendSV_Handler
                0x0000000008000caa        0x2 ./Core/Src/stm32wbxx_it.o
                0x0000000008000caa                PendSV_Handler
 .text.SysTick_Handler
                0x0000000008000cac        0x4 ./Core/Src/stm32wbxx_it.o
                0x0000000008000cac                SysTick_Handler
 .text.RTC_WKUP_IRQHandler
                0x0000000008000cb0        0x4 ./Core/Src/stm32wbxx_it.o
                0x0000000008000cb0                RTC_WKUP_IRQHandler
 .text.IPCC_C1_RX_IRQHandler
                0x0000000008000cb4        0x4 ./Core/Src/stm32wbxx_it.o
                0x0000000008000cb4                IPCC_C1_RX_IRQHandler
 .text.IPCC_C1_TX_IRQHandler
                0x0000000008000cb8        0x4 ./Core/Src/stm32wbxx_it.o
                0x0000000008000cb8                IPCC_C1_TX_IRQHandler
 .text.HSEM_IRQHandler
                0x0000000008000cbc        0x4 ./Core/Src/stm32wbxx_it.o
                0x0000000008000cbc                HSEM_IRQHandler
 .text.SystemInit
                0x0000000008000cc0       0x64 ./Core/Src/system_stm32wbxx.o
                0x0000000008000cc0                SystemInit
 .text.data_initializers
                0x0000000008000d24       0x18 ./Core/Startup/startup_stm32wb55rgvx.o
 .text.Reset_Handler
                0x0000000008000d3c       0x58 ./Core/Startup/startup_stm32wb55rgvx.o
                0x0000000008000d3c                Reset_Handler
 .text.Default_Handler
                0x0000000008000d94        0x2 ./Core/Startup/startup_stm32wb55rgvx.o
                0x0000000008000d94                RTC_Alarm_IRQHandler
                0x0000000008000d94                EXTI2_IRQHandler
                0x0000000008000d94                TIM1_CC_IRQHandler
                0x0000000008000d94                TSC_IRQHandler
                0x0000000008000d94                USB_HP_IRQHandler
                0x0000000008000d94                EXTI3_IRQHandler
                0x0000000008000d94                LPTIM2_IRQHandler
                0x0000000008000d94                I2C3_ER_IRQHandler
                0x0000000008000d94                EXTI0_IRQHandler
                0x0000000008000d94                FPU_IRQHandler
                0x0000000008000d94                TIM1_UP_TIM16_IRQHandler
                0x0000000008000d94                AES1_IRQHandler
                0x0000000008000d94                SPI1_IRQHandler
                0x0000000008000d94                PWR_SOTF_BLEACT_802ACT_RFPHASE_IRQHandler
                0x0000000008000d94                DMA2_Channel2_IRQHandler
                0x0000000008000d94                DMA1_Channel4_IRQHandler
                0x0000000008000d94                ADC1_IRQHandler
                0x0000000008000d94                PKA_IRQHandler
                0x0000000008000d94                DMA1_Channel7_IRQHandler
                0x0000000008000d94                LCD_IRQHandler
                0x0000000008000d94                DMA2_Channel1_IRQHandler
                0x0000000008000d94                QUADSPI_IRQHandler
                0x0000000008000d94                I2C1_EV_IRQHandler
                0x0000000008000d94                DMAMUX1_OVR_IRQHandler
                0x0000000008000d94                DMA1_Channel6_IRQHandler
                0x0000000008000d94                DMA2_Channel4_IRQHandler
                0x0000000008000d94                RCC_IRQHandler
                0x0000000008000d94                DMA1_Channel1_IRQHandler
                0x0000000008000d94                Default_Handler
                0x0000000008000d94                DMA2_Channel7_IRQHandler
                0x0000000008000d94                EXTI15_10_IRQHandler
                0x0000000008000d94                C2SEV_PWR_C2H_IRQHandler
                0x0000000008000d94                AES2_IRQHandler
                0x0000000008000d94                I2C3_EV_IRQHandler
                0x0000000008000d94                EXTI9_5_IRQHandler
                0x0000000008000d94                PVD_PVM_IRQHandler
                0x0000000008000d94                SPI2_IRQHandler
                0x0000000008000d94                DMA2_Channel5_IRQHandler
                0x0000000008000d94                CRS_IRQHandler
                0x0000000008000d94                DMA1_Channel5_IRQHandler
                0x0000000008000d94                USB_LP_IRQHandler
                0x0000000008000d94                EXTI4_IRQHandler
                0x0000000008000d94                RNG_IRQHandler
                0x0000000008000d94                TIM1_TRG_COM_TIM17_IRQHandler
                0x0000000008000d94                TAMP_STAMP_LSECSS_IRQHandler
                0x0000000008000d94                DMA1_Channel3_IRQHandler
                0x0000000008000d94                COMP_IRQHandler
                0x0000000008000d94                WWDG_IRQHandler
                0x0000000008000d94                LPUART1_IRQHandler
                0x0000000008000d94                DMA2_Channel6_IRQHandler
                0x0000000008000d94                TIM2_IRQHandler
                0x0000000008000d94                TIM1_BRK_IRQHandler
                0x0000000008000d94                EXTI1_IRQHandler
                0x0000000008000d94                DMA1_Channel2_IRQHandler
                0x0000000008000d94                FLASH_IRQHandler
                0x0000000008000d94                USART1_IRQHandler
                0x0000000008000d94                I2C1_ER_IRQHandler
                0x0000000008000d94                LPTIM1_IRQHandler
                0x0000000008000d94                SAI1_IRQHandler
                0x0000000008000d94                DMA2_Channel3_IRQHandler
 *fill*         0x0000000008000d96        0x2 
 .text.HAL_InitTick
                0x0000000008000d98       0x4c ./Drivers/STM32WBxx_HAL_Driver/Src/stm32wbxx_hal.o
                0x0000000008000d98                HAL_InitTick
 .text.HAL_Init
                0x0000000008000de4       0x2c ./Drivers/STM32WBxx_HAL_Driver/Src/stm32wbxx_hal.o
                0x0000000008000de4                HAL_Init
 .text.HAL_IncTick
                0x0000000008000e10       0x18 ./Drivers/STM32WBxx_HAL_Driver/Src/stm32wbxx_hal.o
                0x0000000008000e10                HAL_IncTick
 .text.HAL_GetTick
                0x0000000008000e28        0xc ./Drivers/STM32WBxx_HAL_Driver/Src/stm32wbxx_hal.o
                0x0000000008000e28                HAL_GetTick
 .text.HAL_GetTickPrio
                0x0000000008000e34        0xc ./Drivers/STM32WBxx_HAL_Driver/Src/stm32wbxx_hal.o
                0x0000000008000e34                HAL_GetTickPrio
 .text.HAL_NVIC_SetPriorityGrouping
                0x0000000008000e40       0x24 ./Drivers/STM32WBxx_HAL_Driver/Src/stm32wbxx_hal_cortex.o
                0x0000000008000e40                HAL_NVIC_SetPriorityGrouping
 .text.HAL_NVIC_SetPriority
                0x0000000008000e64       0x64 ./Drivers/STM32WBxx_HAL_Driver/Src/stm32wbxx_hal_cortex.o
                0x0000000008000e64                HAL_NVIC_SetPriority
 .text.HAL_NVIC_EnableIRQ
                0x0000000008000ec8       0x1c ./Drivers/STM32WBxx_HAL_Driver/Src/stm32wbxx_hal_cortex.o
                0x0000000008000ec8                HAL_NVIC_EnableIRQ
 .text.HAL_NVIC_DisableIRQ
                0x0000000008000ee4       0x28 ./Drivers/STM32WBxx_HAL_Driver/Src/stm32wbxx_hal_cortex.o
                0x0000000008000ee4                HAL_NVIC_DisableIRQ
 .text.HAL_SYSTICK_Config
                0x0000000008000f0c       0x28 ./Drivers/STM32WBxx_HAL_Driver/Src/stm32wbxx_hal_cortex.o
                0x0000000008000f0c                HAL_SYSTICK_Config
 .text.HAL_NVIC_SetPendingIRQ
                0x0000000008000f34       0x20 ./Drivers/STM32WBxx_HAL_Driver/Src/stm32wbxx_hal_cortex.o
                0x0000000008000f34                HAL_NVIC_SetPendingIRQ
 .text.HAL_NVIC_ClearPendingIRQ
                0x0000000008000f54       0x20 ./Drivers/STM32WBxx_HAL_Driver/Src/stm32wbxx_hal_cortex.o
                0x0000000008000f54                HAL_NVIC_ClearPendingIRQ
 .text.HAL_GPIO_Init
                0x0000000008000f74      0x16c ./Drivers/STM32WBxx_HAL_Driver/Src/stm32wbxx_hal_gpio.o
                0x0000000008000f74                HAL_GPIO_Init
 .text.HAL_GPIO_WritePin
                0x00000000080010e0        0xa ./Drivers/STM32WBxx_HAL_Driver/Src/stm32wbxx_hal_gpio.o
                0x00000000080010e0                HAL_GPIO_WritePin
 .text.HAL_GPIO_TogglePin
                0x00000000080010ea       0x12 ./Drivers/STM32WBxx_HAL_Driver/Src/stm32wbxx_hal_gpio.o
                0x00000000080010ea                HAL_GPIO_TogglePin
 .text.HAL_HSEM_FreeCallback
                0x00000000080010fc        0x2 ./Drivers/STM32WBxx_HAL_Driver/Src/stm32wbxx_hal_hsem.o
                0x00000000080010fc                HAL_HSEM_FreeCallback
 *fill*         0x00000000080010fe        0x2 
 .text.HAL_HSEM_IRQHandler
                0x0000000008001100       0x1c ./Drivers/STM32WBxx_HAL_Driver/Src/stm32wbxx_hal_hsem.o
                0x0000000008001100                HAL_HSEM_IRQHandler
 .text.HAL_IPCC_TxCallback
                0x000000000800111c        0x2 ./Drivers/STM32WBxx_HAL_Driver/Src/stm32wbxx_hal_ipcc.o
                0x000000000800111c                HAL_IPCC_TxCallback
 .text.HAL_IPCC_RxCallback
                0x000000000800111e        0x2 ./Drivers/STM32WBxx_HAL_Driver/Src/stm32wbxx_hal_ipcc.o
                0x000000000800111e                HAL_IPCC_RxCallback
 .text.IPCC_SetDefaultCallbacks
                0x0000000008001120       0x1c ./Drivers/STM32WBxx_HAL_Driver/Src/stm32wbxx_hal_ipcc.o
                0x0000000008001120                IPCC_SetDefaultCallbacks
 .text.HAL_IPCC_Init
                0x000000000800113c       0x44 ./Drivers/STM32WBxx_HAL_Driver/Src/stm32wbxx_hal_ipcc.o
                0x000000000800113c                HAL_IPCC_Init
 .text.HAL_PWR_EnableBkUpAccess
                0x0000000008001180       0x10 ./Drivers/STM32WBxx_HAL_Driver/Src/stm32wbxx_hal_pwr.o
                0x0000000008001180                HAL_PWR_EnableBkUpAccess
 .text.HAL_PWREx_GetVoltageRange
                0x0000000008001190       0x10 ./Drivers/STM32WBxx_HAL_Driver/Src/stm32wbxx_hal_pwr_ex.o
                0x0000000008001190                HAL_PWREx_GetVoltageRange
 .text.LL_RCC_LSI1_IsReady
                0x00000000080011a0        0xe ./Drivers/STM32WBxx_HAL_Driver/Src/stm32wbxx_hal_rcc.o
 .text.LL_RCC_MSI_IsReady
                0x00000000080011ae        0xc ./Drivers/STM32WBxx_HAL_Driver/Src/stm32wbxx_hal_rcc.o
 .text.LL_RCC_MSI_SetRange
                0x00000000080011ba       0x10 ./Drivers/STM32WBxx_HAL_Driver/Src/stm32wbxx_hal_rcc.o
 .text.LL_RCC_MSI_SetCalibTrimming
                0x00000000080011ca       0x12 ./Drivers/STM32WBxx_HAL_Driver/Src/stm32wbxx_hal_rcc.o
 .text.RCC_SetFlashLatencyFromMSIRange
                0x00000000080011dc       0xe8 ./Drivers/STM32WBxx_HAL_Driver/Src/stm32wbxx_hal_rcc.o
 .text.HAL_RCC_GetSysClockFreq
                0x00000000080012c4       0xa4 ./Drivers/STM32WBxx_HAL_Driver/Src/stm32wbxx_hal_rcc.o
                0x00000000080012c4                HAL_RCC_GetSysClockFreq
 .text.HAL_RCC_GetHCLKFreq
                0x0000000008001368       0x20 ./Drivers/STM32WBxx_HAL_Driver/Src/stm32wbxx_hal_rcc.o
                0x0000000008001368                HAL_RCC_GetHCLKFreq
 .text.HAL_RCC_OscConfig
                0x0000000008001388      0x590 ./Drivers/STM32WBxx_HAL_Driver/Src/stm32wbxx_hal_rcc.o
                0x0000000008001388                HAL_RCC_OscConfig
 .text.HAL_RCC_ClockConfig
                0x0000000008001918      0x200 ./Drivers/STM32WBxx_HAL_Driver/Src/stm32wbxx_hal_rcc.o
                0x0000000008001918                HAL_RCC_ClockConfig
 .text.LL_RCC_LSE_IsReady
                0x0000000008001b18        0xe ./Drivers/STM32WBxx_HAL_Driver/Src/stm32wbxx_hal_rcc_ex.o
 .text.LL_RCC_SetI2CClockSource
                0x0000000008001b26       0x20 ./Drivers/STM32WBxx_HAL_Driver/Src/stm32wbxx_hal_rcc_ex.o
 .text.LL_RCC_PLLSAI1_Enable
                0x0000000008001b46        0xe ./Drivers/STM32WBxx_HAL_Driver/Src/stm32wbxx_hal_rcc_ex.o
 .text.LL_RCC_PLLSAI1_Disable
                0x0000000008001b54        0xe ./Drivers/STM32WBxx_HAL_Driver/Src/stm32wbxx_hal_rcc_ex.o
 .text.LL_RCC_PLLSAI1_IsReady
                0x0000000008001b62        0xc ./Drivers/STM32WBxx_HAL_Driver/Src/stm32wbxx_hal_rcc_ex.o
 .text.HAL_RCCEx_PeriphCLKConfig
                0x0000000008001b6e      0x38a ./Drivers/STM32WBxx_HAL_Driver/Src/stm32wbxx_hal_rcc_ex.o
                0x0000000008001b6e                HAL_RCCEx_PeriphCLKConfig
 .text.HAL_RTC_WaitForSynchro
                0x0000000008001ef8       0x30 ./Drivers/STM32WBxx_HAL_Driver/Src/stm32wbxx_hal_rtc.o
                0x0000000008001ef8                HAL_RTC_WaitForSynchro
 .text.RTC_EnterInitMode
                0x0000000008001f28       0x34 ./Drivers/STM32WBxx_HAL_Driver/Src/stm32wbxx_hal_rtc.o
                0x0000000008001f28                RTC_EnterInitMode
 .text.HAL_RTC_Init
                0x0000000008001f5c       0xc4 ./Drivers/STM32WBxx_HAL_Driver/Src/stm32wbxx_hal_rtc.o
                0x0000000008001f5c                HAL_RTC_Init
 .text.HAL_RTCEx_SetWakeUpTimer_IT
                0x0000000008002020       0xf0 ./Drivers/STM32WBxx_HAL_Driver/Src/stm32wbxx_hal_rtc_ex.o
                0x0000000008002020                HAL_RTCEx_SetWakeUpTimer_IT
 .text.aci_gap_set_non_discoverable
                0x0000000008002110       0x3c ./Middlewares/ST/STM32_WPAN/ble/core/auto/ble_gap_aci.o
                0x0000000008002110                aci_gap_set_non_discoverable
 .text.aci_gap_set_discoverable
                0x000000000800214c       0xb0 ./Middlewares/ST/STM32_WPAN/ble/core/auto/ble_gap_aci.o
                0x000000000800214c                aci_gap_set_discoverable
 .text.aci_gap_set_io_capability
                0x00000000080021fc       0x48 ./Middlewares/ST/STM32_WPAN/ble/core/auto/ble_gap_aci.o
                0x00000000080021fc                aci_gap_set_io_capability
 .text.aci_gap_set_authentication_requirement
                0x0000000008002244       0x7c ./Middlewares/ST/STM32_WPAN/ble/core/auto/ble_gap_aci.o
                0x0000000008002244                aci_gap_set_authentication_requirement
 .text.aci_gap_pass_key_resp
                0x00000000080022c0       0x4c ./Middlewares/ST/STM32_WPAN/ble/core/auto/ble_gap_aci.o
                0x00000000080022c0                aci_gap_pass_key_resp
 .text.aci_gap_init
                0x000000000800230c       0x84 ./Middlewares/ST/STM32_WPAN/ble/core/auto/ble_gap_aci.o
                0x000000000800230c                aci_gap_init
 .text.aci_gap_update_adv_data
                0x0000000008002390       0x54 ./Middlewares/ST/STM32_WPAN/ble/core/auto/ble_gap_aci.o
                0x0000000008002390                aci_gap_update_adv_data
 .text.aci_gap_configure_whitelist
                0x00000000080023e4       0x3c ./Middlewares/ST/STM32_WPAN/ble/core/auto/ble_gap_aci.o
                0x00000000080023e4                aci_gap_configure_whitelist
 .text.aci_gap_numeric_comparison_value_confirm_yesno
                0x0000000008002420       0x4c ./Middlewares/ST/STM32_WPAN/ble/core/auto/ble_gap_aci.o
                0x0000000008002420                aci_gap_numeric_comparison_value_confirm_yesno
 .text.aci_gatt_init
                0x000000000800246c       0x3c ./Middlewares/ST/STM32_WPAN/ble/core/auto/ble_gatt_aci.o
                0x000000000800246c                aci_gatt_init
 .text.aci_gatt_add_service
                0x00000000080024a8       0xa0 ./Middlewares/ST/STM32_WPAN/ble/core/auto/ble_gatt_aci.o
                0x00000000080024a8                aci_gatt_add_service
 .text.aci_gatt_add_char
                0x0000000008002548       0xb8 ./Middlewares/ST/STM32_WPAN/ble/core/auto/ble_gatt_aci.o
                0x0000000008002548                aci_gatt_add_char
 .text.aci_gatt_update_char_value
                0x0000000008002600       0x64 ./Middlewares/ST/STM32_WPAN/ble/core/auto/ble_gatt_aci.o
                0x0000000008002600                aci_gatt_update_char_value
 .text.aci_hal_write_config_data
                0x0000000008002664       0x5c ./Middlewares/ST/STM32_WPAN/ble/core/auto/ble_hal_aci.o
                0x0000000008002664                aci_hal_write_config_data
 .text.aci_hal_set_tx_power_level
                0x00000000080026c0       0x4c ./Middlewares/ST/STM32_WPAN/ble/core/auto/ble_hal_aci.o
                0x00000000080026c0                aci_hal_set_tx_power_level
 .text.aci_hal_set_radio_activity_mask
                0x000000000800270c       0x48 ./Middlewares/ST/STM32_WPAN/ble/core/auto/ble_hal_aci.o
                0x000000000800270c                aci_hal_set_radio_activity_mask
 .text.hci_reset
                0x0000000008002754       0x3a ./Middlewares/ST/STM32_WPAN/ble/core/auto/ble_hci_le.o
                0x0000000008002754                hci_reset
 *fill*         0x000000000800278e        0x2 
 .text.hci_le_set_default_phy
                0x0000000008002790       0x50 ./Middlewares/ST/STM32_WPAN/ble/core/auto/ble_hci_le.o
                0x0000000008002790                hci_le_set_default_phy
 .text.Osal_MemCpy
                0x00000000080027e0        0x4 ./Middlewares/ST/STM32_WPAN/ble/core/template/osal.o
                0x00000000080027e0                Osal_MemCpy
 .text.Osal_MemSet
                0x00000000080027e4        0x4 ./Middlewares/ST/STM32_WPAN/ble/core/template/osal.o
                0x00000000080027e4                Osal_MemSet
 .text.BAS_Init
                0x00000000080027e8        0x2 ./Middlewares/ST/STM32_WPAN/ble/svc/Src/svc_ctl.o
                0x00000000080027e8                BAS_Init
 .text.BLS_Init
                0x00000000080027ea        0x2 ./Middlewares/ST/STM32_WPAN/ble/svc/Src/svc_ctl.o
                0x00000000080027ea                BLS_Init
 .text.CRS_STM_Init
                0x00000000080027ec        0x2 ./Middlewares/ST/STM32_WPAN/ble/svc/Src/svc_ctl.o
                0x00000000080027ec                CRS_STM_Init
 .text.DIS_Init
                0x00000000080027ee        0x2 ./Middlewares/ST/STM32_WPAN/ble/svc/Src/svc_ctl.o
                0x00000000080027ee                DIS_Init
 .text.EDS_STM_Init
                0x00000000080027f0        0x2 ./Middlewares/ST/STM32_WPAN/ble/svc/Src/svc_ctl.o
                0x00000000080027f0                EDS_STM_Init
 .text.HIDS_Init
                0x00000000080027f2        0x2 ./Middlewares/ST/STM32_WPAN/ble/svc/Src/svc_ctl.o
                0x00000000080027f2                HIDS_Init
 .text.HRS_Init
                0x00000000080027f4        0x2 ./Middlewares/ST/STM32_WPAN/ble/svc/Src/svc_ctl.o
                0x00000000080027f4                HRS_Init
 .text.HTS_Init
                0x00000000080027f6        0x2 ./Middlewares/ST/STM32_WPAN/ble/svc/Src/svc_ctl.o
                0x00000000080027f6                HTS_Init
 .text.IAS_Init
                0x00000000080027f8        0x2 ./Middlewares/ST/STM32_WPAN/ble/svc/Src/svc_ctl.o
                0x00000000080027f8                IAS_Init
 .text.LLS_Init
                0x00000000080027fa        0x2 ./Middlewares/ST/STM32_WPAN/ble/svc/Src/svc_ctl.o
                0x00000000080027fa                LLS_Init
 .text.TPS_Init
                0x00000000080027fc        0x2 ./Middlewares/ST/STM32_WPAN/ble/svc/Src/svc_ctl.o
                0x00000000080027fc                TPS_Init
 .text.MOTENV_STM_Init
                0x00000000080027fe        0x2 ./Middlewares/ST/STM32_WPAN/ble/svc/Src/svc_ctl.o
                0x00000000080027fe                MOTENV_STM_Init
 .text.P2PS_STM_Init
                0x0000000008002800        0x2 ./Middlewares/ST/STM32_WPAN/ble/svc/Src/svc_ctl.o
                0x0000000008002800                P2PS_STM_Init
 .text.ZDD_STM_Init
                0x0000000008002802        0x2 ./Middlewares/ST/STM32_WPAN/ble/svc/Src/svc_ctl.o
                0x0000000008002802                ZDD_STM_Init
 .text.OTAS_STM_Init
                0x0000000008002804        0x2 ./Middlewares/ST/STM32_WPAN/ble/svc/Src/svc_ctl.o
                0x0000000008002804                OTAS_STM_Init
 .text.MESH_Init
                0x0000000008002806        0x2 ./Middlewares/ST/STM32_WPAN/ble/svc/Src/svc_ctl.o
                0x0000000008002806                MESH_Init
 .text.BVOPUS_STM_Init
                0x0000000008002808        0x2 ./Middlewares/ST/STM32_WPAN/ble/svc/Src/svc_ctl.o
                0x0000000008002808                BVOPUS_STM_Init
 .text.SVCCTL_SvcInit
                0x000000000800280a       0x4c ./Middlewares/ST/STM32_WPAN/ble/svc/Src/svc_ctl.o
                0x000000000800280a                SVCCTL_SvcInit
 *fill*         0x0000000008002856        0x2 
 .text.SVCCTL_Init
                0x0000000008002858       0x18 ./Middlewares/ST/STM32_WPAN/ble/svc/Src/svc_ctl.o
                0x0000000008002858                SVCCTL_Init
 .text.SVCCTL_RegisterSvcHandler
                0x0000000008002870       0x14 ./Middlewares/ST/STM32_WPAN/ble/svc/Src/svc_ctl.o
                0x0000000008002870                SVCCTL_RegisterSvcHandler
 .text.SVCCTL_UserEvtRx
                0x0000000008002884       0x48 ./Middlewares/ST/STM32_WPAN/ble/svc/Src/svc_ctl.o
                0x0000000008002884                SVCCTL_UserEvtRx
 .text.SHCI_C2_BLE_Init
                0x00000000080028cc       0x1c ./Middlewares/ST/STM32_WPAN/interface/patterns/ble_thread/shci/shci.o
                0x00000000080028cc                SHCI_C2_BLE_Init
 .text.SHCI_C2_DEBUG_Init
                0x00000000080028e8       0x1c ./Middlewares/ST/STM32_WPAN/interface/patterns/ble_thread/shci/shci.o
                0x00000000080028e8                SHCI_C2_DEBUG_Init
 .text.SHCI_C2_Config
                0x0000000008002904       0x1a ./Middlewares/ST/STM32_WPAN/interface/patterns/ble_thread/shci/shci.o
                0x0000000008002904                SHCI_C2_Config
 *fill*         0x000000000800291e        0x2 
 .text.SHCI_GetWirelessFwInfo
                0x0000000008002920       0x7c ./Middlewares/ST/STM32_WPAN/interface/patterns/ble_thread/shci/shci.o
                0x0000000008002920                SHCI_GetWirelessFwInfo
 .text.hci_init
                0x000000000800299c       0x54 ./Middlewares/ST/STM32_WPAN/interface/patterns/ble_thread/tl/hci_tl.o
                0x000000000800299c                hci_init
 .text.hci_user_evt_proc
                0x00000000080029f0       0x6c ./Middlewares/ST/STM32_WPAN/interface/patterns/ble_thread/tl/hci_tl.o
                0x00000000080029f0                hci_user_evt_proc
 .text.hci_send_req
                0x0000000008002a5c       0xc8 ./Middlewares/ST/STM32_WPAN/interface/patterns/ble_thread/tl/hci_tl.o
                0x0000000008002a5c                hci_send_req
 .text.TlEvtReceived
                0x0000000008002b24       0x34 ./Middlewares/ST/STM32_WPAN/interface/patterns/ble_thread/tl/hci_tl.o
 .text.hci_register_io_bus
                0x0000000008002b58       0x14 ./Middlewares/ST/STM32_WPAN/interface/patterns/ble_thread/tl/hci_tl_if.o
                0x0000000008002b58                hci_register_io_bus
 .text.TlUserEvtReceived
                0x0000000008002b6c       0x18 ./Middlewares/ST/STM32_WPAN/interface/patterns/ble_thread/tl/shci_tl.o
 .text.Cmd_SetStatus.constprop.0
                0x0000000008002b84       0x18 ./Middlewares/ST/STM32_WPAN/interface/patterns/ble_thread/tl/shci_tl.o
 .text.shci_init
                0x0000000008002b9c       0x54 ./Middlewares/ST/STM32_WPAN/interface/patterns/ble_thread/tl/shci_tl.o
                0x0000000008002b9c                shci_init
 .text.shci_user_evt_proc
                0x0000000008002bf0       0x68 ./Middlewares/ST/STM32_WPAN/interface/patterns/ble_thread/tl/shci_tl.o
                0x0000000008002bf0                shci_user_evt_proc
 .text.shci_send
                0x0000000008002c58       0x6c ./Middlewares/ST/STM32_WPAN/interface/patterns/ble_thread/tl/shci_tl.o
                0x0000000008002c58                shci_send
 .text.TlCmdEvtReceived
                0x0000000008002cc4        0xa ./Middlewares/ST/STM32_WPAN/interface/patterns/ble_thread/tl/shci_tl.o
 *fill*         0x0000000008002cce        0x2 
 .text.shci_register_io_bus
                0x0000000008002cd0       0x14 ./Middlewares/ST/STM32_WPAN/interface/patterns/ble_thread/tl/shci_tl_if.o
                0x0000000008002cd0                shci_register_io_bus
 .text.SendFreeBuf
                0x0000000008002ce4       0x30 ./Middlewares/ST/STM32_WPAN/interface/patterns/ble_thread/tl/tl_mbox.o
 .text.TL_Enable
                0x0000000008002d14        0x4 ./Middlewares/ST/STM32_WPAN/interface/patterns/ble_thread/tl/tl_mbox.o
                0x0000000008002d14                TL_Enable
 .text.TL_Init  0x0000000008002d18       0x48 ./Middlewares/ST/STM32_WPAN/interface/patterns/ble_thread/tl/tl_mbox.o
                0x0000000008002d18                TL_Init
 .text.TL_BLE_Init
                0x0000000008002d60       0x48 ./Middlewares/ST/STM32_WPAN/interface/patterns/ble_thread/tl/tl_mbox.o
                0x0000000008002d60                TL_BLE_Init
 .text.TL_BLE_SendCmd
                0x0000000008002da8       0x1c ./Middlewares/ST/STM32_WPAN/interface/patterns/ble_thread/tl/tl_mbox.o
                0x0000000008002da8                TL_BLE_SendCmd
 .text.HW_IPCC_BLE_RxEvtNot
                0x0000000008002dc4       0x2c ./Middlewares/ST/STM32_WPAN/interface/patterns/ble_thread/tl/tl_mbox.o
                0x0000000008002dc4                HW_IPCC_BLE_RxEvtNot
 .text.HW_IPCC_BLE_AclDataAckNot
                0x0000000008002df0        0xc ./Middlewares/ST/STM32_WPAN/interface/patterns/ble_thread/tl/tl_mbox.o
                0x0000000008002df0                HW_IPCC_BLE_AclDataAckNot
 .text.TL_SYS_Init
                0x0000000008002dfc       0x3c ./Middlewares/ST/STM32_WPAN/interface/patterns/ble_thread/tl/tl_mbox.o
                0x0000000008002dfc                TL_SYS_Init
 .text.TL_SYS_SendCmd
                0x0000000008002e38       0x1c ./Middlewares/ST/STM32_WPAN/interface/patterns/ble_thread/tl/tl_mbox.o
                0x0000000008002e38                TL_SYS_SendCmd
 .text.HW_IPCC_SYS_CmdEvtNot
                0x0000000008002e54       0x18 ./Middlewares/ST/STM32_WPAN/interface/patterns/ble_thread/tl/tl_mbox.o
                0x0000000008002e54                HW_IPCC_SYS_CmdEvtNot
 .text.HW_IPCC_SYS_EvtNot
                0x0000000008002e6c       0x2c ./Middlewares/ST/STM32_WPAN/interface/patterns/ble_thread/tl/tl_mbox.o
                0x0000000008002e6c                HW_IPCC_SYS_EvtNot
 .text.TL_MM_Init
                0x0000000008002e98       0x40 ./Middlewares/ST/STM32_WPAN/interface/patterns/ble_thread/tl/tl_mbox.o
                0x0000000008002e98                TL_MM_Init
 .text.TL_MM_EvtDone
                0x0000000008002ed8       0x1c ./Middlewares/ST/STM32_WPAN/interface/patterns/ble_thread/tl/tl_mbox.o
                0x0000000008002ed8                TL_MM_EvtDone
 .text.TL_TRACES_Init
                0x0000000008002ef4       0x20 ./Middlewares/ST/STM32_WPAN/interface/patterns/ble_thread/tl/tl_mbox.o
                0x0000000008002ef4                TL_TRACES_Init
 .text.TL_TRACES_EvtReceived
                0x0000000008002f14        0x2 ./Middlewares/ST/STM32_WPAN/interface/patterns/ble_thread/tl/tl_mbox.o
                0x0000000008002f14                TL_TRACES_EvtReceived
 *fill*         0x0000000008002f16        0x2 
 .text.HW_IPCC_TRACES_EvtNot
                0x0000000008002f18       0x24 ./Middlewares/ST/STM32_WPAN/interface/patterns/ble_thread/tl/tl_mbox.o
                0x0000000008002f18                HW_IPCC_TRACES_EvtNot
 .text.OTP_Read
                0x0000000008002f3c       0x20 ./Middlewares/ST/STM32_WPAN/utilities/otp.o
                0x0000000008002f3c                OTP_Read
 .text.LST_init_head
                0x0000000008002f5c        0x6 ./Middlewares/ST/STM32_WPAN/utilities/stm_list.o
                0x0000000008002f5c                LST_init_head
 .text.LST_is_empty
                0x0000000008002f62       0x14 ./Middlewares/ST/STM32_WPAN/utilities/stm_list.o
                0x0000000008002f62                LST_is_empty
 .text.LST_insert_head
                0x0000000008002f76       0x18 ./Middlewares/ST/STM32_WPAN/utilities/stm_list.o
                0x0000000008002f76                LST_insert_head
 .text.LST_insert_tail
                0x0000000008002f8e       0x18 ./Middlewares/ST/STM32_WPAN/utilities/stm_list.o
                0x0000000008002f8e                LST_insert_tail
 .text.LST_remove_node
                0x0000000008002fa6       0x16 ./Middlewares/ST/STM32_WPAN/utilities/stm_list.o
                0x0000000008002fa6                LST_remove_node
 .text.LST_remove_head
                0x0000000008002fbc       0x18 ./Middlewares/ST/STM32_WPAN/utilities/stm_list.o
                0x0000000008002fbc                LST_remove_head
 .text.Adv_Cancel
                0x0000000008002fd4       0x1c ./STM32_WPAN/App/app_ble.o
 .text.BLE_UserEvtRx
                0x0000000008002ff0       0x16 ./STM32_WPAN/App/app_ble.o
 .text.BLE_StatusNot
                0x0000000008003006       0x14 ./STM32_WPAN/App/app_ble.o
 *fill*         0x000000000800301a        0x2 
 .text.Adv_Request.constprop.0
                0x000000000800301c       0x3c ./STM32_WPAN/App/app_ble.o
 .text.APP_BLE_Init
                0x0000000008003058      0x1a0 ./STM32_WPAN/App/app_ble.o
                0x0000000008003058                APP_BLE_Init
 .text.SVCCTL_App_Notification
                0x00000000080031f8       0x98 ./STM32_WPAN/App/app_ble.o
                0x00000000080031f8                SVCCTL_App_Notification
 .text.hci_notify_asynch_evt
                0x0000000008003290        0x8 ./STM32_WPAN/App/app_ble.o
                0x0000000008003290                hci_notify_asynch_evt
 .text.hci_cmd_resp_release
                0x0000000008003298        0x6 ./STM32_WPAN/App/app_ble.o
                0x0000000008003298                hci_cmd_resp_release
 .text.hci_cmd_resp_wait
                0x000000000800329e        0x6 ./STM32_WPAN/App/app_ble.o
                0x000000000800329e                hci_cmd_resp_wait
 .text.Custom_APP_Notification
                0x00000000080032a4        0x2 ./STM32_WPAN/App/custom_app.o
                0x00000000080032a4                Custom_APP_Notification
 .text.Custom_APP_Init
                0x00000000080032a6        0x2 ./STM32_WPAN/App/custom_app.o
                0x00000000080032a6                Custom_APP_Init
 .text.Custom_STM_Event_Handler
                0x00000000080032a8       0x3c ./STM32_WPAN/App/custom_stm.o
 .text.SVCCTL_InitCustomSvc
                0x00000000080032e4       0xfc ./STM32_WPAN/App/custom_stm.o
                0x00000000080032e4                SVCCTL_InitCustomSvc
 .text.HW_IPCC_Enable
                0x00000000080033e0       0x50 ./STM32_WPAN/Target/hw_ipcc.o
                0x00000000080033e0                HW_IPCC_Enable
 .text.HW_IPCC_Init
                0x0000000008003430       0x40 ./STM32_WPAN/Target/hw_ipcc.o
                0x0000000008003430                HW_IPCC_Init
 .text.HW_IPCC_BLE_Init
                0x0000000008003470       0x10 ./STM32_WPAN/Target/hw_ipcc.o
                0x0000000008003470                HW_IPCC_BLE_Init
 .text.HW_IPCC_BLE_SendCmd
                0x0000000008003480       0x10 ./STM32_WPAN/Target/hw_ipcc.o
                0x0000000008003480                HW_IPCC_BLE_SendCmd
 .text.HW_IPCC_SYS_Init
                0x0000000008003490       0x10 ./STM32_WPAN/Target/hw_ipcc.o
                0x0000000008003490                HW_IPCC_SYS_Init
 .text.HW_IPCC_SYS_SendCmd
                0x00000000080034a0       0x18 ./STM32_WPAN/Target/hw_ipcc.o
                0x00000000080034a0                HW_IPCC_SYS_SendCmd
 .text.HW_IPCC_Tx_Handler
                0x00000000080034b8       0x64 ./STM32_WPAN/Target/hw_ipcc.o
                0x00000000080034b8                HW_IPCC_Tx_Handler
 .text.HW_IPCC_MM_SendFreeBuf
                0x000000000800351c       0x2c ./STM32_WPAN/Target/hw_ipcc.o
                0x000000000800351c                HW_IPCC_MM_SendFreeBuf
 .text.HW_IPCC_TRACES_Init
                0x0000000008003548       0x10 ./STM32_WPAN/Target/hw_ipcc.o
                0x0000000008003548                HW_IPCC_TRACES_Init
 .text.HW_IPCC_Rx_Handler
                0x0000000008003558       0x48 ./STM32_WPAN/Target/hw_ipcc.o
                0x0000000008003558                HW_IPCC_Rx_Handler
 .text.UTIL_LPM_Init
                0x00000000080035a0       0x14 ./Utilities/lpm/tiny_lpm/stm32_lpm.o
                0x00000000080035a0                UTIL_LPM_Init
 .text.UTIL_LPM_SetOffMode
                0x00000000080035b4       0x2c ./Utilities/lpm/tiny_lpm/stm32_lpm.o
                0x00000000080035b4                UTIL_LPM_SetOffMode
 .text.UTIL_SEQ_SetTask
                0x00000000080035e0       0x2c ./Utilities/sequencer/stm32_seq.o
                0x00000000080035e0                UTIL_SEQ_SetTask
 .text.UTIL_SEQ_PauseTask
                0x000000000800360c       0x1c ./Utilities/sequencer/stm32_seq.o
                0x000000000800360c                UTIL_SEQ_PauseTask
 .text.UTIL_SEQ_ResumeTask
                0x0000000008003628       0x18 ./Utilities/sequencer/stm32_seq.o
                0x0000000008003628                UTIL_SEQ_ResumeTask
 .text.UTIL_SEQ_SetEvt
                0x0000000008003640       0x18 ./Utilities/sequencer/stm32_seq.o
                0x0000000008003640                UTIL_SEQ_SetEvt
 .text.UTIL_SEQ_PreIdle
                0x0000000008003658        0x2 ./Utilities/sequencer/stm32_seq.o
                0x0000000008003658                UTIL_SEQ_PreIdle
 .text.UTIL_SEQ_PostIdle
                0x000000000800365a        0x2 ./Utilities/sequencer/stm32_seq.o
                0x000000000800365a                UTIL_SEQ_PostIdle
 .text.SEQ_BitPosition
                0x000000000800365c       0x40 ./Utilities/sequencer/stm32_seq.o
                0x000000000800365c                SEQ_BitPosition
 .text.UTIL_SEQ_Run
                0x000000000800369c      0x128 ./Utilities/sequencer/stm32_seq.o
                0x000000000800369c                UTIL_SEQ_Run
 .text.UTIL_SEQ_WaitEvt
                0x00000000080037c4       0x64 ./Utilities/sequencer/stm32_seq.o
                0x00000000080037c4                UTIL_SEQ_WaitEvt
 .text.UTIL_SEQ_RegTask
                0x0000000008003828       0x20 ./Utilities/sequencer/stm32_seq.o
                0x0000000008003828                UTIL_SEQ_RegTask
 .text.__libc_init_array
                0x0000000008003848       0x48 c:/st/stm32cubeide_1.9.0/stm32cubeide/plugins/com.st.stm32cube.ide.mcu.externaltools.gnu-tools-for-stm32.10.3-2021.10.win32_1.0.100.202210260954/tools/bin/../lib/gcc/arm-none-eabi/10.3.1/../../../../arm-none-eabi/lib/thumb/v7e-m+fp/hard\libc_nano.a(lib_a-init.o)
                0x0000000008003848                __libc_init_array
 .text.memcpy   0x0000000008003890       0x1c c:/st/stm32cubeide_1.9.0/stm32cubeide/plugins/com.st.stm32cube.ide.mcu.externaltools.gnu-tools-for-stm32.10.3-2021.10.win32_1.0.100.202210260954/tools/bin/../lib/gcc/arm-none-eabi/10.3.1/../../../../arm-none-eabi/lib/thumb/v7e-m+fp/hard\libc_nano.a(lib_a-memcpy-stub.o)
                0x0000000008003890                memcpy
 .text.memset   0x00000000080038ac       0x10 c:/st/stm32cubeide_1.9.0/stm32cubeide/plugins/com.st.stm32cube.ide.mcu.externaltools.gnu-tools-for-stm32.10.3-2021.10.win32_1.0.100.202210260954/tools/bin/../lib/gcc/arm-none-eabi/10.3.1/../../../../arm-none-eabi/lib/thumb/v7e-m+fp/hard\libc_nano.a(lib_a-memset.o)
                0x00000000080038ac                memset
 *(.glue_7)
 .glue_7        0x00000000080038bc        0x0 linker stubs
 *(.glue_7t)
 .glue_7t       0x00000000080038bc        0x0 linker stubs
 *(.eh_frame)
 .eh_frame      0x00000000080038bc        0x0 c:/st/stm32cubeide_1.9.0/stm32cubeide/plugins/com.st.stm32cube.ide.mcu.externaltools.gnu-tools-for-stm32.10.3-2021.10.win32_1.0.100.202210260954/tools/bin/../lib/gcc/arm-none-eabi/10.3.1/thumb/v7e-m+fp/hard/crtbegin.o
 *(.init)
 .init          0x00000000080038bc        0x4 c:/st/stm32cubeide_1.9.0/stm32cubeide/plugins/com.st.stm32cube.ide.mcu.externaltools.gnu-tools-for-stm32.10.3-2021.10.win32_1.0.100.202210260954/tools/bin/../lib/gcc/arm-none-eabi/10.3.1/thumb/v7e-m+fp/hard/crti.o
                0x00000000080038bc                _init
 .init          0x00000000080038c0        0x8 c:/st/stm32cubeide_1.9.0/stm32cubeide/plugins/com.st.stm32cube.ide.mcu.externaltools.gnu-tools-for-stm32.10.3-2021.10.win32_1.0.100.202210260954/tools/bin/../lib/gcc/arm-none-eabi/10.3.1/thumb/v7e-m+fp/hard/crtn.o
 *(.fini)
 .fini          0x00000000080038c8        0x4 c:/st/stm32cubeide_1.9.0/stm32cubeide/plugins/com.st.stm32cube.ide.mcu.externaltools.gnu-tools-for-stm32.10.3-2021.10.win32_1.0.100.202210260954/tools/bin/../lib/gcc/arm-none-eabi/10.3.1/thumb/v7e-m+fp/hard/crti.o
                0x00000000080038c8                _fini
 .fini          0x00000000080038cc        0x8 c:/st/stm32cubeide_1.9.0/stm32cubeide/plugins/com.st.stm32cube.ide.mcu.externaltools.gnu-tools-for-stm32.10.3-2021.10.win32_1.0.100.202210260954/tools/bin/../lib/gcc/arm-none-eabi/10.3.1/thumb/v7e-m+fp/hard/crtn.o
                0x00000000080038d4                . = ALIGN (0x4)
                0x00000000080038d4                _etext = .

.vfp11_veneer   0x00000000080038d4        0x0
 .vfp11_veneer  0x00000000080038d4        0x0 linker stubs

.v4_bx          0x00000000080038d4        0x0
 .v4_bx         0x00000000080038d4        0x0 linker stubs

.iplt           0x00000000080038d4        0x0
 .iplt          0x00000000080038d4        0x0 c:/st/stm32cubeide_1.9.0/stm32cubeide/plugins/com.st.stm32cube.ide.mcu.externaltools.gnu-tools-for-stm32.10.3-2021.10.win32_1.0.100.202210260954/tools/bin/../lib/gcc/arm-none-eabi/10.3.1/thumb/v7e-m+fp/hard/crtbegin.o

.rodata         0x00000000080038d4      0x268
                0x00000000080038d4                . = ALIGN (0x4)
 *(.rodata)
 .rodata        0x00000000080038d4       0x1b ./Core/Src/app_debug.o
 *fill*         0x00000000080038ef        0x1 
 .rodata        0x00000000080038f0       0x20 ./Drivers/STM32WBxx_HAL_Driver/Src/stm32wbxx_hal_rcc.o
 .rodata        0x0000000008003910       0x39 ./STM32_WPAN/App/app_ble.o
 *(.rodata*)
 .rodata.aGpioConfigList
                0x0000000008003949      0x130 ./Core/Src/app_debug.o
 *fill*         0x0000000008003a79        0x3 
 .rodata.AHBPrescTable
                0x0000000008003a7c       0x40 ./Core/Src/system_stm32wbxx.o
                0x0000000008003a7c                AHBPrescTable
 .rodata.MSIRangeTable
                0x0000000008003abc       0x40 ./Core/Src/system_stm32wbxx.o
                0x0000000008003abc                MSIRangeTable
 .rodata.APP_BLE_Init.str1.1
                0x0000000008003afc        0x9 ./STM32_WPAN/App/app_ble.o
 .rodata.a_BLE_CfgErValue
                0x0000000008003b05       0x10 ./STM32_WPAN/App/app_ble.o
 .rodata.a_BLE_CfgIrValue
                0x0000000008003b15       0x10 ./STM32_WPAN/App/app_ble.o
 .rodata.a_MBdAddr
                0x0000000008003b25        0x6 ./STM32_WPAN/App/app_ble.o
 .rodata.SEQ_clz_table_4bit
                0x0000000008003b2b       0x10 ./Utilities/sequencer/stm32_seq.o
                0x0000000008003b2b                SEQ_clz_table_4bit
                0x0000000008003b3c                . = ALIGN (0x4)
 *fill*         0x0000000008003b3b        0x1 

.rel.dyn        0x0000000008003b3c        0x0
 .rel.iplt      0x0000000008003b3c        0x0 c:/st/stm32cubeide_1.9.0/stm32cubeide/plugins/com.st.stm32cube.ide.mcu.externaltools.gnu-tools-for-stm32.10.3-2021.10.win32_1.0.100.202210260954/tools/bin/../lib/gcc/arm-none-eabi/10.3.1/thumb/v7e-m+fp/hard/crtbegin.o

.ARM.extab
 *(.ARM.extab* .gnu.linkonce.armextab.*)

.ARM            0x0000000008003b3c        0x0
                0x0000000008003b3c                __exidx_start = .
 *(.ARM.exidx*)
                0x0000000008003b3c                __exidx_end = .

.preinit_array  0x0000000008003b3c        0x0
                0x0000000008003b3c                PROVIDE (__preinit_array_start = .)
 *(.preinit_array*)
                0x0000000008003b3c                PROVIDE (__preinit_array_end = .)

.init_array     0x0000000008003b3c        0x4
                0x0000000008003b3c                PROVIDE (__init_array_start = .)
 *(SORT_BY_NAME(.init_array.*))
 *(.init_array*)
 .init_array    0x0000000008003b3c        0x4 c:/st/stm32cubeide_1.9.0/stm32cubeide/plugins/com.st.stm32cube.ide.mcu.externaltools.gnu-tools-for-stm32.10.3-2021.10.win32_1.0.100.202210260954/tools/bin/../lib/gcc/arm-none-eabi/10.3.1/thumb/v7e-m+fp/hard/crtbegin.o
                0x0000000008003b40                PROVIDE (__init_array_end = .)

.fini_array     0x0000000008003b40        0x4
                [!provide]                        PROVIDE (__fini_array_start = .)
 *(SORT_BY_NAME(.fini_array.*))
 *(.fini_array*)
 .fini_array    0x0000000008003b40        0x4 c:/st/stm32cubeide_1.9.0/stm32cubeide/plugins/com.st.stm32cube.ide.mcu.externaltools.gnu-tools-for-stm32.10.3-2021.10.win32_1.0.100.202210260954/tools/bin/../lib/gcc/arm-none-eabi/10.3.1/thumb/v7e-m+fp/hard/crtbegin.o
                [!provide]                        PROVIDE (__fini_array_end = .)
                0x0000000008003b44                _sidata = LOADADDR (.data)

.data           0x0000000020000008       0x20 load address 0x0000000008003b44
                0x0000000020000008                . = ALIGN (0x4)
                0x0000000020000008                _sdata = .
 *(.data)
 *(.data*)
 .data.SystemCoreClock
                0x0000000020000008        0x4 ./Core/Src/system_stm32wbxx.o
                0x0000000020000008                SystemCoreClock
 .data.uwTickFreq
                0x000000002000000c        0x1 ./Drivers/STM32WBxx_HAL_Driver/Src/stm32wbxx_hal.o
                0x000000002000000c                uwTickFreq
 *fill*         0x000000002000000d        0x3 
 .data.uwTickPrio
                0x0000000020000010        0x4 ./Drivers/STM32WBxx_HAL_Driver/Src/stm32wbxx_hal.o
                0x0000000020000010                uwTickPrio
 .data.a_AdvData
                0x0000000020000014        0x9 ./STM32_WPAN/App/app_ble.o
                0x0000000020000014                a_AdvData
 .data.SizeMycharwrite
                0x000000002000001d        0x1 ./STM32_WPAN/App/custom_stm.o
                0x000000002000001d                SizeMycharwrite
 *fill*         0x000000002000001e        0x2 
 .data.SuperMask
                0x0000000020000020        0x4 ./Utilities/sequencer/stm32_seq.o
 .data.TaskMask
                0x0000000020000024        0x4 ./Utilities/sequencer/stm32_seq.o
 *(.RamFunc)
 *(.RamFunc*)
                0x0000000020000028                . = ALIGN (0x4)
                0x0000000020000028                _edata = .

.igot.plt       0x0000000020000028        0x0 load address 0x0000000008003b64
 .igot.plt      0x0000000020000028        0x0 c:/st/stm32cubeide_1.9.0/stm32cubeide/plugins/com.st.stm32cube.ide.mcu.externaltools.gnu-tools-for-stm32.10.3-2021.10.win32_1.0.100.202210260954/tools/bin/../lib/gcc/arm-none-eabi/10.3.1/thumb/v7e-m+fp/hard/crtbegin.o

MB_MEM2         0x0000000020000028      0x883 load address 0x0000000008003b64
 MB_MEM2        0x0000000020000028       0x14 ./Core/Src/app_debug.o
 MB_MEM2        0x000000002000003c      0x860 ./Core/Src/app_entry.o
 MB_MEM2        0x000000002000089c        0xf ./Middlewares/ST/STM32_WPAN/interface/patterns/ble_thread/tl/tl_mbox.o

BLE_DRIVER_CONTEXT
                0x00000000200008ac       0x32 load address 0x00000000080043e7
 BLE_DRIVER_CONTEXT
                0x00000000200008ac       0x21 ./Middlewares/ST/STM32_WPAN/ble/svc/Src/svc_ctl.o
                0x00000000200008ac                SVCCTL_EvtHandler
                0x00000000200008cc                SVCCTL_CltHandler
 *fill*         0x00000000200008cd        0x3 
 BLE_DRIVER_CONTEXT
                0x00000000200008d0        0xe ./Middlewares/ST/STM32_WPAN/interface/patterns/ble_thread/tl/hci_tl.o
                0x00000000200008dc                UserEventFlow

SYSTEM_DRIVER_CONTEXT
                0x00000000200008e0       0x11 load address 0x0000000008004419
 SYSTEM_DRIVER_CONTEXT
                0x00000000200008e0       0x11 ./Middlewares/ST/STM32_WPAN/interface/patterns/ble_thread/tl/shci_tl.o
                0x00000000200008f0                SHCI_TL_UserEventFlow
                0x00000000200008f4                . = ALIGN (0x4)

.bss            0x00000000200008f4      0x2c8 load address 0x000000000800442a
                0x00000000200008f4                _sbss = .
                0x00000000200008f4                __bss_start__ = _sbss
 *(.bss)
 .bss           0x00000000200008f4       0x1c c:/st/stm32cubeide_1.9.0/stm32cubeide/plugins/com.st.stm32cube.ide.mcu.externaltools.gnu-tools-for-stm32.10.3-2021.10.win32_1.0.100.202210260954/tools/bin/../lib/gcc/arm-none-eabi/10.3.1/thumb/v7e-m+fp/hard/crtbegin.o
 *(.bss*)
 .bss.AsynchPrescalerUserConfig
                0x0000000020000910        0x1 ./Core/Src/hw_timerserver.o
 .bss.CurrentRunningTimerID
                0x0000000020000911        0x1 ./Core/Src/hw_timerserver.o
 .bss.MaxWakeupTimerSetup
                0x0000000020000912        0x2 ./Core/Src/hw_timerserver.o
 .bss.PreviousRunningTimerID
                0x0000000020000914        0x1 ./Core/Src/hw_timerserver.o
 *fill*         0x0000000020000915        0x3 
 .bss.SSRValueOnLastSetup
                0x0000000020000918        0x4 ./Core/Src/hw_timerserver.o
 .bss.SynchPrescalerUserConfig
                0x000000002000091c        0x2 ./Core/Src/hw_timerserver.o
 .bss.WakeupTimerDivider
                0x000000002000091e        0x1 ./Core/Src/hw_timerserver.o
 .bss.WakeupTimerLimitation
                0x000000002000091f        0x1 ./Core/Src/hw_timerserver.o
 .bss.aTimerContext
                0x0000000020000920       0x90 ./Core/Src/hw_timerserver.o
 .bss.hipcc     0x00000000200009b0       0x3c ./Core/Src/main.o
                0x00000000200009b0                hipcc
 .bss.hrtc      0x00000000200009ec       0x24 ./Core/Src/main.o
                0x00000000200009ec                hrtc
 .bss.uwTick    0x0000000020000a10        0x4 ./Drivers/STM32WBxx_HAL_Driver/Src/stm32wbxx_hal.o
                0x0000000020000a10                uwTick
 .bss.HciCmdEventQueue
                0x0000000020000a14        0x8 ./Middlewares/ST/STM32_WPAN/interface/patterns/ble_thread/tl/hci_tl.o
 .bss.StatusNotCallBackFunction
                0x0000000020000a1c        0x4 ./Middlewares/ST/STM32_WPAN/interface/patterns/ble_thread/tl/hci_tl.o
 .bss.hciContext
                0x0000000020000a20       0x20 ./Middlewares/ST/STM32_WPAN/interface/patterns/ble_thread/tl/hci_tl.o
 .bss.StatusNotCallBackFunction
                0x0000000020000a40        0x4 ./Middlewares/ST/STM32_WPAN/interface/patterns/ble_thread/tl/shci_tl.o
 .bss.shciContext
                0x0000000020000a44       0x20 ./Middlewares/ST/STM32_WPAN/interface/patterns/ble_thread/tl/shci_tl.o
 .bss.BLE_IoBusAclDataTxAck
                0x0000000020000a64        0x4 ./Middlewares/ST/STM32_WPAN/interface/patterns/ble_thread/tl/tl_mbox.o
 .bss.BLE_IoBusEvtCallBackFunction
                0x0000000020000a68        0x4 ./Middlewares/ST/STM32_WPAN/interface/patterns/ble_thread/tl/tl_mbox.o
 .bss.LocalFreeBufQueue
                0x0000000020000a6c        0x8 ./Middlewares/ST/STM32_WPAN/interface/patterns/ble_thread/tl/tl_mbox.o
 .bss.SYS_CMD_IoBusCallBackFunction
                0x0000000020000a74        0x4 ./Middlewares/ST/STM32_WPAN/interface/patterns/ble_thread/tl/tl_mbox.o
 .bss.SYS_EVT_IoBusCallBackFunction
                0x0000000020000a78        0x4 ./Middlewares/ST/STM32_WPAN/interface/patterns/ble_thread/tl/tl_mbox.o
 .bss.BleApplicationContext
                0x0000000020000a7c       0x84 ./STM32_WPAN/App/app_ble.o
 .bss.HandleNotification
                0x0000000020000b00        0x4 ./STM32_WPAN/App/app_ble.o
                0x0000000020000b00                HandleNotification
 .bss.a_BdAddrUdn
                0x0000000020000b04        0x6 ./STM32_WPAN/App/app_ble.o
 .bss.CustomContext
                0x0000000020000b0a        0x4 ./STM32_WPAN/App/custom_stm.o
 *fill*         0x0000000020000b0e        0x2 
 .bss.FreeBufCb
                0x0000000020000b10        0x4 ./STM32_WPAN/Target/hw_ipcc.o
 .bss.OffModeDisable
                0x0000000020000b14        0x4 ./Utilities/lpm/tiny_lpm/stm32_lpm.o
 .bss.StopModeDisable
                0x0000000020000b18        0x4 ./Utilities/lpm/tiny_lpm/stm32_lpm.o
 .bss.CurrentTaskIdx
                0x0000000020000b1c        0x4 ./Utilities/sequencer/stm32_seq.o
 .bss.EvtSet    0x0000000020000b20        0x4 ./Utilities/sequencer/stm32_seq.o
 .bss.EvtWaited
                0x0000000020000b24        0x4 ./Utilities/sequencer/stm32_seq.o
 .bss.TaskCb    0x0000000020000b28       0x80 ./Utilities/sequencer/stm32_seq.o
 .bss.TaskPrio  0x0000000020000ba8       0x10 ./Utilities/sequencer/stm32_seq.o
 .bss.TaskSet   0x0000000020000bb8        0x4 ./Utilities/sequencer/stm32_seq.o
 *(COMMON)
                0x0000000020000bbc                . = ALIGN (0x4)
                0x0000000020000bbc                _ebss = .
                0x0000000020000bbc                __bss_end__ = _ebss

._user_heap_stack
                0x0000000020000bbc      0x604 load address 0x000000000800442a
                0x0000000020000bc0                . = ALIGN (0x8)
 *fill*         0x0000000020000bbc        0x4 
                [!provide]                        PROVIDE (end = .)
                0x0000000020000bc0                PROVIDE (_end = .)
                0x0000000020000dc0                . = (. + _Min_Heap_Size)
 *fill*         0x0000000020000bc0      0x200 
                0x00000000200011c0                . = (. + _Min_Stack_Size)
 *fill*         0x0000000020000dc0      0x400 
                0x00000000200011c0                . = ALIGN (0x8)

/DISCARD/
 libc.a(*)
 libm.a(*)
 libgcc.a(*)

.ARM.attributes
                0x0000000000000000       0x30
 *(.ARM.attributes)
 .ARM.attributes
                0x0000000000000000       0x1e c:/st/stm32cubeide_1.9.0/stm32cubeide/plugins/com.st.stm32cube.ide.mcu.externaltools.gnu-tools-for-stm32.10.3-2021.10.win32_1.0.100.202210260954/tools/bin/../lib/gcc/arm-none-eabi/10.3.1/thumb/v7e-m+fp/hard/crti.o
 .ARM.attributes
                0x000000000000001e       0x34 c:/st/stm32cubeide_1.9.0/stm32cubeide/plugins/com.st.stm32cube.ide.mcu.externaltools.gnu-tools-for-stm32.10.3-2021.10.win32_1.0.100.202210260954/tools/bin/../lib/gcc/arm-none-eabi/10.3.1/thumb/v7e-m+fp/hard/crtbegin.o
 .ARM.attributes
                0x0000000000000052       0x34 ./Core/Src/app_debug.o
 .ARM.attributes
                0x0000000000000086       0x34 ./Core/Src/app_entry.o
 .ARM.attributes
                0x00000000000000ba       0x34 ./Core/Src/hw_timerserver.o
 .ARM.attributes
                0x00000000000000ee       0x34 ./Core/Src/main.o
 .ARM.attributes
                0x0000000000000122       0x34 ./Core/Src/stm32wbxx_hal_msp.o
 .ARM.attributes
                0x0000000000000156       0x34 ./Core/Src/stm32wbxx_it.o
 .ARM.attributes
                0x000000000000018a       0x34 ./Core/Src/system_stm32wbxx.o
 .ARM.attributes
                0x00000000000001be       0x21 ./Core/Startup/startup_stm32wb55rgvx.o
 .ARM.attributes
                0x00000000000001df       0x34 ./Drivers/STM32WBxx_HAL_Driver/Src/stm32wbxx_hal.o
 .ARM.attributes
                0x0000000000000213       0x34 ./Drivers/STM32WBxx_HAL_Driver/Src/stm32wbxx_hal_cortex.o
 .ARM.attributes
                0x0000000000000247       0x34 ./Drivers/STM32WBxx_HAL_Driver/Src/stm32wbxx_hal_gpio.o
 .ARM.attributes
                0x000000000000027b       0x34 ./Drivers/STM32WBxx_HAL_Driver/Src/stm32wbxx_hal_hsem.o
 .ARM.attributes
                0x00000000000002af       0x34 ./Drivers/STM32WBxx_HAL_Driver/Src/stm32wbxx_hal_ipcc.o
 .ARM.attributes
                0x00000000000002e3       0x34 ./Drivers/STM32WBxx_HAL_Driver/Src/stm32wbxx_hal_pwr.o
 .ARM.attributes
                0x0000000000000317       0x34 ./Drivers/STM32WBxx_HAL_Driver/Src/stm32wbxx_hal_pwr_ex.o
 .ARM.attributes
                0x000000000000034b       0x34 ./Drivers/STM32WBxx_HAL_Driver/Src/stm32wbxx_hal_rcc.o
 .ARM.attributes
                0x000000000000037f       0x34 ./Drivers/STM32WBxx_HAL_Driver/Src/stm32wbxx_hal_rcc_ex.o
 .ARM.attributes
                0x00000000000003b3       0x34 ./Drivers/STM32WBxx_HAL_Driver/Src/stm32wbxx_hal_rtc.o
 .ARM.attributes
                0x00000000000003e7       0x34 ./Drivers/STM32WBxx_HAL_Driver/Src/stm32wbxx_hal_rtc_ex.o
 .ARM.attributes
                0x000000000000041b       0x34 ./Middlewares/ST/STM32_WPAN/ble/core/auto/ble_gap_aci.o
 .ARM.attributes
                0x000000000000044f       0x34 ./Middlewares/ST/STM32_WPAN/ble/core/auto/ble_gatt_aci.o
 .ARM.attributes
                0x0000000000000483       0x34 ./Middlewares/ST/STM32_WPAN/ble/core/auto/ble_hal_aci.o
 .ARM.attributes
                0x00000000000004b7       0x34 ./Middlewares/ST/STM32_WPAN/ble/core/auto/ble_hci_le.o
 .ARM.attributes
                0x00000000000004eb       0x34 ./Middlewares/ST/STM32_WPAN/ble/core/template/osal.o
 .ARM.attributes
                0x000000000000051f       0x34 ./Middlewares/ST/STM32_WPAN/ble/svc/Src/svc_ctl.o
 .ARM.attributes
                0x0000000000000553       0x34 ./Middlewares/ST/STM32_WPAN/interface/patterns/ble_thread/shci/shci.o
 .ARM.attributes
                0x0000000000000587       0x34 ./Middlewares/ST/STM32_WPAN/interface/patterns/ble_thread/tl/hci_tl.o
 .ARM.attributes
                0x00000000000005bb       0x34 ./Middlewares/ST/STM32_WPAN/interface/patterns/ble_thread/tl/hci_tl_if.o
 .ARM.attributes
                0x00000000000005ef       0x34 ./Middlewares/ST/STM32_WPAN/interface/patterns/ble_thread/tl/shci_tl.o
 .ARM.attributes
                0x0000000000000623       0x34 ./Middlewares/ST/STM32_WPAN/interface/patterns/ble_thread/tl/shci_tl_if.o
 .ARM.attributes
                0x0000000000000657       0x34 ./Middlewares/ST/STM32_WPAN/interface/patterns/ble_thread/tl/tl_mbox.o
 .ARM.attributes
                0x000000000000068b       0x34 ./Middlewares/ST/STM32_WPAN/utilities/otp.o
 .ARM.attributes
                0x00000000000006bf       0x34 ./Middlewares/ST/STM32_WPAN/utilities/stm_list.o
 .ARM.attributes
                0x00000000000006f3       0x34 ./STM32_WPAN/App/app_ble.o
 .ARM.attributes
                0x0000000000000727       0x34 ./STM32_WPAN/App/custom_app.o
 .ARM.attributes
                0x000000000000075b       0x34 ./STM32_WPAN/App/custom_stm.o
 .ARM.attributes
                0x000000000000078f       0x34 ./STM32_WPAN/Target/hw_ipcc.o
 .ARM.attributes
                0x00000000000007c3       0x34 ./Utilities/lpm/tiny_lpm/stm32_lpm.o
 .ARM.attributes
                0x00000000000007f7       0x34 ./Utilities/sequencer/stm32_seq.o
 .ARM.attributes
                0x000000000000082b       0x34 c:/st/stm32cubeide_1.9.0/stm32cubeide/plugins/com.st.stm32cube.ide.mcu.externaltools.gnu-tools-for-stm32.10.3-2021.10.win32_1.0.100.202210260954/tools/bin/../lib/gcc/arm-none-eabi/10.3.1/../../../../arm-none-eabi/lib/thumb/v7e-m+fp/hard\libc_nano.a(lib_a-init.o)
 .ARM.attributes
                0x000000000000085f       0x34 c:/st/stm32cubeide_1.9.0/stm32cubeide/plugins/com.st.stm32cube.ide.mcu.externaltools.gnu-tools-for-stm32.10.3-2021.10.win32_1.0.100.202210260954/tools/bin/../lib/gcc/arm-none-eabi/10.3.1/../../../../arm-none-eabi/lib/thumb/v7e-m+fp/hard\libc_nano.a(lib_a-memcpy-stub.o)
 .ARM.attributes
                0x0000000000000893       0x34 c:/st/stm32cubeide_1.9.0/stm32cubeide/plugins/com.st.stm32cube.ide.mcu.externaltools.gnu-tools-for-stm32.10.3-2021.10.win32_1.0.100.202210260954/tools/bin/../lib/gcc/arm-none-eabi/10.3.1/../../../../arm-none-eabi/lib/thumb/v7e-m+fp/hard\libc_nano.a(lib_a-memset.o)
 .ARM.attributes
                0x00000000000008c7       0x1e c:/st/stm32cubeide_1.9.0/stm32cubeide/plugins/com.st.stm32cube.ide.mcu.externaltools.gnu-tools-for-stm32.10.3-2021.10.win32_1.0.100.202210260954/tools/bin/../lib/gcc/arm-none-eabi/10.3.1/thumb/v7e-m+fp/hard/crtn.o

MAPPING_TABLE   0x0000000020030000       0x28
 *(MAPPING_TABLE)
 MAPPING_TABLE  0x0000000020030000       0x28 ./Middlewares/ST/STM32_WPAN/interface/patterns/ble_thread/tl/tl_mbox.o

MB_MEM1         0x0000000020030028      0x1bb
 *(MB_MEM1)
 MB_MEM1        0x0000000020030028       0xb0 ./Middlewares/ST/STM32_WPAN/interface/patterns/ble_thread/tl/tl_mbox.o
 MB_MEM1        0x00000000200300d8      0x10b ./STM32_WPAN/App/app_ble.o
                0x000000000800442a                _siMB_MEM2 = LOADADDR (.MB_MEM2)

.MB_MEM2        0x00000000200301e3        0x0 load address 0x000000000800442a
                0x00000000200301e3                _sMB_MEM2 = .
 *(.MB_MEM2)
                0x00000000200301e3                _eMB_MEM2 = .
OUTPUT(myProj_WB.elf elf32-littlearm)
LOAD linker stubs
LOAD c:/st/stm32cubeide_1.9.0/stm32cubeide/plugins/com.st.stm32cube.ide.mcu.externaltools.gnu-tools-for-stm32.10.3-2021.10.win32_1.0.100.202210260954/tools/bin/../lib/gcc/arm-none-eabi/10.3.1/../../../../arm-none-eabi/lib/thumb/v7e-m+fp/hard\libc.a
LOAD c:/st/stm32cubeide_1.9.0/stm32cubeide/plugins/com.st.stm32cube.ide.mcu.externaltools.gnu-tools-for-stm32.10.3-2021.10.win32_1.0.100.202210260954/tools/bin/../lib/gcc/arm-none-eabi/10.3.1/../../../../arm-none-eabi/lib/thumb/v7e-m+fp/hard\libm.a
LOAD c:/st/stm32cubeide_1.9.0/stm32cubeide/plugins/com.st.stm32cube.ide.mcu.externaltools.gnu-tools-for-stm32.10.3-2021.10.win32_1.0.100.202210260954/tools/bin/../lib/gcc/arm-none-eabi/10.3.1/thumb/v7e-m+fp/hard\libgcc.a

.comment        0x0000000000000000       0x50
 .comment       0x0000000000000000       0x50 ./Core/Src/app_debug.o
                                         0x51 (size before relaxing)
 .comment       0x0000000000000050       0x51 ./Core/Src/app_entry.o
 .comment       0x0000000000000050       0x51 ./Core/Src/hw_timerserver.o
 .comment       0x0000000000000050       0x51 ./Core/Src/main.o
 .comment       0x0000000000000050       0x51 ./Core/Src/stm32wbxx_hal_msp.o
 .comment       0x0000000000000050       0x51 ./Core/Src/stm32wbxx_it.o
 .comment       0x0000000000000050       0x51 ./Core/Src/system_stm32wbxx.o
 .comment       0x0000000000000050       0x51 ./Drivers/STM32WBxx_HAL_Driver/Src/stm32wbxx_hal.o
 .comment       0x0000000000000050       0x51 ./Drivers/STM32WBxx_HAL_Driver/Src/stm32wbxx_hal_cortex.o
 .comment       0x0000000000000050       0x51 ./Drivers/STM32WBxx_HAL_Driver/Src/stm32wbxx_hal_gpio.o
 .comment       0x0000000000000050       0x51 ./Drivers/STM32WBxx_HAL_Driver/Src/stm32wbxx_hal_hsem.o
 .comment       0x0000000000000050       0x51 ./Drivers/STM32WBxx_HAL_Driver/Src/stm32wbxx_hal_ipcc.o
 .comment       0x0000000000000050       0x51 ./Drivers/STM32WBxx_HAL_Driver/Src/stm32wbxx_hal_pwr.o
 .comment       0x0000000000000050       0x51 ./Drivers/STM32WBxx_HAL_Driver/Src/stm32wbxx_hal_pwr_ex.o
 .comment       0x0000000000000050       0x51 ./Drivers/STM32WBxx_HAL_Driver/Src/stm32wbxx_hal_rcc.o
 .comment       0x0000000000000050       0x51 ./Drivers/STM32WBxx_HAL_Driver/Src/stm32wbxx_hal_rcc_ex.o
 .comment       0x0000000000000050       0x51 ./Drivers/STM32WBxx_HAL_Driver/Src/stm32wbxx_hal_rtc.o
 .comment       0x0000000000000050       0x51 ./Drivers/STM32WBxx_HAL_Driver/Src/stm32wbxx_hal_rtc_ex.o
 .comment       0x0000000000000050       0x51 ./Middlewares/ST/STM32_WPAN/ble/core/auto/ble_gap_aci.o
 .comment       0x0000000000000050       0x51 ./Middlewares/ST/STM32_WPAN/ble/core/auto/ble_gatt_aci.o
 .comment       0x0000000000000050       0x51 ./Middlewares/ST/STM32_WPAN/ble/core/auto/ble_hal_aci.o
 .comment       0x0000000000000050       0x51 ./Middlewares/ST/STM32_WPAN/ble/core/auto/ble_hci_le.o
 .comment       0x0000000000000050       0x51 ./Middlewares/ST/STM32_WPAN/ble/core/template/osal.o
 .comment       0x0000000000000050       0x51 ./Middlewares/ST/STM32_WPAN/ble/svc/Src/svc_ctl.o
 .comment       0x0000000000000050       0x51 ./Middlewares/ST/STM32_WPAN/interface/patterns/ble_thread/shci/shci.o
 .comment       0x0000000000000050       0x51 ./Middlewares/ST/STM32_WPAN/interface/patterns/ble_thread/tl/hci_tl.o
 .comment       0x0000000000000050       0x51 ./Middlewares/ST/STM32_WPAN/interface/patterns/ble_thread/tl/hci_tl_if.o
 .comment       0x0000000000000050       0x51 ./Middlewares/ST/STM32_WPAN/interface/patterns/ble_thread/tl/shci_tl.o
 .comment       0x0000000000000050       0x51 ./Middlewares/ST/STM32_WPAN/interface/patterns/ble_thread/tl/shci_tl_if.o
 .comment       0x0000000000000050       0x51 ./Middlewares/ST/STM32_WPAN/interface/patterns/ble_thread/tl/tl_mbox.o
 .comment       0x0000000000000050       0x51 ./Middlewares/ST/STM32_WPAN/utilities/otp.o
 .comment       0x0000000000000050       0x51 ./Middlewares/ST/STM32_WPAN/utilities/stm_list.o
 .comment       0x0000000000000050       0x51 ./STM32_WPAN/App/app_ble.o
 .comment       0x0000000000000050       0x51 ./STM32_WPAN/App/custom_app.o
 .comment       0x0000000000000050       0x51 ./STM32_WPAN/App/custom_stm.o
 .comment       0x0000000000000050       0x51 ./STM32_WPAN/Target/hw_ipcc.o
 .comment       0x0000000000000050       0x51 ./Utilities/lpm/tiny_lpm/stm32_lpm.o
 .comment       0x0000000000000050       0x51 ./Utilities/sequencer/stm32_seq.o

.debug_frame    0x0000000000000000       0x74
 .debug_frame   0x0000000000000000       0x2c c:/st/stm32cubeide_1.9.0/stm32cubeide/plugins/com.st.stm32cube.ide.mcu.externaltools.gnu-tools-for-stm32.10.3-2021.10.win32_1.0.100.202210260954/tools/bin/../lib/gcc/arm-none-eabi/10.3.1/../../../../arm-none-eabi/lib/thumb/v7e-m+fp/hard\libc_nano.a(lib_a-init.o)
 .debug_frame   0x000000000000002c       0x28 c:/st/stm32cubeide_1.9.0/stm32cubeide/plugins/com.st.stm32cube.ide.mcu.externaltools.gnu-tools-for-stm32.10.3-2021.10.win32_1.0.100.202210260954/tools/bin/../lib/gcc/arm-none-eabi/10.3.1/../../../../arm-none-eabi/lib/thumb/v7e-m+fp/hard\libc_nano.a(lib_a-memcpy-stub.o)
 .debug_frame   0x0000000000000054       0x20 c:/st/stm32cubeide_1.9.0/stm32cubeide/plugins/com.st.stm32cube.ide.mcu.externaltools.gnu-tools-for-stm32.10.3-2021.10.win32_1.0.100.202210260954/tools/bin/../lib/gcc/arm-none-eabi/10.3.1/../../../../arm-none-eabi/lib/thumb/v7e-m+fp/hard\libc_nano.a(lib_a-memset.o)
